
*** Running vivado
    with args -log ps_dma_fft_xbar_0.vds -m64 -product Vivado -mode batch -messageDb vivado.pb -notrace -source ps_dma_fft_xbar_0.tcl



****** Vivado v2023.1 (64-bit)
  **** SW Build 3865809 on Sun May  7 15:05:29 MDT 2023
  **** IP Build 3864474 on Sun May  7 20:36:21 MDT 2023
  **** SharedData Build 3865790 on Sun May 07 13:33:03 MDT 2023
    ** Copyright 1986-2022 Xilinx, Inc. All Rights Reserved.
    ** Copyright 2022-2023 Advanced Micro Devices, Inc. All Rights Reserved.

source ps_dma_fft_xbar_0.tcl -notrace
create_project: Time (s): cpu = 00:00:00 ; elapsed = 00:00:08 . Memory (MB): peak = 1380.578 ; gain = 158.418
INFO: [IP_Flow 19-6924] IPCACHE: Running cache check for IP inst: ps_dma_fft_xbar_0
Command: synth_design -top ps_dma_fft_xbar_0 -part xczu19eg_SE-ffvc1760-2-i -incremental_mode off -mode out_of_context
Starting synth_design
Attempting to get a license for feature 'Synthesis' and/or device 'xczu19eg_SE'
INFO: [Common 17-349] Got license for feature 'Synthesis' and/or device 'xczu19eg_SE'
INFO: [Device 21-403] Loading part xczu19eg_SE-ffvc1760-2-i
WARNING: [Device 21-425] Part: xczu19eg_se is not listed in special parts list.
INFO: [Synth 8-7079] Multithreading enabled for synth_design using a maximum of 2 processes.
INFO: [Synth 8-7078] Launching helper process for spawning children vivado processes
INFO: [Synth 8-7075] Helper process launched with PID 87564
---------------------------------------------------------------------------------
Starting RTL Elaboration : Time (s): cpu = 00:00:01 ; elapsed = 00:00:09 . Memory (MB): peak = 3016.426 ; gain = 357.992
---------------------------------------------------------------------------------
INFO: [Synth 8-6157] synthesizing module 'ps_dma_fft_xbar_0' [e:/vivao_workspace/fft_dma/719C_AXI_DMA_0915/719C_AXI_DMA_0915.gen/sources_1/bd/ps_dma_fft/ip/ps_dma_fft_xbar_0/synth/ps_dma_fft_xbar_0.v:53]
INFO: [Synth 8-6157] synthesizing module 'axi_crossbar_v2_1_29_axi_crossbar' [e:/vivao_workspace/fft_dma/719C_AXI_DMA_0915/719C_AXI_DMA_0915.gen/sources_1/bd/ps_dma_fft/ipshared/f8f3/hdl/axi_crossbar_v2_1_vl_rfs.v:4883]
INFO: [Synth 8-6157] synthesizing module 'axi_crossbar_v2_1_29_crossbar' [e:/vivao_workspace/fft_dma/719C_AXI_DMA_0915/719C_AXI_DMA_0915.gen/sources_1/bd/ps_dma_fft/ipshared/f8f3/hdl/axi_crossbar_v2_1_vl_rfs.v:2238]
INFO: [Synth 8-6157] synthesizing module 'axi_crossbar_v2_1_29_si_transactor' [e:/vivao_workspace/fft_dma/719C_AXI_DMA_0915/719C_AXI_DMA_0915.gen/sources_1/bd/ps_dma_fft/ipshared/f8f3/hdl/axi_crossbar_v2_1_vl_rfs.v:3799]
INFO: [Synth 8-6157] synthesizing module 'axi_crossbar_v2_1_29_addr_decoder' [e:/vivao_workspace/fft_dma/719C_AXI_DMA_0915/719C_AXI_DMA_0915.gen/sources_1/bd/ps_dma_fft/ipshared/f8f3/hdl/axi_crossbar_v2_1_vl_rfs.v:793]
INFO: [Synth 8-6157] synthesizing module 'generic_baseblocks_v2_1_0_comparator_static' [e:/vivao_workspace/fft_dma/719C_AXI_DMA_0915/719C_AXI_DMA_0915.gen/sources_1/bd/ps_dma_fft/ipshared/b752/hdl/generic_baseblocks_v2_1_vl_rfs.v:2132]
INFO: [Synth 8-6157] synthesizing module 'generic_baseblocks_v2_1_0_carry_and' [e:/vivao_workspace/fft_dma/719C_AXI_DMA_0915/719C_AXI_DMA_0915.gen/sources_1/bd/ps_dma_fft/ipshared/b752/hdl/generic_baseblocks_v2_1_vl_rfs.v:61]
INFO: [Synth 8-6155] done synthesizing module 'generic_baseblocks_v2_1_0_carry_and' (0#1) [e:/vivao_workspace/fft_dma/719C_AXI_DMA_0915/719C_AXI_DMA_0915.gen/sources_1/bd/ps_dma_fft/ipshared/b752/hdl/generic_baseblocks_v2_1_vl_rfs.v:61]
INFO: [Synth 8-6155] done synthesizing module 'generic_baseblocks_v2_1_0_comparator_static' (0#1) [e:/vivao_workspace/fft_dma/719C_AXI_DMA_0915/719C_AXI_DMA_0915.gen/sources_1/bd/ps_dma_fft/ipshared/b752/hdl/generic_baseblocks_v2_1_vl_rfs.v:2132]
INFO: [Synth 8-6157] synthesizing module 'generic_baseblocks_v2_1_0_comparator_static__parameterized0' [e:/vivao_workspace/fft_dma/719C_AXI_DMA_0915/719C_AXI_DMA_0915.gen/sources_1/bd/ps_dma_fft/ipshared/b752/hdl/generic_baseblocks_v2_1_vl_rfs.v:2132]
INFO: [Synth 8-6155] done synthesizing module 'generic_baseblocks_v2_1_0_comparator_static__parameterized0' (0#1) [e:/vivao_workspace/fft_dma/719C_AXI_DMA_0915/719C_AXI_DMA_0915.gen/sources_1/bd/ps_dma_fft/ipshared/b752/hdl/generic_baseblocks_v2_1_vl_rfs.v:2132]
INFO: [Synth 8-6155] done synthesizing module 'axi_crossbar_v2_1_29_addr_decoder' (0#1) [e:/vivao_workspace/fft_dma/719C_AXI_DMA_0915/719C_AXI_DMA_0915.gen/sources_1/bd/ps_dma_fft/ipshared/f8f3/hdl/axi_crossbar_v2_1_vl_rfs.v:793]
INFO: [Synth 8-6157] synthesizing module 'axi_data_fifo_v2_1_27_axic_srl_fifo' [e:/vivao_workspace/fft_dma/719C_AXI_DMA_0915/719C_AXI_DMA_0915.gen/sources_1/bd/ps_dma_fft/ipshared/fab7/hdl/axi_data_fifo_v2_1_vl_rfs.v:697]
INFO: [Synth 8-6157] synthesizing module 'axi_data_fifo_v2_1_27_ndeep_srl' [e:/vivao_workspace/fft_dma/719C_AXI_DMA_0915/719C_AXI_DMA_0915.gen/sources_1/bd/ps_dma_fft/ipshared/fab7/hdl/axi_data_fifo_v2_1_vl_rfs.v:1134]
INFO: [Synth 8-6155] done synthesizing module 'axi_data_fifo_v2_1_27_ndeep_srl' (0#1) [e:/vivao_workspace/fft_dma/719C_AXI_DMA_0915/719C_AXI_DMA_0915.gen/sources_1/bd/ps_dma_fft/ipshared/fab7/hdl/axi_data_fifo_v2_1_vl_rfs.v:1134]
INFO: [Synth 8-6155] done synthesizing module 'axi_data_fifo_v2_1_27_axic_srl_fifo' (0#1) [e:/vivao_workspace/fft_dma/719C_AXI_DMA_0915/719C_AXI_DMA_0915.gen/sources_1/bd/ps_dma_fft/ipshared/fab7/hdl/axi_data_fifo_v2_1_vl_rfs.v:697]
INFO: [Synth 8-6157] synthesizing module 'axi_crossbar_v2_1_29_arbiter_resp' [e:/vivao_workspace/fft_dma/719C_AXI_DMA_0915/719C_AXI_DMA_0915.gen/sources_1/bd/ps_dma_fft/ipshared/f8f3/hdl/axi_crossbar_v2_1_vl_rfs.v:1024]
INFO: [Synth 8-6155] done synthesizing module 'axi_crossbar_v2_1_29_arbiter_resp' (0#1) [e:/vivao_workspace/fft_dma/719C_AXI_DMA_0915/719C_AXI_DMA_0915.gen/sources_1/bd/ps_dma_fft/ipshared/f8f3/hdl/axi_crossbar_v2_1_vl_rfs.v:1024]
INFO: [Synth 8-6157] synthesizing module 'generic_baseblocks_v2_1_0_mux_enc' [e:/vivao_workspace/fft_dma/719C_AXI_DMA_0915/719C_AXI_DMA_0915.gen/sources_1/bd/ps_dma_fft/ipshared/b752/hdl/generic_baseblocks_v2_1_vl_rfs.v:2451]
INFO: [Synth 8-6155] done synthesizing module 'generic_baseblocks_v2_1_0_mux_enc' (0#1) [e:/vivao_workspace/fft_dma/719C_AXI_DMA_0915/719C_AXI_DMA_0915.gen/sources_1/bd/ps_dma_fft/ipshared/b752/hdl/generic_baseblocks_v2_1_vl_rfs.v:2451]
INFO: [Synth 8-6155] done synthesizing module 'axi_crossbar_v2_1_29_si_transactor' (0#1) [e:/vivao_workspace/fft_dma/719C_AXI_DMA_0915/719C_AXI_DMA_0915.gen/sources_1/bd/ps_dma_fft/ipshared/f8f3/hdl/axi_crossbar_v2_1_vl_rfs.v:3799]
INFO: [Synth 8-6157] synthesizing module 'axi_crossbar_v2_1_29_si_transactor__parameterized0' [e:/vivao_workspace/fft_dma/719C_AXI_DMA_0915/719C_AXI_DMA_0915.gen/sources_1/bd/ps_dma_fft/ipshared/f8f3/hdl/axi_crossbar_v2_1_vl_rfs.v:3799]
INFO: [Synth 8-6157] synthesizing module 'generic_baseblocks_v2_1_0_mux_enc__parameterized0' [e:/vivao_workspace/fft_dma/719C_AXI_DMA_0915/719C_AXI_DMA_0915.gen/sources_1/bd/ps_dma_fft/ipshared/b752/hdl/generic_baseblocks_v2_1_vl_rfs.v:2451]
INFO: [Synth 8-6155] done synthesizing module 'generic_baseblocks_v2_1_0_mux_enc__parameterized0' (0#1) [e:/vivao_workspace/fft_dma/719C_AXI_DMA_0915/719C_AXI_DMA_0915.gen/sources_1/bd/ps_dma_fft/ipshared/b752/hdl/generic_baseblocks_v2_1_vl_rfs.v:2451]
INFO: [Synth 8-6155] done synthesizing module 'axi_crossbar_v2_1_29_si_transactor__parameterized0' (0#1) [e:/vivao_workspace/fft_dma/719C_AXI_DMA_0915/719C_AXI_DMA_0915.gen/sources_1/bd/ps_dma_fft/ipshared/f8f3/hdl/axi_crossbar_v2_1_vl_rfs.v:3799]
INFO: [Synth 8-6157] synthesizing module 'axi_crossbar_v2_1_29_splitter' [e:/vivao_workspace/fft_dma/719C_AXI_DMA_0915/719C_AXI_DMA_0915.gen/sources_1/bd/ps_dma_fft/ipshared/f8f3/hdl/axi_crossbar_v2_1_vl_rfs.v:4460]
INFO: [Synth 8-6155] done synthesizing module 'axi_crossbar_v2_1_29_splitter' (0#1) [e:/vivao_workspace/fft_dma/719C_AXI_DMA_0915/719C_AXI_DMA_0915.gen/sources_1/bd/ps_dma_fft/ipshared/f8f3/hdl/axi_crossbar_v2_1_vl_rfs.v:4460]
INFO: [Synth 8-6157] synthesizing module 'axi_crossbar_v2_1_29_wdata_router' [e:/vivao_workspace/fft_dma/719C_AXI_DMA_0915/719C_AXI_DMA_0915.gen/sources_1/bd/ps_dma_fft/ipshared/f8f3/hdl/axi_crossbar_v2_1_vl_rfs.v:4735]
INFO: [Synth 8-6157] synthesizing module 'axi_data_fifo_v2_1_27_axic_reg_srl_fifo' [e:/vivao_workspace/fft_dma/719C_AXI_DMA_0915/719C_AXI_DMA_0915.gen/sources_1/bd/ps_dma_fft/ipshared/fab7/hdl/axi_data_fifo_v2_1_vl_rfs.v:888]
INFO: [Synth 8-6157] synthesizing module 'axi_data_fifo_v2_1_27_ndeep_srl__parameterized0' [e:/vivao_workspace/fft_dma/719C_AXI_DMA_0915/719C_AXI_DMA_0915.gen/sources_1/bd/ps_dma_fft/ipshared/fab7/hdl/axi_data_fifo_v2_1_vl_rfs.v:1134]
INFO: [Synth 8-6155] done synthesizing module 'axi_data_fifo_v2_1_27_ndeep_srl__parameterized0' (0#1) [e:/vivao_workspace/fft_dma/719C_AXI_DMA_0915/719C_AXI_DMA_0915.gen/sources_1/bd/ps_dma_fft/ipshared/fab7/hdl/axi_data_fifo_v2_1_vl_rfs.v:1134]
INFO: [Synth 8-155] case statement is not full and has no default [e:/vivao_workspace/fft_dma/719C_AXI_DMA_0915/719C_AXI_DMA_0915.gen/sources_1/bd/ps_dma_fft/ipshared/fab7/hdl/axi_data_fifo_v2_1_vl_rfs.v:986]
INFO: [Synth 8-6155] done synthesizing module 'axi_data_fifo_v2_1_27_axic_reg_srl_fifo' (0#1) [e:/vivao_workspace/fft_dma/719C_AXI_DMA_0915/719C_AXI_DMA_0915.gen/sources_1/bd/ps_dma_fft/ipshared/fab7/hdl/axi_data_fifo_v2_1_vl_rfs.v:888]
INFO: [Synth 8-6155] done synthesizing module 'axi_crossbar_v2_1_29_wdata_router' (0#1) [e:/vivao_workspace/fft_dma/719C_AXI_DMA_0915/719C_AXI_DMA_0915.gen/sources_1/bd/ps_dma_fft/ipshared/f8f3/hdl/axi_crossbar_v2_1_vl_rfs.v:4735]
INFO: [Synth 8-6157] synthesizing module 'axi_data_fifo_v2_1_27_axic_srl_fifo__parameterized0' [e:/vivao_workspace/fft_dma/719C_AXI_DMA_0915/719C_AXI_DMA_0915.gen/sources_1/bd/ps_dma_fft/ipshared/fab7/hdl/axi_data_fifo_v2_1_vl_rfs.v:697]
INFO: [Synth 8-6155] done synthesizing module 'axi_data_fifo_v2_1_27_axic_srl_fifo__parameterized0' (0#1) [e:/vivao_workspace/fft_dma/719C_AXI_DMA_0915/719C_AXI_DMA_0915.gen/sources_1/bd/ps_dma_fft/ipshared/fab7/hdl/axi_data_fifo_v2_1_vl_rfs.v:697]
INFO: [Synth 8-6157] synthesizing module 'axi_crossbar_v2_1_29_wdata_mux' [e:/vivao_workspace/fft_dma/719C_AXI_DMA_0915/719C_AXI_DMA_0915.gen/sources_1/bd/ps_dma_fft/ipshared/f8f3/hdl/axi_crossbar_v2_1_vl_rfs.v:4560]
INFO: [Synth 8-6155] done synthesizing module 'axi_crossbar_v2_1_29_wdata_mux' (0#1) [e:/vivao_workspace/fft_dma/719C_AXI_DMA_0915/719C_AXI_DMA_0915.gen/sources_1/bd/ps_dma_fft/ipshared/f8f3/hdl/axi_crossbar_v2_1_vl_rfs.v:4560]
INFO: [Synth 8-6157] synthesizing module 'axi_register_slice_v2_1_28_axi_register_slice' [e:/vivao_workspace/fft_dma/719C_AXI_DMA_0915/719C_AXI_DMA_0915.gen/sources_1/bd/ps_dma_fft/ipshared/87d1/hdl/axi_register_slice_v2_1_vl_rfs.v:3725]
INFO: [Synth 8-6157] synthesizing module 'axi_infrastructure_v1_1_0_axi2vector' [e:/vivao_workspace/fft_dma/719C_AXI_DMA_0915/719C_AXI_DMA_0915.gen/sources_1/bd/ps_dma_fft/ipshared/ec67/hdl/axi_infrastructure_v1_1_vl_rfs.v:59]
INFO: [Synth 8-6155] done synthesizing module 'axi_infrastructure_v1_1_0_axi2vector' (0#1) [e:/vivao_workspace/fft_dma/719C_AXI_DMA_0915/719C_AXI_DMA_0915.gen/sources_1/bd/ps_dma_fft/ipshared/ec67/hdl/axi_infrastructure_v1_1_vl_rfs.v:59]
INFO: [Synth 8-6157] synthesizing module 'axi_infrastructure_v1_1_0_vector2axi' [e:/vivao_workspace/fft_dma/719C_AXI_DMA_0915/719C_AXI_DMA_0915.gen/sources_1/bd/ps_dma_fft/ipshared/ec67/hdl/axi_infrastructure_v1_1_vl_rfs.v:473]
INFO: [Synth 8-6155] done synthesizing module 'axi_infrastructure_v1_1_0_vector2axi' (0#1) [e:/vivao_workspace/fft_dma/719C_AXI_DMA_0915/719C_AXI_DMA_0915.gen/sources_1/bd/ps_dma_fft/ipshared/ec67/hdl/axi_infrastructure_v1_1_vl_rfs.v:473]
INFO: [Synth 8-6157] synthesizing module 'axi_register_slice_v2_1_28_axic_register_slice' [e:/vivao_workspace/fft_dma/719C_AXI_DMA_0915/719C_AXI_DMA_0915.gen/sources_1/bd/ps_dma_fft/ipshared/87d1/hdl/axi_register_slice_v2_1_vl_rfs.v:1497]
INFO: [Synth 8-6155] done synthesizing module 'axi_register_slice_v2_1_28_axic_register_slice' (0#1) [e:/vivao_workspace/fft_dma/719C_AXI_DMA_0915/719C_AXI_DMA_0915.gen/sources_1/bd/ps_dma_fft/ipshared/87d1/hdl/axi_register_slice_v2_1_vl_rfs.v:1497]
INFO: [Synth 8-6157] synthesizing module 'axi_register_slice_v2_1_28_axic_register_slice__parameterized0' [e:/vivao_workspace/fft_dma/719C_AXI_DMA_0915/719C_AXI_DMA_0915.gen/sources_1/bd/ps_dma_fft/ipshared/87d1/hdl/axi_register_slice_v2_1_vl_rfs.v:1497]
INFO: [Synth 8-6155] done synthesizing module 'axi_register_slice_v2_1_28_axic_register_slice__parameterized0' (0#1) [e:/vivao_workspace/fft_dma/719C_AXI_DMA_0915/719C_AXI_DMA_0915.gen/sources_1/bd/ps_dma_fft/ipshared/87d1/hdl/axi_register_slice_v2_1_vl_rfs.v:1497]
INFO: [Synth 8-6157] synthesizing module 'axi_register_slice_v2_1_28_axic_register_slice__parameterized1' [e:/vivao_workspace/fft_dma/719C_AXI_DMA_0915/719C_AXI_DMA_0915.gen/sources_1/bd/ps_dma_fft/ipshared/87d1/hdl/axi_register_slice_v2_1_vl_rfs.v:1497]
INFO: [Synth 8-6155] done synthesizing module 'axi_register_slice_v2_1_28_axic_register_slice__parameterized1' (0#1) [e:/vivao_workspace/fft_dma/719C_AXI_DMA_0915/719C_AXI_DMA_0915.gen/sources_1/bd/ps_dma_fft/ipshared/87d1/hdl/axi_register_slice_v2_1_vl_rfs.v:1497]
INFO: [Synth 8-6157] synthesizing module 'axi_register_slice_v2_1_28_axic_register_slice__parameterized2' [e:/vivao_workspace/fft_dma/719C_AXI_DMA_0915/719C_AXI_DMA_0915.gen/sources_1/bd/ps_dma_fft/ipshared/87d1/hdl/axi_register_slice_v2_1_vl_rfs.v:1497]
INFO: [Synth 8-6155] done synthesizing module 'axi_register_slice_v2_1_28_axic_register_slice__parameterized2' (0#1) [e:/vivao_workspace/fft_dma/719C_AXI_DMA_0915/719C_AXI_DMA_0915.gen/sources_1/bd/ps_dma_fft/ipshared/87d1/hdl/axi_register_slice_v2_1_vl_rfs.v:1497]
INFO: [Synth 8-6155] done synthesizing module 'axi_register_slice_v2_1_28_axi_register_slice' (0#1) [e:/vivao_workspace/fft_dma/719C_AXI_DMA_0915/719C_AXI_DMA_0915.gen/sources_1/bd/ps_dma_fft/ipshared/87d1/hdl/axi_register_slice_v2_1_vl_rfs.v:3725]
WARNING: [Synth 8-7071] port 'aclk2x' of module 'axi_register_slice_v2_1_28_axi_register_slice' is unconnected for instance 'reg_slice_mi' [e:/vivao_workspace/fft_dma/719C_AXI_DMA_0915/719C_AXI_DMA_0915.gen/sources_1/bd/ps_dma_fft/ipshared/f8f3/hdl/axi_crossbar_v2_1_vl_rfs.v:3122]
WARNING: [Synth 8-7023] instance 'reg_slice_mi' of module 'axi_register_slice_v2_1_28_axi_register_slice' has 93 connections declared, but only 92 given [e:/vivao_workspace/fft_dma/719C_AXI_DMA_0915/719C_AXI_DMA_0915.gen/sources_1/bd/ps_dma_fft/ipshared/f8f3/hdl/axi_crossbar_v2_1_vl_rfs.v:3122]
WARNING: [Synth 8-7071] port 'aclk2x' of module 'axi_register_slice_v2_1_28_axi_register_slice' is unconnected for instance 'reg_slice_mi' [e:/vivao_workspace/fft_dma/719C_AXI_DMA_0915/719C_AXI_DMA_0915.gen/sources_1/bd/ps_dma_fft/ipshared/f8f3/hdl/axi_crossbar_v2_1_vl_rfs.v:3122]
WARNING: [Synth 8-7023] instance 'reg_slice_mi' of module 'axi_register_slice_v2_1_28_axi_register_slice' has 93 connections declared, but only 92 given [e:/vivao_workspace/fft_dma/719C_AXI_DMA_0915/719C_AXI_DMA_0915.gen/sources_1/bd/ps_dma_fft/ipshared/f8f3/hdl/axi_crossbar_v2_1_vl_rfs.v:3122]
INFO: [Synth 8-6157] synthesizing module 'axi_data_fifo_v2_1_27_axic_srl_fifo__parameterized1' [e:/vivao_workspace/fft_dma/719C_AXI_DMA_0915/719C_AXI_DMA_0915.gen/sources_1/bd/ps_dma_fft/ipshared/fab7/hdl/axi_data_fifo_v2_1_vl_rfs.v:697]
INFO: [Synth 8-6157] synthesizing module 'axi_data_fifo_v2_1_27_ndeep_srl__parameterized1' [e:/vivao_workspace/fft_dma/719C_AXI_DMA_0915/719C_AXI_DMA_0915.gen/sources_1/bd/ps_dma_fft/ipshared/fab7/hdl/axi_data_fifo_v2_1_vl_rfs.v:1134]
INFO: [Synth 8-6155] done synthesizing module 'axi_data_fifo_v2_1_27_ndeep_srl__parameterized1' (0#1) [e:/vivao_workspace/fft_dma/719C_AXI_DMA_0915/719C_AXI_DMA_0915.gen/sources_1/bd/ps_dma_fft/ipshared/fab7/hdl/axi_data_fifo_v2_1_vl_rfs.v:1134]
INFO: [Synth 8-6155] done synthesizing module 'axi_data_fifo_v2_1_27_axic_srl_fifo__parameterized1' (0#1) [e:/vivao_workspace/fft_dma/719C_AXI_DMA_0915/719C_AXI_DMA_0915.gen/sources_1/bd/ps_dma_fft/ipshared/fab7/hdl/axi_data_fifo_v2_1_vl_rfs.v:697]
INFO: [Synth 8-6157] synthesizing module 'axi_crossbar_v2_1_29_wdata_mux__parameterized0' [e:/vivao_workspace/fft_dma/719C_AXI_DMA_0915/719C_AXI_DMA_0915.gen/sources_1/bd/ps_dma_fft/ipshared/f8f3/hdl/axi_crossbar_v2_1_vl_rfs.v:4560]
INFO: [Synth 8-6155] done synthesizing module 'axi_crossbar_v2_1_29_wdata_mux__parameterized0' (0#1) [e:/vivao_workspace/fft_dma/719C_AXI_DMA_0915/719C_AXI_DMA_0915.gen/sources_1/bd/ps_dma_fft/ipshared/f8f3/hdl/axi_crossbar_v2_1_vl_rfs.v:4560]
WARNING: [Synth 8-7071] port 'aclk2x' of module 'axi_register_slice_v2_1_28_axi_register_slice' is unconnected for instance 'reg_slice_mi' [e:/vivao_workspace/fft_dma/719C_AXI_DMA_0915/719C_AXI_DMA_0915.gen/sources_1/bd/ps_dma_fft/ipshared/f8f3/hdl/axi_crossbar_v2_1_vl_rfs.v:3122]
WARNING: [Synth 8-7023] instance 'reg_slice_mi' of module 'axi_register_slice_v2_1_28_axi_register_slice' has 93 connections declared, but only 92 given [e:/vivao_workspace/fft_dma/719C_AXI_DMA_0915/719C_AXI_DMA_0915.gen/sources_1/bd/ps_dma_fft/ipshared/f8f3/hdl/axi_crossbar_v2_1_vl_rfs.v:3122]
INFO: [Synth 8-6157] synthesizing module 'axi_crossbar_v2_1_29_decerr_slave' [e:/vivao_workspace/fft_dma/719C_AXI_DMA_0915/719C_AXI_DMA_0915.gen/sources_1/bd/ps_dma_fft/ipshared/f8f3/hdl/axi_crossbar_v2_1_vl_rfs.v:3500]
INFO: [Synth 8-155] case statement is not full and has no default [e:/vivao_workspace/fft_dma/719C_AXI_DMA_0915/719C_AXI_DMA_0915.gen/sources_1/bd/ps_dma_fft/ipshared/f8f3/hdl/axi_crossbar_v2_1_vl_rfs.v:3633]
INFO: [Synth 8-6155] done synthesizing module 'axi_crossbar_v2_1_29_decerr_slave' (0#1) [e:/vivao_workspace/fft_dma/719C_AXI_DMA_0915/719C_AXI_DMA_0915.gen/sources_1/bd/ps_dma_fft/ipshared/f8f3/hdl/axi_crossbar_v2_1_vl_rfs.v:3500]
INFO: [Synth 8-6157] synthesizing module 'axi_crossbar_v2_1_29_addr_arbiter' [e:/vivao_workspace/fft_dma/719C_AXI_DMA_0915/719C_AXI_DMA_0915.gen/sources_1/bd/ps_dma_fft/ipshared/f8f3/hdl/axi_crossbar_v2_1_vl_rfs.v:422]
INFO: [Synth 8-6155] done synthesizing module 'axi_crossbar_v2_1_29_addr_arbiter' (0#1) [e:/vivao_workspace/fft_dma/719C_AXI_DMA_0915/719C_AXI_DMA_0915.gen/sources_1/bd/ps_dma_fft/ipshared/f8f3/hdl/axi_crossbar_v2_1_vl_rfs.v:422]
INFO: [Synth 8-6155] done synthesizing module 'axi_crossbar_v2_1_29_crossbar' (0#1) [e:/vivao_workspace/fft_dma/719C_AXI_DMA_0915/719C_AXI_DMA_0915.gen/sources_1/bd/ps_dma_fft/ipshared/f8f3/hdl/axi_crossbar_v2_1_vl_rfs.v:2238]
INFO: [Synth 8-6155] done synthesizing module 'axi_crossbar_v2_1_29_axi_crossbar' (0#1) [e:/vivao_workspace/fft_dma/719C_AXI_DMA_0915/719C_AXI_DMA_0915.gen/sources_1/bd/ps_dma_fft/ipshared/f8f3/hdl/axi_crossbar_v2_1_vl_rfs.v:4883]
INFO: [Synth 8-6155] done synthesizing module 'ps_dma_fft_xbar_0' (0#1) [e:/vivao_workspace/fft_dma/719C_AXI_DMA_0915/719C_AXI_DMA_0915.gen/sources_1/bd/ps_dma_fft/ip/ps_dma_fft_xbar_0/synth/ps_dma_fft_xbar_0.v:53]
WARNING: [Synth 8-6014] Unused sequential element areset_d1_reg was removed.  [e:/vivao_workspace/fft_dma/719C_AXI_DMA_0915/719C_AXI_DMA_0915.gen/sources_1/bd/ps_dma_fft/ipshared/fab7/hdl/axi_data_fifo_v2_1_vl_rfs.v:750]
WARNING: [Synth 8-6014] Unused sequential element S_READY_i_reg was removed.  [e:/vivao_workspace/fft_dma/719C_AXI_DMA_0915/719C_AXI_DMA_0915.gen/sources_1/bd/ps_dma_fft/ipshared/fab7/hdl/axi_data_fifo_v2_1_vl_rfs.v:789]
WARNING: [Synth 8-6014] Unused sequential element gen_multi_thread.gen_thread_loop[0].gen_debug_r_multi_thread.debug_r_beat_cnt_i_reg was removed.  [e:/vivao_workspace/fft_dma/719C_AXI_DMA_0915/719C_AXI_DMA_0915.gen/sources_1/bd/ps_dma_fft/ipshared/f8f3/hdl/axi_crossbar_v2_1_vl_rfs.v:4346]
WARNING: [Synth 8-6014] Unused sequential element gen_multi_thread.gen_thread_loop[1].gen_debug_r_multi_thread.debug_r_beat_cnt_i_reg was removed.  [e:/vivao_workspace/fft_dma/719C_AXI_DMA_0915/719C_AXI_DMA_0915.gen/sources_1/bd/ps_dma_fft/ipshared/f8f3/hdl/axi_crossbar_v2_1_vl_rfs.v:4346]
WARNING: [Synth 8-6014] Unused sequential element gen_multi_thread.gen_thread_loop[2].gen_debug_r_multi_thread.debug_r_beat_cnt_i_reg was removed.  [e:/vivao_workspace/fft_dma/719C_AXI_DMA_0915/719C_AXI_DMA_0915.gen/sources_1/bd/ps_dma_fft/ipshared/f8f3/hdl/axi_crossbar_v2_1_vl_rfs.v:4346]
WARNING: [Synth 8-6014] Unused sequential element gen_multi_thread.gen_thread_loop[3].gen_debug_r_multi_thread.debug_r_beat_cnt_i_reg was removed.  [e:/vivao_workspace/fft_dma/719C_AXI_DMA_0915/719C_AXI_DMA_0915.gen/sources_1/bd/ps_dma_fft/ipshared/f8f3/hdl/axi_crossbar_v2_1_vl_rfs.v:4346]
WARNING: [Synth 8-6014] Unused sequential element gen_multi_thread.gen_thread_loop[4].gen_debug_r_multi_thread.debug_r_beat_cnt_i_reg was removed.  [e:/vivao_workspace/fft_dma/719C_AXI_DMA_0915/719C_AXI_DMA_0915.gen/sources_1/bd/ps_dma_fft/ipshared/f8f3/hdl/axi_crossbar_v2_1_vl_rfs.v:4346]
WARNING: [Synth 8-6014] Unused sequential element gen_multi_thread.gen_thread_loop[5].gen_debug_r_multi_thread.debug_r_beat_cnt_i_reg was removed.  [e:/vivao_workspace/fft_dma/719C_AXI_DMA_0915/719C_AXI_DMA_0915.gen/sources_1/bd/ps_dma_fft/ipshared/f8f3/hdl/axi_crossbar_v2_1_vl_rfs.v:4346]
WARNING: [Synth 8-6014] Unused sequential element gen_multi_thread.gen_thread_loop[6].gen_debug_r_multi_thread.debug_r_beat_cnt_i_reg was removed.  [e:/vivao_workspace/fft_dma/719C_AXI_DMA_0915/719C_AXI_DMA_0915.gen/sources_1/bd/ps_dma_fft/ipshared/f8f3/hdl/axi_crossbar_v2_1_vl_rfs.v:4346]
WARNING: [Synth 8-6014] Unused sequential element gen_multi_thread.gen_thread_loop[7].gen_debug_r_multi_thread.debug_r_beat_cnt_i_reg was removed.  [e:/vivao_workspace/fft_dma/719C_AXI_DMA_0915/719C_AXI_DMA_0915.gen/sources_1/bd/ps_dma_fft/ipshared/f8f3/hdl/axi_crossbar_v2_1_vl_rfs.v:4346]
WARNING: [Synth 8-6014] Unused sequential element gen_multi_thread.gen_thread_loop[0].gen_debug_r_multi_thread.debug_r_beat_cnt_i_reg was removed.  [e:/vivao_workspace/fft_dma/719C_AXI_DMA_0915/719C_AXI_DMA_0915.gen/sources_1/bd/ps_dma_fft/ipshared/f8f3/hdl/axi_crossbar_v2_1_vl_rfs.v:4346]
WARNING: [Synth 8-6014] Unused sequential element gen_multi_thread.gen_thread_loop[1].gen_debug_r_multi_thread.debug_r_beat_cnt_i_reg was removed.  [e:/vivao_workspace/fft_dma/719C_AXI_DMA_0915/719C_AXI_DMA_0915.gen/sources_1/bd/ps_dma_fft/ipshared/f8f3/hdl/axi_crossbar_v2_1_vl_rfs.v:4346]
WARNING: [Synth 8-6014] Unused sequential element gen_multi_thread.gen_thread_loop[2].gen_debug_r_multi_thread.debug_r_beat_cnt_i_reg was removed.  [e:/vivao_workspace/fft_dma/719C_AXI_DMA_0915/719C_AXI_DMA_0915.gen/sources_1/bd/ps_dma_fft/ipshared/f8f3/hdl/axi_crossbar_v2_1_vl_rfs.v:4346]
WARNING: [Synth 8-6014] Unused sequential element gen_multi_thread.gen_thread_loop[3].gen_debug_r_multi_thread.debug_r_beat_cnt_i_reg was removed.  [e:/vivao_workspace/fft_dma/719C_AXI_DMA_0915/719C_AXI_DMA_0915.gen/sources_1/bd/ps_dma_fft/ipshared/f8f3/hdl/axi_crossbar_v2_1_vl_rfs.v:4346]
WARNING: [Synth 8-6014] Unused sequential element gen_multi_thread.gen_thread_loop[4].gen_debug_r_multi_thread.debug_r_beat_cnt_i_reg was removed.  [e:/vivao_workspace/fft_dma/719C_AXI_DMA_0915/719C_AXI_DMA_0915.gen/sources_1/bd/ps_dma_fft/ipshared/f8f3/hdl/axi_crossbar_v2_1_vl_rfs.v:4346]
WARNING: [Synth 8-6014] Unused sequential element gen_multi_thread.gen_thread_loop[5].gen_debug_r_multi_thread.debug_r_beat_cnt_i_reg was removed.  [e:/vivao_workspace/fft_dma/719C_AXI_DMA_0915/719C_AXI_DMA_0915.gen/sources_1/bd/ps_dma_fft/ipshared/f8f3/hdl/axi_crossbar_v2_1_vl_rfs.v:4346]
WARNING: [Synth 8-6014] Unused sequential element gen_multi_thread.gen_thread_loop[6].gen_debug_r_multi_thread.debug_r_beat_cnt_i_reg was removed.  [e:/vivao_workspace/fft_dma/719C_AXI_DMA_0915/719C_AXI_DMA_0915.gen/sources_1/bd/ps_dma_fft/ipshared/f8f3/hdl/axi_crossbar_v2_1_vl_rfs.v:4346]
WARNING: [Synth 8-6014] Unused sequential element gen_multi_thread.gen_thread_loop[7].gen_debug_r_multi_thread.debug_r_beat_cnt_i_reg was removed.  [e:/vivao_workspace/fft_dma/719C_AXI_DMA_0915/719C_AXI_DMA_0915.gen/sources_1/bd/ps_dma_fft/ipshared/f8f3/hdl/axi_crossbar_v2_1_vl_rfs.v:4346]
WARNING: [Synth 8-6014] Unused sequential element areset_d1_reg was removed.  [e:/vivao_workspace/fft_dma/719C_AXI_DMA_0915/719C_AXI_DMA_0915.gen/sources_1/bd/ps_dma_fft/ipshared/fab7/hdl/axi_data_fifo_v2_1_vl_rfs.v:750]
WARNING: [Synth 8-6014] Unused sequential element S_READY_i_reg was removed.  [e:/vivao_workspace/fft_dma/719C_AXI_DMA_0915/719C_AXI_DMA_0915.gen/sources_1/bd/ps_dma_fft/ipshared/fab7/hdl/axi_data_fifo_v2_1_vl_rfs.v:789]
WARNING: [Synth 8-6014] Unused sequential element areset_d1_reg was removed.  [e:/vivao_workspace/fft_dma/719C_AXI_DMA_0915/719C_AXI_DMA_0915.gen/sources_1/bd/ps_dma_fft/ipshared/fab7/hdl/axi_data_fifo_v2_1_vl_rfs.v:750]
WARNING: [Synth 8-6014] Unused sequential element S_READY_i_reg was removed.  [e:/vivao_workspace/fft_dma/719C_AXI_DMA_0915/719C_AXI_DMA_0915.gen/sources_1/bd/ps_dma_fft/ipshared/fab7/hdl/axi_data_fifo_v2_1_vl_rfs.v:789]
WARNING: [Synth 8-6014] Unused sequential element gen_master_slots[0].gen_mi_write.gen_debug_w.debug_w_beat_cnt_i_reg was removed.  [e:/vivao_workspace/fft_dma/719C_AXI_DMA_0915/719C_AXI_DMA_0915.gen/sources_1/bd/ps_dma_fft/ipshared/f8f3/hdl/axi_crossbar_v2_1_vl_rfs.v:2997]
WARNING: [Synth 8-6014] Unused sequential element gen_master_slots[1].gen_mi_write.gen_debug_w.debug_w_beat_cnt_i_reg was removed.  [e:/vivao_workspace/fft_dma/719C_AXI_DMA_0915/719C_AXI_DMA_0915.gen/sources_1/bd/ps_dma_fft/ipshared/f8f3/hdl/axi_crossbar_v2_1_vl_rfs.v:2997]
WARNING: [Synth 8-6014] Unused sequential element gen_master_slots[2].gen_mi_write.gen_debug_w.debug_w_beat_cnt_i_reg was removed.  [e:/vivao_workspace/fft_dma/719C_AXI_DMA_0915/719C_AXI_DMA_0915.gen/sources_1/bd/ps_dma_fft/ipshared/f8f3/hdl/axi_crossbar_v2_1_vl_rfs.v:2997]
WARNING: [Synth 8-7129] Port ACLK in module axi_register_slice_v2_1_28_axic_register_slice is either unconnected or has no load
WARNING: [Synth 8-7129] Port ARESET in module axi_register_slice_v2_1_28_axic_register_slice is either unconnected or has no load
WARNING: [Synth 8-7129] Port ACLK in module axi_register_slice_v2_1_28_axic_register_slice__parameterized0 is either unconnected or has no load
WARNING: [Synth 8-7129] Port ARESET in module axi_register_slice_v2_1_28_axic_register_slice__parameterized0 is either unconnected or has no load
WARNING: [Synth 8-7129] Port s_axi_wid[15] in module axi_infrastructure_v1_1_0_axi2vector is either unconnected or has no load
WARNING: [Synth 8-7129] Port s_axi_wid[14] in module axi_infrastructure_v1_1_0_axi2vector is either unconnected or has no load
WARNING: [Synth 8-7129] Port s_axi_wid[13] in module axi_infrastructure_v1_1_0_axi2vector is either unconnected or has no load
WARNING: [Synth 8-7129] Port s_axi_wid[12] in module axi_infrastructure_v1_1_0_axi2vector is either unconnected or has no load
WARNING: [Synth 8-7129] Port s_axi_wid[11] in module axi_infrastructure_v1_1_0_axi2vector is either unconnected or has no load
WARNING: [Synth 8-7129] Port s_axi_wid[10] in module axi_infrastructure_v1_1_0_axi2vector is either unconnected or has no load
WARNING: [Synth 8-7129] Port s_axi_wid[9] in module axi_infrastructure_v1_1_0_axi2vector is either unconnected or has no load
WARNING: [Synth 8-7129] Port s_axi_wid[8] in module axi_infrastructure_v1_1_0_axi2vector is either unconnected or has no load
WARNING: [Synth 8-7129] Port s_axi_wid[7] in module axi_infrastructure_v1_1_0_axi2vector is either unconnected or has no load
WARNING: [Synth 8-7129] Port s_axi_wid[6] in module axi_infrastructure_v1_1_0_axi2vector is either unconnected or has no load
WARNING: [Synth 8-7129] Port s_axi_wid[5] in module axi_infrastructure_v1_1_0_axi2vector is either unconnected or has no load
WARNING: [Synth 8-7129] Port s_axi_wid[4] in module axi_infrastructure_v1_1_0_axi2vector is either unconnected or has no load
WARNING: [Synth 8-7129] Port s_axi_wid[3] in module axi_infrastructure_v1_1_0_axi2vector is either unconnected or has no load
WARNING: [Synth 8-7129] Port s_axi_wid[2] in module axi_infrastructure_v1_1_0_axi2vector is either unconnected or has no load
WARNING: [Synth 8-7129] Port s_axi_wid[1] in module axi_infrastructure_v1_1_0_axi2vector is either unconnected or has no load
WARNING: [Synth 8-7129] Port s_axi_wid[0] in module axi_infrastructure_v1_1_0_axi2vector is either unconnected or has no load
WARNING: [Synth 8-7129] Port aclk2x in module axi_register_slice_v2_1_28_axi_register_slice is either unconnected or has no load
WARNING: [Synth 8-7129] Port ACLK in module axi_crossbar_v2_1_29_wdata_mux__parameterized0 is either unconnected or has no load
WARNING: [Synth 8-7129] Port ARESET in module axi_crossbar_v2_1_29_wdata_mux__parameterized0 is either unconnected or has no load
WARNING: [Synth 8-7129] Port S_ASELECT[0] in module axi_crossbar_v2_1_29_wdata_mux__parameterized0 is either unconnected or has no load
WARNING: [Synth 8-7129] Port S_AVALID in module axi_crossbar_v2_1_29_wdata_mux__parameterized0 is either unconnected or has no load
WARNING: [Synth 8-7129] Port ACLK in module axi_crossbar_v2_1_29_wdata_mux is either unconnected or has no load
WARNING: [Synth 8-7129] Port ARESET in module axi_crossbar_v2_1_29_wdata_mux is either unconnected or has no load
WARNING: [Synth 8-7129] Port S_ASELECT[0] in module axi_crossbar_v2_1_29_wdata_mux is either unconnected or has no load
WARNING: [Synth 8-7129] Port S_AVALID in module axi_crossbar_v2_1_29_wdata_mux is either unconnected or has no load
WARNING: [Synth 8-7129] Port ADDR[1] in module axi_crossbar_v2_1_29_addr_decoder is either unconnected or has no load
WARNING: [Synth 8-7129] Port ADDR[0] in module axi_crossbar_v2_1_29_addr_decoder is either unconnected or has no load
WARNING: [Synth 8-7129] Port S_ABURST[1] in module axi_crossbar_v2_1_29_si_transactor__parameterized0 is either unconnected or has no load
WARNING: [Synth 8-7129] Port S_ABURST[0] in module axi_crossbar_v2_1_29_si_transactor__parameterized0 is either unconnected or has no load
WARNING: [Synth 8-7129] Port S_ABURST[1] in module axi_crossbar_v2_1_29_si_transactor is either unconnected or has no load
WARNING: [Synth 8-7129] Port S_ABURST[0] in module axi_crossbar_v2_1_29_si_transactor is either unconnected or has no load
WARNING: [Synth 8-7129] Port S_AXI_WID[15] in module axi_crossbar_v2_1_29_crossbar is either unconnected or has no load
WARNING: [Synth 8-7129] Port S_AXI_WID[14] in module axi_crossbar_v2_1_29_crossbar is either unconnected or has no load
WARNING: [Synth 8-7129] Port S_AXI_WID[13] in module axi_crossbar_v2_1_29_crossbar is either unconnected or has no load
WARNING: [Synth 8-7129] Port S_AXI_WID[12] in module axi_crossbar_v2_1_29_crossbar is either unconnected or has no load
WARNING: [Synth 8-7129] Port S_AXI_WID[11] in module axi_crossbar_v2_1_29_crossbar is either unconnected or has no load
WARNING: [Synth 8-7129] Port S_AXI_WID[10] in module axi_crossbar_v2_1_29_crossbar is either unconnected or has no load
WARNING: [Synth 8-7129] Port S_AXI_WID[9] in module axi_crossbar_v2_1_29_crossbar is either unconnected or has no load
WARNING: [Synth 8-7129] Port S_AXI_WID[8] in module axi_crossbar_v2_1_29_crossbar is either unconnected or has no load
WARNING: [Synth 8-7129] Port S_AXI_WID[7] in module axi_crossbar_v2_1_29_crossbar is either unconnected or has no load
WARNING: [Synth 8-7129] Port S_AXI_WID[6] in module axi_crossbar_v2_1_29_crossbar is either unconnected or has no load
WARNING: [Synth 8-7129] Port S_AXI_WID[5] in module axi_crossbar_v2_1_29_crossbar is either unconnected or has no load
WARNING: [Synth 8-7129] Port S_AXI_WID[4] in module axi_crossbar_v2_1_29_crossbar is either unconnected or has no load
WARNING: [Synth 8-7129] Port S_AXI_WID[3] in module axi_crossbar_v2_1_29_crossbar is either unconnected or has no load
WARNING: [Synth 8-7129] Port S_AXI_WID[2] in module axi_crossbar_v2_1_29_crossbar is either unconnected or has no load
WARNING: [Synth 8-7129] Port S_AXI_WID[1] in module axi_crossbar_v2_1_29_crossbar is either unconnected or has no load
WARNING: [Synth 8-7129] Port S_AXI_WID[0] in module axi_crossbar_v2_1_29_crossbar is either unconnected or has no load
WARNING: [Synth 8-7129] Port s_axi_wid[15] in module axi_crossbar_v2_1_29_axi_crossbar is either unconnected or has no load
WARNING: [Synth 8-7129] Port s_axi_wid[14] in module axi_crossbar_v2_1_29_axi_crossbar is either unconnected or has no load
WARNING: [Synth 8-7129] Port s_axi_wid[13] in module axi_crossbar_v2_1_29_axi_crossbar is either unconnected or has no load
WARNING: [Synth 8-7129] Port s_axi_wid[12] in module axi_crossbar_v2_1_29_axi_crossbar is either unconnected or has no load
WARNING: [Synth 8-7129] Port s_axi_wid[11] in module axi_crossbar_v2_1_29_axi_crossbar is either unconnected or has no load
WARNING: [Synth 8-7129] Port s_axi_wid[10] in module axi_crossbar_v2_1_29_axi_crossbar is either unconnected or has no load
WARNING: [Synth 8-7129] Port s_axi_wid[9] in module axi_crossbar_v2_1_29_axi_crossbar is either unconnected or has no load
WARNING: [Synth 8-7129] Port s_axi_wid[8] in module axi_crossbar_v2_1_29_axi_crossbar is either unconnected or has no load
WARNING: [Synth 8-7129] Port s_axi_wid[7] in module axi_crossbar_v2_1_29_axi_crossbar is either unconnected or has no load
WARNING: [Synth 8-7129] Port s_axi_wid[6] in module axi_crossbar_v2_1_29_axi_crossbar is either unconnected or has no load
WARNING: [Synth 8-7129] Port s_axi_wid[5] in module axi_crossbar_v2_1_29_axi_crossbar is either unconnected or has no load
WARNING: [Synth 8-7129] Port s_axi_wid[4] in module axi_crossbar_v2_1_29_axi_crossbar is either unconnected or has no load
WARNING: [Synth 8-7129] Port s_axi_wid[3] in module axi_crossbar_v2_1_29_axi_crossbar is either unconnected or has no load
WARNING: [Synth 8-7129] Port s_axi_wid[2] in module axi_crossbar_v2_1_29_axi_crossbar is either unconnected or has no load
WARNING: [Synth 8-7129] Port s_axi_wid[1] in module axi_crossbar_v2_1_29_axi_crossbar is either unconnected or has no load
WARNING: [Synth 8-7129] Port s_axi_wid[0] in module axi_crossbar_v2_1_29_axi_crossbar is either unconnected or has no load
---------------------------------------------------------------------------------
Finished RTL Elaboration : Time (s): cpu = 00:00:02 ; elapsed = 00:00:19 . Memory (MB): peak = 3262.098 ; gain = 603.664
---------------------------------------------------------------------------------
---------------------------------------------------------------------------------
Start Handling Custom Attributes
---------------------------------------------------------------------------------
---------------------------------------------------------------------------------
Finished Handling Custom Attributes : Time (s): cpu = 00:00:02 ; elapsed = 00:00:19 . Memory (MB): peak = 3262.098 ; gain = 603.664
---------------------------------------------------------------------------------
---------------------------------------------------------------------------------
Finished RTL Optimization Phase 1 : Time (s): cpu = 00:00:02 ; elapsed = 00:00:19 . Memory (MB): peak = 3262.098 ; gain = 603.664
---------------------------------------------------------------------------------
Netlist sorting complete. Time (s): cpu = 00:00:00 ; elapsed = 00:00:00.184 . Memory (MB): peak = 3262.098 ; gain = 0.000
INFO: [Project 1-570] Preparing netlist for logic optimization

Processing XDC Constraints
Initializing timing engine
Parsing XDC File [e:/vivao_workspace/fft_dma/719C_AXI_DMA_0915/719C_AXI_DMA_0915.gen/sources_1/bd/ps_dma_fft/ip/ps_dma_fft_xbar_0/ps_dma_fft_xbar_0_ooc.xdc] for cell 'inst'
Finished Parsing XDC File [e:/vivao_workspace/fft_dma/719C_AXI_DMA_0915/719C_AXI_DMA_0915.gen/sources_1/bd/ps_dma_fft/ip/ps_dma_fft_xbar_0/ps_dma_fft_xbar_0_ooc.xdc] for cell 'inst'
Parsing XDC File [E:/vivao_workspace/fft_dma/719C_AXI_DMA_0915/719C_AXI_DMA_0915.runs/ps_dma_fft_xbar_0_synth_1/dont_touch.xdc]
Finished Parsing XDC File [E:/vivao_workspace/fft_dma/719C_AXI_DMA_0915/719C_AXI_DMA_0915.runs/ps_dma_fft_xbar_0_synth_1/dont_touch.xdc]
Completed Processing XDC Constraints

Netlist sorting complete. Time (s): cpu = 00:00:00 ; elapsed = 00:00:00.003 . Memory (MB): peak = 3287.289 ; gain = 0.000
INFO: [Project 1-111] Unisim Transformation Summary:
No Unisim elements were transformed.

Constraint Validation Runtime : Time (s): cpu = 00:00:00 ; elapsed = 00:00:00.161 . Memory (MB): peak = 3293.301 ; gain = 6.012
INFO: [Designutils 20-5008] Incremental synthesis strategy off
---------------------------------------------------------------------------------
Finished Constraint Validation : Time (s): cpu = 00:00:03 ; elapsed = 00:00:32 . Memory (MB): peak = 3293.301 ; gain = 634.867
---------------------------------------------------------------------------------
---------------------------------------------------------------------------------
Start Loading Part and Timing Information
---------------------------------------------------------------------------------
Loading part: xczu19eg_SE-ffvc1760-2-i
INFO: [Synth 8-6742] Reading net delay rules and data
---------------------------------------------------------------------------------
Finished Loading Part and Timing Information : Time (s): cpu = 00:00:03 ; elapsed = 00:00:32 . Memory (MB): peak = 3293.301 ; gain = 634.867
---------------------------------------------------------------------------------
---------------------------------------------------------------------------------
Start Applying 'set_property' XDC Constraints
---------------------------------------------------------------------------------
Applied set_property KEEP_HIERARCHY = SOFT for inst. (constraint file  E:/vivao_workspace/fft_dma/719C_AXI_DMA_0915/719C_AXI_DMA_0915.runs/ps_dma_fft_xbar_0_synth_1/dont_touch.xdc, line 9).
---------------------------------------------------------------------------------
Finished applying 'set_property' XDC Constraints : Time (s): cpu = 00:00:03 ; elapsed = 00:00:32 . Memory (MB): peak = 3293.301 ; gain = 634.867
---------------------------------------------------------------------------------
INFO: [Synth 8-802] inferred FSM for state register 'state_reg' in module 'axi_data_fifo_v2_1_27_axic_reg_srl_fifo'
INFO: [Synth 8-802] inferred FSM for state register 'gen_axi.write_cs_reg' in module 'axi_crossbar_v2_1_29_decerr_slave'
---------------------------------------------------------------------------------------------------
                   State |                     New Encoding |                Previous Encoding 
---------------------------------------------------------------------------------------------------
                    ZERO |                             1000 |                               10
                     ONE |                             0010 |                               11
                     TWO |                             0001 |                               01
                  iSTATE |                             0100 |                               00
---------------------------------------------------------------------------------------------------
INFO: [Synth 8-3354] encoded FSM with state register 'state_reg' using encoding 'one-hot' in module 'axi_data_fifo_v2_1_27_axic_reg_srl_fifo'
---------------------------------------------------------------------------------------------------
                   State |                     New Encoding |                Previous Encoding 
---------------------------------------------------------------------------------------------------
            P_WRITE_IDLE |                              001 |                               00
            P_WRITE_DATA |                              010 |                               01
            P_WRITE_RESP |                              100 |                               10
---------------------------------------------------------------------------------------------------
INFO: [Synth 8-3354] encoded FSM with state register 'gen_axi.write_cs_reg' using encoding 'one-hot' in module 'axi_crossbar_v2_1_29_decerr_slave'
---------------------------------------------------------------------------------
Finished RTL Optimization Phase 2 : Time (s): cpu = 00:00:03 ; elapsed = 00:00:33 . Memory (MB): peak = 3293.301 ; gain = 634.867
---------------------------------------------------------------------------------
---------------------------------------------------------------------------------
Start RTL Component Statistics 
---------------------------------------------------------------------------------
Detailed RTL Component Info : 
+---Adders : 
	   2 Input    8 Bit       Adders := 3     
	   2 Input    4 Bit       Adders := 38    
	   2 Input    3 Bit       Adders := 4     
	   2 Input    2 Bit       Adders := 1     
	   2 Input    1 Bit       Adders := 2     
+---XORs : 
	   2 Input      1 Bit         XORs := 20    
+---Registers : 
	              102 Bit    Registers := 2     
	               52 Bit    Registers := 6     
	               19 Bit    Registers := 3     
	               16 Bit    Registers := 18    
	                8 Bit    Registers := 3     
	                4 Bit    Registers := 18    
	                3 Bit    Registers := 9     
	                2 Bit    Registers := 10    
	                1 Bit    Registers := 47    
+---Muxes : 
	   2 Input   64 Bit        Muxes := 16    
	   2 Input   52 Bit        Muxes := 6     
	   2 Input   24 Bit        Muxes := 6     
	   2 Input    8 Bit        Muxes := 1     
	   3 Input    4 Bit        Muxes := 17    
	   2 Input    4 Bit        Muxes := 7     
	   2 Input    3 Bit        Muxes := 3     
	   2 Input    2 Bit        Muxes := 48    
	   2 Input    1 Bit        Muxes := 56    
	   4 Input    1 Bit        Muxes := 3     
	   3 Input    1 Bit        Muxes := 9     
---------------------------------------------------------------------------------
Finished RTL Component Statistics 
---------------------------------------------------------------------------------
---------------------------------------------------------------------------------
Start Part Resource Summary
---------------------------------------------------------------------------------
Part Resources:
DSPs: 1968 (col length:264)
BRAMs: 1968 (col length: RAMB18 264 RAMB36 132)
---------------------------------------------------------------------------------
Finished Part Resource Summary
---------------------------------------------------------------------------------
---------------------------------------------------------------------------------
Start Cross Boundary and Area Optimization
---------------------------------------------------------------------------------
WARNING: [Synth 8-7080] Parallel synthesis criteria is not met
WARNING: [Synth 8-7129] Port aclk2x in module axi_register_slice_v2_1_28_axi_register_slice is either unconnected or has no load
WARNING: [Synth 8-7129] Port s_axi_wid[15] in module axi_register_slice_v2_1_28_axi_register_slice is either unconnected or has no load
WARNING: [Synth 8-7129] Port s_axi_wid[14] in module axi_register_slice_v2_1_28_axi_register_slice is either unconnected or has no load
WARNING: [Synth 8-7129] Port s_axi_wid[13] in module axi_register_slice_v2_1_28_axi_register_slice is either unconnected or has no load
WARNING: [Synth 8-7129] Port s_axi_wid[12] in module axi_register_slice_v2_1_28_axi_register_slice is either unconnected or has no load
WARNING: [Synth 8-7129] Port s_axi_wid[11] in module axi_register_slice_v2_1_28_axi_register_slice is either unconnected or has no load
WARNING: [Synth 8-7129] Port s_axi_wid[10] in module axi_register_slice_v2_1_28_axi_register_slice is either unconnected or has no load
WARNING: [Synth 8-7129] Port s_axi_wid[9] in module axi_register_slice_v2_1_28_axi_register_slice is either unconnected or has no load
WARNING: [Synth 8-7129] Port s_axi_wid[8] in module axi_register_slice_v2_1_28_axi_register_slice is either unconnected or has no load
WARNING: [Synth 8-7129] Port s_axi_wid[7] in module axi_register_slice_v2_1_28_axi_register_slice is either unconnected or has no load
WARNING: [Synth 8-7129] Port s_axi_wid[6] in module axi_register_slice_v2_1_28_axi_register_slice is either unconnected or has no load
WARNING: [Synth 8-7129] Port s_axi_wid[5] in module axi_register_slice_v2_1_28_axi_register_slice is either unconnected or has no load
WARNING: [Synth 8-7129] Port s_axi_wid[4] in module axi_register_slice_v2_1_28_axi_register_slice is either unconnected or has no load
WARNING: [Synth 8-7129] Port s_axi_wid[3] in module axi_register_slice_v2_1_28_axi_register_slice is either unconnected or has no load
WARNING: [Synth 8-7129] Port s_axi_wid[2] in module axi_register_slice_v2_1_28_axi_register_slice is either unconnected or has no load
WARNING: [Synth 8-7129] Port s_axi_wid[1] in module axi_register_slice_v2_1_28_axi_register_slice is either unconnected or has no load
WARNING: [Synth 8-7129] Port s_axi_wid[0] in module axi_register_slice_v2_1_28_axi_register_slice is either unconnected or has no load
WARNING: [Synth 8-7129] Port S_ABURST[1] in module axi_crossbar_v2_1_29_si_transactor__parameterized0 is either unconnected or has no load
WARNING: [Synth 8-7129] Port S_ABURST[0] in module axi_crossbar_v2_1_29_si_transactor__parameterized0 is either unconnected or has no load
WARNING: [Synth 8-7129] Port S_ABURST[1] in module axi_crossbar_v2_1_29_si_transactor is either unconnected or has no load
WARNING: [Synth 8-7129] Port S_ABURST[0] in module axi_crossbar_v2_1_29_si_transactor is either unconnected or has no load
WARNING: [Synth 8-7129] Port S_AXI_WID[15] in module axi_crossbar_v2_1_29_crossbar is either unconnected or has no load
WARNING: [Synth 8-7129] Port S_AXI_WID[14] in module axi_crossbar_v2_1_29_crossbar is either unconnected or has no load
WARNING: [Synth 8-7129] Port S_AXI_WID[13] in module axi_crossbar_v2_1_29_crossbar is either unconnected or has no load
WARNING: [Synth 8-7129] Port S_AXI_WID[12] in module axi_crossbar_v2_1_29_crossbar is either unconnected or has no load
WARNING: [Synth 8-7129] Port S_AXI_WID[11] in module axi_crossbar_v2_1_29_crossbar is either unconnected or has no load
WARNING: [Synth 8-7129] Port S_AXI_WID[10] in module axi_crossbar_v2_1_29_crossbar is either unconnected or has no load
WARNING: [Synth 8-7129] Port S_AXI_WID[9] in module axi_crossbar_v2_1_29_crossbar is either unconnected or has no load
WARNING: [Synth 8-7129] Port S_AXI_WID[8] in module axi_crossbar_v2_1_29_crossbar is either unconnected or has no load
WARNING: [Synth 8-7129] Port S_AXI_WID[7] in module axi_crossbar_v2_1_29_crossbar is either unconnected or has no load
WARNING: [Synth 8-7129] Port S_AXI_WID[6] in module axi_crossbar_v2_1_29_crossbar is either unconnected or has no load
WARNING: [Synth 8-7129] Port S_AXI_WID[5] in module axi_crossbar_v2_1_29_crossbar is either unconnected or has no load
WARNING: [Synth 8-7129] Port S_AXI_WID[4] in module axi_crossbar_v2_1_29_crossbar is either unconnected or has no load
INFO: [Common 17-14] Message 'Synth 8-7129' appears 100 times and further instances of the messages will be disabled. Use the Tcl command set_msg_config to change the current settings.
INFO: [Synth 8-3332] Sequential element (gen_samd.crossbar_samd/gen_slave_slots[0].gen_si_write.wdata_router_w/wrouter_aw_fifo/FSM_onehot_state_reg[2]) is unused and will be removed from module axi_crossbar_v2_1_29_axi_crossbar.
---------------------------------------------------------------------------------
Finished Cross Boundary and Area Optimization : Time (s): cpu = 00:00:04 ; elapsed = 00:00:46 . Memory (MB): peak = 3293.301 ; gain = 634.867
---------------------------------------------------------------------------------
---------------------------------------------------------------------------------
Start Applying XDC Timing Constraints
---------------------------------------------------------------------------------
---------------------------------------------------------------------------------
Finished Applying XDC Timing Constraints : Time (s): cpu = 00:00:05 ; elapsed = 00:00:59 . Memory (MB): peak = 3725.691 ; gain = 1067.258
---------------------------------------------------------------------------------
---------------------------------------------------------------------------------
Start Timing Optimization
---------------------------------------------------------------------------------
---------------------------------------------------------------------------------
Finished Timing Optimization : Time (s): cpu = 00:00:06 ; elapsed = 00:01:08 . Memory (MB): peak = 3813.863 ; gain = 1155.430
---------------------------------------------------------------------------------
---------------------------------------------------------------------------------
Start Technology Mapping
---------------------------------------------------------------------------------
---------------------------------------------------------------------------------
Finished Technology Mapping : Time (s): cpu = 00:00:06 ; elapsed = 00:01:08 . Memory (MB): peak = 3824.285 ; gain = 1165.852
---------------------------------------------------------------------------------
---------------------------------------------------------------------------------
Start IO Insertion
---------------------------------------------------------------------------------
---------------------------------------------------------------------------------
Start Flattening Before IO Insertion
---------------------------------------------------------------------------------
---------------------------------------------------------------------------------
Finished Flattening Before IO Insertion
---------------------------------------------------------------------------------
---------------------------------------------------------------------------------
Start Final Netlist Cleanup
---------------------------------------------------------------------------------
---------------------------------------------------------------------------------
Finished Final Netlist Cleanup
---------------------------------------------------------------------------------
---------------------------------------------------------------------------------
Finished IO Insertion : Time (s): cpu = 00:00:06 ; elapsed = 00:01:11 . Memory (MB): peak = 3824.285 ; gain = 1165.852
---------------------------------------------------------------------------------
---------------------------------------------------------------------------------
Start Renaming Generated Instances
---------------------------------------------------------------------------------
---------------------------------------------------------------------------------
Finished Renaming Generated Instances : Time (s): cpu = 00:00:06 ; elapsed = 00:01:11 . Memory (MB): peak = 3824.285 ; gain = 1165.852
---------------------------------------------------------------------------------
---------------------------------------------------------------------------------
Start Rebuilding User Hierarchy
---------------------------------------------------------------------------------
---------------------------------------------------------------------------------
Finished Rebuilding User Hierarchy : Time (s): cpu = 00:00:06 ; elapsed = 00:01:11 . Memory (MB): peak = 3824.285 ; gain = 1165.852
---------------------------------------------------------------------------------
---------------------------------------------------------------------------------
Start Renaming Generated Ports
---------------------------------------------------------------------------------
---------------------------------------------------------------------------------
Finished Renaming Generated Ports : Time (s): cpu = 00:00:06 ; elapsed = 00:01:12 . Memory (MB): peak = 3824.285 ; gain = 1165.852
---------------------------------------------------------------------------------
---------------------------------------------------------------------------------
Start Handling Custom Attributes
---------------------------------------------------------------------------------
---------------------------------------------------------------------------------
Finished Handling Custom Attributes : Time (s): cpu = 00:00:06 ; elapsed = 00:01:12 . Memory (MB): peak = 3824.285 ; gain = 1165.852
---------------------------------------------------------------------------------
---------------------------------------------------------------------------------
Start Renaming Generated Nets
---------------------------------------------------------------------------------
---------------------------------------------------------------------------------
Finished Renaming Generated Nets : Time (s): cpu = 00:00:06 ; elapsed = 00:01:12 . Memory (MB): peak = 3824.285 ; gain = 1165.852
---------------------------------------------------------------------------------
---------------------------------------------------------------------------------
Start ROM, RAM, DSP, Shift Register and Retiming Reporting
---------------------------------------------------------------------------------

Dynamic Shift Register Report:
+------------+------------------------------------------------+--------+------------+--------+---------+--------+--------+--------+
|Module Name | RTL Name                                       | Length | Data Width | SRL16E | SRLC32E | Mux F7 | Mux F8 | Mux F9 | 
+------------+------------------------------------------------+--------+------------+--------+---------+--------+--------+--------+
|dsrl        | gen_rtl_shifter.gen_inferred_srl.shift_reg_reg | 32     | 1          | 0      | 1       | 0      | 0      | 0      | 
|dsrl__1     | gen_rtl_shifter.gen_inferred_srl.shift_reg_reg | 32     | 1          | 0      | 1       | 0      | 0      | 0      | 
|dsrl__2     | gen_rtl_shifter.gen_inferred_srl.shift_reg_reg | 32     | 1          | 0      | 1       | 0      | 0      | 0      | 
+------------+------------------------------------------------+--------+------------+--------+---------+--------+--------+--------+

---------------------------------------------------------------------------------
Finished ROM, RAM, DSP, Shift Register and Retiming Reporting
---------------------------------------------------------------------------------
---------------------------------------------------------------------------------
Start Writing Synthesis Report
---------------------------------------------------------------------------------

Report BlackBoxes: 
+-+--------------+----------+
| |BlackBox name |Instances |
+-+--------------+----------+
+-+--------------+----------+

Report Cell Usage: 
+------+--------+------+
|      |Cell    |Count |
+------+--------+------+
|1     |LUT1    |    30|
|2     |LUT2    |    15|
|3     |LUT3    |   147|
|4     |LUT4    |    93|
|5     |LUT5    |   102|
|6     |LUT6    |   414|
|7     |SRLC32E |     2|
|8     |FDRE    |   951|
|9     |FDSE    |    13|
+------+--------+------+
---------------------------------------------------------------------------------
Finished Writing Synthesis Report : Time (s): cpu = 00:00:06 ; elapsed = 00:01:12 . Memory (MB): peak = 3824.285 ; gain = 1165.852
---------------------------------------------------------------------------------
Synthesis finished with 0 errors, 0 critical warnings and 54 warnings.
Synthesis Optimization Runtime : Time (s): cpu = 00:00:03 ; elapsed = 00:01:04 . Memory (MB): peak = 3824.285 ; gain = 1134.648
Synthesis Optimization Complete : Time (s): cpu = 00:00:06 ; elapsed = 00:01:12 . Memory (MB): peak = 3824.285 ; gain = 1165.852
INFO: [Project 1-571] Translating synthesized netlist
Netlist sorting complete. Time (s): cpu = 00:00:00 ; elapsed = 00:00:00.041 . Memory (MB): peak = 3827.109 ; gain = 0.000
INFO: [Project 1-570] Preparing netlist for logic optimization
INFO: [Opt 31-138] Pushed 0 inverter(s) to 0 load pin(s).
Netlist sorting complete. Time (s): cpu = 00:00:00 ; elapsed = 00:00:00.001 . Memory (MB): peak = 3853.730 ; gain = 0.000
INFO: [Project 1-111] Unisim Transformation Summary:
No Unisim elements were transformed.

Synth Design complete | Checksum: 38ccc22e
INFO: [Common 17-83] Releasing license: Synthesis
87 Infos, 133 Warnings, 0 Critical Warnings and 0 Errors encountered.
synth_design completed successfully
synth_design: Time (s): cpu = 00:00:07 ; elapsed = 00:01:23 . Memory (MB): peak = 3853.730 ; gain = 2394.711
INFO: [Common 17-1381] The checkpoint 'E:/vivao_workspace/fft_dma/719C_AXI_DMA_0915/719C_AXI_DMA_0915.runs/ps_dma_fft_xbar_0_synth_1/ps_dma_fft_xbar_0.dcp' has been generated.
INFO: [Coretcl 2-1648] Added synthesis output to IP cache for IP ps_dma_fft_xbar_0, cache-ID = 70766b7e0f43c2f2
INFO: [Coretcl 2-1174] Renamed 24 cell refs.
INFO: [Common 17-1381] The checkpoint 'E:/vivao_workspace/fft_dma/719C_AXI_DMA_0915/719C_AXI_DMA_0915.runs/ps_dma_fft_xbar_0_synth_1/ps_dma_fft_xbar_0.dcp' has been generated.
INFO: [runtcl-4] Executing : report_utilization -file ps_dma_fft_xbar_0_utilization_synth.rpt -pb ps_dma_fft_xbar_0_utilization_synth.pb
INFO: [Common 17-206] Exiting Vivado at Wed Sep 16 19:26:24 2026...
