
*** Running vivado
    with args -log ps_dma_fft_wrapper.vds -m64 -product Vivado -mode batch -messageDb vivado.pb -notrace -source ps_dma_fft_wrapper.tcl



****** Vivado v2023.1 (64-bit)
  **** SW Build 3865809 on Sun May  7 15:05:29 MDT 2023
  **** IP Build 3864474 on Sun May  7 20:36:21 MDT 2023
  **** SharedData Build 3865790 on Sun May 07 13:33:03 MDT 2023
    ** Copyright 1986-2022 Xilinx, Inc. All Rights Reserved.
    ** Copyright 2022-2023 Advanced Micro Devices, Inc. All Rights Reserved.

source ps_dma_fft_wrapper.tcl -notrace
create_project: Time (s): cpu = 00:00:01 ; elapsed = 00:00:06 . Memory (MB): peak = 1382.535 ; gain = 161.559
INFO: [IP_Flow 19-234] Refreshing IP repositories
INFO: [IP_Flow 19-1704] No user IP repositories specified
INFO: [IP_Flow 19-2313] Loaded Vivado IP repository 'C:/Xilinx/Vivado/2023.1/data/ip'.
Command: read_checkpoint -auto_incremental -incremental E:/vivao_workspace/fft_dma/719C_AXI_DMA_0915/719C_AXI_DMA_0915.srcs/utils_1/imports/synth_1/ps_dma_fft_wrapper.dcp
INFO: [Vivado 12-5825] Read reference checkpoint from E:/vivao_workspace/fft_dma/719C_AXI_DMA_0915/719C_AXI_DMA_0915.srcs/utils_1/imports/synth_1/ps_dma_fft_wrapper.dcp for incremental synthesis
INFO: [Vivado 12-7989] Please ensure there are no constraint changes
Command: synth_design -top ps_dma_fft_wrapper -part xczu19eg_SE-ffvc1760-2-i
Starting synth_design
Attempting to get a license for feature 'Synthesis' and/or device 'xczu19eg_SE'
INFO: [Common 17-349] Got license for feature 'Synthesis' and/or device 'xczu19eg_SE'
INFO: [Device 21-403] Loading part xczu19eg_SE-ffvc1760-2-i
WARNING: [Device 21-425] Part: xczu19eg_se is not listed in special parts list.
INFO: [Designutils 20-5440] No compile time benefit to using incremental synthesis; A full resynthesis will be run
INFO: [Designutils 20-4379] Flow is switching to default flow due to incremental criteria not met. If you would like to alter this behaviour and have the flow terminate instead, please set the following parameter config_implementation {autoIncr.Synth.RejectBehavior Terminate}
INFO: [Synth 8-7079] Multithreading enabled for synth_design using a maximum of 2 processes.
INFO: [Synth 8-7078] Launching helper process for spawning children vivado processes
INFO: [Synth 8-7075] Helper process launched with PID 80528
---------------------------------------------------------------------------------
Starting RTL Elaboration : Time (s): cpu = 00:00:00 ; elapsed = 00:00:04 . Memory (MB): peak = 3058.223 ; gain = 358.359
---------------------------------------------------------------------------------
INFO: [Synth 8-6157] synthesizing module 'ps_dma_fft_wrapper' [E:/vivao_workspace/fft_dma/719C_AXI_DMA_0915/719C_AXI_DMA_0915.gen/sources_1/bd/ps_dma_fft/hdl/ps_dma_fft_wrapper.v:13]
INFO: [Synth 8-6157] synthesizing module 'ps_dma_fft' [e:/vivao_workspace/fft_dma/719C_AXI_DMA_0915/719C_AXI_DMA_0915.gen/sources_1/bd/ps_dma_fft/synth/ps_dma_fft.v:594]
INFO: [Synth 8-6157] synthesizing module 'ps_dma_fft_axi_bram_ctrl_0_0' [E:/vivao_workspace/fft_dma/719C_AXI_DMA_0915/719C_AXI_DMA_0915.runs/synth_1/.Xil/Vivado-74628-zc-os/realtime/ps_dma_fft_axi_bram_ctrl_0_0_stub.v:6]
INFO: [Synth 8-6155] done synthesizing module 'ps_dma_fft_axi_bram_ctrl_0_0' (0#1) [E:/vivao_workspace/fft_dma/719C_AXI_DMA_0915/719C_AXI_DMA_0915.runs/synth_1/.Xil/Vivado-74628-zc-os/realtime/ps_dma_fft_axi_bram_ctrl_0_0_stub.v:6]
INFO: [Synth 8-6157] synthesizing module 'ps_dma_fft_axi_cdma_0_0' [E:/vivao_workspace/fft_dma/719C_AXI_DMA_0915/719C_AXI_DMA_0915.runs/synth_1/.Xil/Vivado-74628-zc-os/realtime/ps_dma_fft_axi_cdma_0_0_stub.v:6]
INFO: [Synth 8-6155] done synthesizing module 'ps_dma_fft_axi_cdma_0_0' (0#1) [E:/vivao_workspace/fft_dma/719C_AXI_DMA_0915/719C_AXI_DMA_0915.runs/synth_1/.Xil/Vivado-74628-zc-os/realtime/ps_dma_fft_axi_cdma_0_0_stub.v:6]
WARNING: [Synth 8-7071] port 'cdma_introut' of module 'ps_dma_fft_axi_cdma_0_0' is unconnected for instance 'axi_cdma_0' [e:/vivao_workspace/fft_dma/719C_AXI_DMA_0915/719C_AXI_DMA_0915.gen/sources_1/bd/ps_dma_fft/synth/ps_dma_fft.v:818]
WARNING: [Synth 8-7071] port 'cdma_tvect_out' of module 'ps_dma_fft_axi_cdma_0_0' is unconnected for instance 'axi_cdma_0' [e:/vivao_workspace/fft_dma/719C_AXI_DMA_0915/719C_AXI_DMA_0915.gen/sources_1/bd/ps_dma_fft/synth/ps_dma_fft.v:818]
WARNING: [Synth 8-7023] instance 'axi_cdma_0' of module 'ps_dma_fft_axi_cdma_0_0' has 50 connections declared, but only 48 given [e:/vivao_workspace/fft_dma/719C_AXI_DMA_0915/719C_AXI_DMA_0915.gen/sources_1/bd/ps_dma_fft/synth/ps_dma_fft.v:818]
INFO: [Synth 8-6157] synthesizing module 'ps_dma_fft_axi_interconnect_0_0' [e:/vivao_workspace/fft_dma/719C_AXI_DMA_0915/719C_AXI_DMA_0915.gen/sources_1/bd/ps_dma_fft/synth/ps_dma_fft.v:1143]
INFO: [Synth 8-6157] synthesizing module 'm00_couplers_imp_1NY2L79' [e:/vivao_workspace/fft_dma/719C_AXI_DMA_0915/719C_AXI_DMA_0915.gen/sources_1/bd/ps_dma_fft/synth/ps_dma_fft.v:13]
INFO: [Synth 8-6157] synthesizing module 'ps_dma_fft_auto_pc_0' [E:/vivao_workspace/fft_dma/719C_AXI_DMA_0915/719C_AXI_DMA_0915.runs/synth_1/.Xil/Vivado-74628-zc-os/realtime/ps_dma_fft_auto_pc_0_stub.v:6]
INFO: [Synth 8-6155] done synthesizing module 'ps_dma_fft_auto_pc_0' (0#1) [E:/vivao_workspace/fft_dma/719C_AXI_DMA_0915/719C_AXI_DMA_0915.runs/synth_1/.Xil/Vivado-74628-zc-os/realtime/ps_dma_fft_auto_pc_0_stub.v:6]
WARNING: [Synth 8-7071] port 'm_axi_awprot' of module 'ps_dma_fft_auto_pc_0' is unconnected for instance 'auto_pc' [e:/vivao_workspace/fft_dma/719C_AXI_DMA_0915/719C_AXI_DMA_0915.gen/sources_1/bd/ps_dma_fft/synth/ps_dma_fft.v:248]
WARNING: [Synth 8-7071] port 'm_axi_wstrb' of module 'ps_dma_fft_auto_pc_0' is unconnected for instance 'auto_pc' [e:/vivao_workspace/fft_dma/719C_AXI_DMA_0915/719C_AXI_DMA_0915.gen/sources_1/bd/ps_dma_fft/synth/ps_dma_fft.v:248]
WARNING: [Synth 8-7071] port 'm_axi_arprot' of module 'ps_dma_fft_auto_pc_0' is unconnected for instance 'auto_pc' [e:/vivao_workspace/fft_dma/719C_AXI_DMA_0915/719C_AXI_DMA_0915.gen/sources_1/bd/ps_dma_fft/synth/ps_dma_fft.v:248]
WARNING: [Synth 8-7023] instance 'auto_pc' of module 'ps_dma_fft_auto_pc_0' has 60 connections declared, but only 57 given [e:/vivao_workspace/fft_dma/719C_AXI_DMA_0915/719C_AXI_DMA_0915.gen/sources_1/bd/ps_dma_fft/synth/ps_dma_fft.v:248]
INFO: [Synth 8-6155] done synthesizing module 'm00_couplers_imp_1NY2L79' (0#1) [e:/vivao_workspace/fft_dma/719C_AXI_DMA_0915/719C_AXI_DMA_0915.gen/sources_1/bd/ps_dma_fft/synth/ps_dma_fft.v:13]
INFO: [Synth 8-6157] synthesizing module 'm01_couplers_imp_1GK0HW3' [e:/vivao_workspace/fft_dma/719C_AXI_DMA_0915/719C_AXI_DMA_0915.gen/sources_1/bd/ps_dma_fft/synth/ps_dma_fft.v:308]
INFO: [Synth 8-6155] done synthesizing module 'm01_couplers_imp_1GK0HW3' (0#1) [e:/vivao_workspace/fft_dma/719C_AXI_DMA_0915/719C_AXI_DMA_0915.gen/sources_1/bd/ps_dma_fft/synth/ps_dma_fft.v:308]
INFO: [Synth 8-6157] synthesizing module 's00_couplers_imp_1FOPW5W' [e:/vivao_workspace/fft_dma/719C_AXI_DMA_0915/719C_AXI_DMA_0915.gen/sources_1/bd/ps_dma_fft/synth/ps_dma_fft.v:1972]
INFO: [Synth 8-6155] done synthesizing module 's00_couplers_imp_1FOPW5W' (0#1) [e:/vivao_workspace/fft_dma/719C_AXI_DMA_0915/719C_AXI_DMA_0915.gen/sources_1/bd/ps_dma_fft/synth/ps_dma_fft.v:1972]
INFO: [Synth 8-6157] synthesizing module 'ps_dma_fft_xbar_0' [E:/vivao_workspace/fft_dma/719C_AXI_DMA_0915/719C_AXI_DMA_0915.runs/synth_1/.Xil/Vivado-74628-zc-os/realtime/ps_dma_fft_xbar_0_stub.v:6]
INFO: [Synth 8-6155] done synthesizing module 'ps_dma_fft_xbar_0' (0#1) [E:/vivao_workspace/fft_dma/719C_AXI_DMA_0915/719C_AXI_DMA_0915.runs/synth_1/.Xil/Vivado-74628-zc-os/realtime/ps_dma_fft_xbar_0_stub.v:6]
WARNING: [Synth 8-689] width (4) of port connection 'm_axi_arregion' does not match port width (8) of module 'ps_dma_fft_xbar_0' [e:/vivao_workspace/fft_dma/719C_AXI_DMA_0915/719C_AXI_DMA_0915.gen/sources_1/bd/ps_dma_fft/synth/ps_dma_fft.v:1899]
WARNING: [Synth 8-689] width (4) of port connection 'm_axi_awregion' does not match port width (8) of module 'ps_dma_fft_xbar_0' [e:/vivao_workspace/fft_dma/719C_AXI_DMA_0915/719C_AXI_DMA_0915.gen/sources_1/bd/ps_dma_fft/synth/ps_dma_fft.v:1912]
INFO: [Synth 8-6155] done synthesizing module 'ps_dma_fft_axi_interconnect_0_0' (0#1) [e:/vivao_workspace/fft_dma/719C_AXI_DMA_0915/719C_AXI_DMA_0915.gen/sources_1/bd/ps_dma_fft/synth/ps_dma_fft.v:1143]
INFO: [Synth 8-6157] synthesizing module 'ps_dma_fft_blk_mem_gen_0_0' [E:/vivao_workspace/fft_dma/719C_AXI_DMA_0915/719C_AXI_DMA_0915.runs/synth_1/.Xil/Vivado-74628-zc-os/realtime/ps_dma_fft_blk_mem_gen_0_0_stub.v:6]
INFO: [Synth 8-6155] done synthesizing module 'ps_dma_fft_blk_mem_gen_0_0' (0#1) [E:/vivao_workspace/fft_dma/719C_AXI_DMA_0915/719C_AXI_DMA_0915.runs/synth_1/.Xil/Vivado-74628-zc-os/realtime/ps_dma_fft_blk_mem_gen_0_0_stub.v:6]
WARNING: [Synth 8-7071] port 'rsta_busy' of module 'ps_dma_fft_blk_mem_gen_0_0' is unconnected for instance 'blk_mem_gen_0' [e:/vivao_workspace/fft_dma/719C_AXI_DMA_0915/719C_AXI_DMA_0915.gen/sources_1/bd/ps_dma_fft/synth/ps_dma_fft.v:970]
WARNING: [Synth 8-7071] port 'rstb_busy' of module 'ps_dma_fft_blk_mem_gen_0_0' is unconnected for instance 'blk_mem_gen_0' [e:/vivao_workspace/fft_dma/719C_AXI_DMA_0915/719C_AXI_DMA_0915.gen/sources_1/bd/ps_dma_fft/synth/ps_dma_fft.v:970]
WARNING: [Synth 8-7023] instance 'blk_mem_gen_0' of module 'ps_dma_fft_blk_mem_gen_0_0' has 16 connections declared, but only 14 given [e:/vivao_workspace/fft_dma/719C_AXI_DMA_0915/719C_AXI_DMA_0915.gen/sources_1/bd/ps_dma_fft/synth/ps_dma_fft.v:970]
INFO: [Synth 8-6157] synthesizing module 'ps_dma_fft_rst_ps8_0_96M_0' [E:/vivao_workspace/fft_dma/719C_AXI_DMA_0915/719C_AXI_DMA_0915.runs/synth_1/.Xil/Vivado-74628-zc-os/realtime/ps_dma_fft_rst_ps8_0_96M_0_stub.v:6]
INFO: [Synth 8-6155] done synthesizing module 'ps_dma_fft_rst_ps8_0_96M_0' (0#1) [E:/vivao_workspace/fft_dma/719C_AXI_DMA_0915/719C_AXI_DMA_0915.runs/synth_1/.Xil/Vivado-74628-zc-os/realtime/ps_dma_fft_rst_ps8_0_96M_0_stub.v:6]
WARNING: [Synth 8-7071] port 'mb_reset' of module 'ps_dma_fft_rst_ps8_0_96M_0' is unconnected for instance 'rst_ps8_0_96M' [e:/vivao_workspace/fft_dma/719C_AXI_DMA_0915/719C_AXI_DMA_0915.gen/sources_1/bd/ps_dma_fft/synth/ps_dma_fft.v:985]
WARNING: [Synth 8-7071] port 'bus_struct_reset' of module 'ps_dma_fft_rst_ps8_0_96M_0' is unconnected for instance 'rst_ps8_0_96M' [e:/vivao_workspace/fft_dma/719C_AXI_DMA_0915/719C_AXI_DMA_0915.gen/sources_1/bd/ps_dma_fft/synth/ps_dma_fft.v:985]
WARNING: [Synth 8-7071] port 'peripheral_reset' of module 'ps_dma_fft_rst_ps8_0_96M_0' is unconnected for instance 'rst_ps8_0_96M' [e:/vivao_workspace/fft_dma/719C_AXI_DMA_0915/719C_AXI_DMA_0915.gen/sources_1/bd/ps_dma_fft/synth/ps_dma_fft.v:985]
WARNING: [Synth 8-7071] port 'interconnect_aresetn' of module 'ps_dma_fft_rst_ps8_0_96M_0' is unconnected for instance 'rst_ps8_0_96M' [e:/vivao_workspace/fft_dma/719C_AXI_DMA_0915/719C_AXI_DMA_0915.gen/sources_1/bd/ps_dma_fft/synth/ps_dma_fft.v:985]
WARNING: [Synth 8-7023] instance 'rst_ps8_0_96M' of module 'ps_dma_fft_rst_ps8_0_96M_0' has 10 connections declared, but only 6 given [e:/vivao_workspace/fft_dma/719C_AXI_DMA_0915/719C_AXI_DMA_0915.gen/sources_1/bd/ps_dma_fft/synth/ps_dma_fft.v:985]
INFO: [Synth 8-6157] synthesizing module 'ps_dma_fft_smartconnect_0_0' [E:/vivao_workspace/fft_dma/719C_AXI_DMA_0915/719C_AXI_DMA_0915.runs/synth_1/.Xil/Vivado-74628-zc-os/realtime/ps_dma_fft_smartconnect_0_0_stub.v:6]
INFO: [Synth 8-6155] done synthesizing module 'ps_dma_fft_smartconnect_0_0' (0#1) [E:/vivao_workspace/fft_dma/719C_AXI_DMA_0915/719C_AXI_DMA_0915.runs/synth_1/.Xil/Vivado-74628-zc-os/realtime/ps_dma_fft_smartconnect_0_0_stub.v:6]
WARNING: [Synth 8-7071] port 'M00_AXI_awqos' of module 'ps_dma_fft_smartconnect_0_0' is unconnected for instance 'smartconnect_0' [e:/vivao_workspace/fft_dma/719C_AXI_DMA_0915/719C_AXI_DMA_0915.gen/sources_1/bd/ps_dma_fft/synth/ps_dma_fft.v:992]
WARNING: [Synth 8-7071] port 'M00_AXI_arqos' of module 'ps_dma_fft_smartconnect_0_0' is unconnected for instance 'smartconnect_0' [e:/vivao_workspace/fft_dma/719C_AXI_DMA_0915/719C_AXI_DMA_0915.gen/sources_1/bd/ps_dma_fft/synth/ps_dma_fft.v:992]
WARNING: [Synth 8-7071] port 'M00_AXI_awuser' of module 'ps_dma_fft_smartconnect_0_0' is unconnected for instance 'smartconnect_0' [e:/vivao_workspace/fft_dma/719C_AXI_DMA_0915/719C_AXI_DMA_0915.gen/sources_1/bd/ps_dma_fft/synth/ps_dma_fft.v:992]
WARNING: [Synth 8-7071] port 'M00_AXI_aruser' of module 'ps_dma_fft_smartconnect_0_0' is unconnected for instance 'smartconnect_0' [e:/vivao_workspace/fft_dma/719C_AXI_DMA_0915/719C_AXI_DMA_0915.gen/sources_1/bd/ps_dma_fft/synth/ps_dma_fft.v:992]
WARNING: [Synth 8-7023] instance 'smartconnect_0' of module 'ps_dma_fft_smartconnect_0_0' has 109 connections declared, but only 105 given [e:/vivao_workspace/fft_dma/719C_AXI_DMA_0915/719C_AXI_DMA_0915.gen/sources_1/bd/ps_dma_fft/synth/ps_dma_fft.v:992]
INFO: [Synth 8-6157] synthesizing module 'ps_dma_fft_zynq_ultra_ps_e_0_0' [E:/vivao_workspace/fft_dma/719C_AXI_DMA_0915/719C_AXI_DMA_0915.runs/synth_1/.Xil/Vivado-74628-zc-os/realtime/ps_dma_fft_zynq_ultra_ps_e_0_0_stub.v:6]
INFO: [Synth 8-6155] done synthesizing module 'ps_dma_fft_zynq_ultra_ps_e_0_0' (0#1) [E:/vivao_workspace/fft_dma/719C_AXI_DMA_0915/719C_AXI_DMA_0915.runs/synth_1/.Xil/Vivado-74628-zc-os/realtime/ps_dma_fft_zynq_ultra_ps_e_0_0_stub.v:6]
INFO: [Synth 8-6155] done synthesizing module 'ps_dma_fft' (0#1) [e:/vivao_workspace/fft_dma/719C_AXI_DMA_0915/719C_AXI_DMA_0915.gen/sources_1/bd/ps_dma_fft/synth/ps_dma_fft.v:594]
INFO: [Synth 8-6155] done synthesizing module 'ps_dma_fft_wrapper' (0#1) [E:/vivao_workspace/fft_dma/719C_AXI_DMA_0915/719C_AXI_DMA_0915.gen/sources_1/bd/ps_dma_fft/hdl/ps_dma_fft_wrapper.v:13]
WARNING: [Synth 8-7129] Port M_ACLK in module s00_couplers_imp_1FOPW5W is either unconnected or has no load
WARNING: [Synth 8-7129] Port M_ARESETN in module s00_couplers_imp_1FOPW5W is either unconnected or has no load
WARNING: [Synth 8-7129] Port S_ACLK in module s00_couplers_imp_1FOPW5W is either unconnected or has no load
WARNING: [Synth 8-7129] Port S_ARESETN in module s00_couplers_imp_1FOPW5W is either unconnected or has no load
WARNING: [Synth 8-7129] Port M_ACLK in module m01_couplers_imp_1GK0HW3 is either unconnected or has no load
WARNING: [Synth 8-7129] Port M_ARESETN in module m01_couplers_imp_1GK0HW3 is either unconnected or has no load
WARNING: [Synth 8-7129] Port S_ACLK in module m01_couplers_imp_1GK0HW3 is either unconnected or has no load
WARNING: [Synth 8-7129] Port S_ARESETN in module m01_couplers_imp_1GK0HW3 is either unconnected or has no load
WARNING: [Synth 8-7129] Port M_ACLK in module m00_couplers_imp_1NY2L79 is either unconnected or has no load
WARNING: [Synth 8-7129] Port M_ARESETN in module m00_couplers_imp_1NY2L79 is either unconnected or has no load
WARNING: [Synth 8-7129] Port M00_ACLK in module ps_dma_fft_axi_interconnect_0_0 is either unconnected or has no load
WARNING: [Synth 8-7129] Port M00_ARESETN in module ps_dma_fft_axi_interconnect_0_0 is either unconnected or has no load
WARNING: [Synth 8-7129] Port M01_ACLK in module ps_dma_fft_axi_interconnect_0_0 is either unconnected or has no load
WARNING: [Synth 8-7129] Port M01_ARESETN in module ps_dma_fft_axi_interconnect_0_0 is either unconnected or has no load
WARNING: [Synth 8-7129] Port S00_ACLK in module ps_dma_fft_axi_interconnect_0_0 is either unconnected or has no load
WARNING: [Synth 8-7129] Port S00_ARESETN in module ps_dma_fft_axi_interconnect_0_0 is either unconnected or has no load
---------------------------------------------------------------------------------
Finished RTL Elaboration : Time (s): cpu = 00:00:00 ; elapsed = 00:00:05 . Memory (MB): peak = 3158.527 ; gain = 458.664
---------------------------------------------------------------------------------
---------------------------------------------------------------------------------
Start Handling Custom Attributes
---------------------------------------------------------------------------------
---------------------------------------------------------------------------------
Finished Handling Custom Attributes : Time (s): cpu = 00:00:00 ; elapsed = 00:00:05 . Memory (MB): peak = 3176.449 ; gain = 476.586
---------------------------------------------------------------------------------
---------------------------------------------------------------------------------
Finished RTL Optimization Phase 1 : Time (s): cpu = 00:00:00 ; elapsed = 00:00:05 . Memory (MB): peak = 3176.449 ; gain = 476.586
---------------------------------------------------------------------------------
Netlist sorting complete. Time (s): cpu = 00:00:00 ; elapsed = 00:00:00.021 . Memory (MB): peak = 3176.449 ; gain = 0.000
INFO: [Project 1-570] Preparing netlist for logic optimization

Processing XDC Constraints
Initializing timing engine
Parsing XDC File [e:/vivao_workspace/fft_dma/719C_AXI_DMA_0915/719C_AXI_DMA_0915.gen/sources_1/bd/ps_dma_fft/ip/ps_dma_fft_zynq_ultra_ps_e_0_0/ps_dma_fft_zynq_ultra_ps_e_0_0/ps_dma_fft_zynq_ultra_ps_e_0_0_in_context.xdc] for cell 'ps_dma_fft_i/zynq_ultra_ps_e_0'
Finished Parsing XDC File [e:/vivao_workspace/fft_dma/719C_AXI_DMA_0915/719C_AXI_DMA_0915.gen/sources_1/bd/ps_dma_fft/ip/ps_dma_fft_zynq_ultra_ps_e_0_0/ps_dma_fft_zynq_ultra_ps_e_0_0/ps_dma_fft_zynq_ultra_ps_e_0_0_in_context.xdc] for cell 'ps_dma_fft_i/zynq_ultra_ps_e_0'
Parsing XDC File [e:/vivao_workspace/fft_dma/719C_AXI_DMA_0915/719C_AXI_DMA_0915.gen/sources_1/bd/ps_dma_fft/ip/ps_dma_fft_xbar_0/ps_dma_fft_xbar_0/ps_dma_fft_xbar_0_in_context.xdc] for cell 'ps_dma_fft_i/axi_interconnect_0/xbar'
Finished Parsing XDC File [e:/vivao_workspace/fft_dma/719C_AXI_DMA_0915/719C_AXI_DMA_0915.gen/sources_1/bd/ps_dma_fft/ip/ps_dma_fft_xbar_0/ps_dma_fft_xbar_0/ps_dma_fft_xbar_0_in_context.xdc] for cell 'ps_dma_fft_i/axi_interconnect_0/xbar'
Parsing XDC File [e:/vivao_workspace/fft_dma/719C_AXI_DMA_0915/719C_AXI_DMA_0915.gen/sources_1/bd/ps_dma_fft/ip/ps_dma_fft_auto_pc_0/ps_dma_fft_auto_pc_0/ps_dma_fft_auto_pc_0_in_context.xdc] for cell 'ps_dma_fft_i/axi_interconnect_0/m00_couplers/auto_pc'
Finished Parsing XDC File [e:/vivao_workspace/fft_dma/719C_AXI_DMA_0915/719C_AXI_DMA_0915.gen/sources_1/bd/ps_dma_fft/ip/ps_dma_fft_auto_pc_0/ps_dma_fft_auto_pc_0/ps_dma_fft_auto_pc_0_in_context.xdc] for cell 'ps_dma_fft_i/axi_interconnect_0/m00_couplers/auto_pc'
Parsing XDC File [e:/vivao_workspace/fft_dma/719C_AXI_DMA_0915/719C_AXI_DMA_0915.gen/sources_1/bd/ps_dma_fft/ip/ps_dma_fft_axi_bram_ctrl_0_0/ps_dma_fft_axi_bram_ctrl_0_0/ps_dma_fft_axi_bram_ctrl_0_0_in_context.xdc] for cell 'ps_dma_fft_i/axi_bram_ctrl_0'
Finished Parsing XDC File [e:/vivao_workspace/fft_dma/719C_AXI_DMA_0915/719C_AXI_DMA_0915.gen/sources_1/bd/ps_dma_fft/ip/ps_dma_fft_axi_bram_ctrl_0_0/ps_dma_fft_axi_bram_ctrl_0_0/ps_dma_fft_axi_bram_ctrl_0_0_in_context.xdc] for cell 'ps_dma_fft_i/axi_bram_ctrl_0'
Parsing XDC File [e:/vivao_workspace/fft_dma/719C_AXI_DMA_0915/719C_AXI_DMA_0915.gen/sources_1/bd/ps_dma_fft/ip/ps_dma_fft_blk_mem_gen_0_0/ps_dma_fft_blk_mem_gen_0_0/ps_dma_fft_blk_mem_gen_0_0_in_context.xdc] for cell 'ps_dma_fft_i/blk_mem_gen_0'
Finished Parsing XDC File [e:/vivao_workspace/fft_dma/719C_AXI_DMA_0915/719C_AXI_DMA_0915.gen/sources_1/bd/ps_dma_fft/ip/ps_dma_fft_blk_mem_gen_0_0/ps_dma_fft_blk_mem_gen_0_0/ps_dma_fft_blk_mem_gen_0_0_in_context.xdc] for cell 'ps_dma_fft_i/blk_mem_gen_0'
Parsing XDC File [e:/vivao_workspace/fft_dma/719C_AXI_DMA_0915/719C_AXI_DMA_0915.gen/sources_1/bd/ps_dma_fft/ip/ps_dma_fft_rst_ps8_0_96M_0/ps_dma_fft_rst_ps8_0_96M_0/ps_dma_fft_rst_ps8_0_96M_0_in_context.xdc] for cell 'ps_dma_fft_i/rst_ps8_0_96M'
Finished Parsing XDC File [e:/vivao_workspace/fft_dma/719C_AXI_DMA_0915/719C_AXI_DMA_0915.gen/sources_1/bd/ps_dma_fft/ip/ps_dma_fft_rst_ps8_0_96M_0/ps_dma_fft_rst_ps8_0_96M_0/ps_dma_fft_rst_ps8_0_96M_0_in_context.xdc] for cell 'ps_dma_fft_i/rst_ps8_0_96M'
Parsing XDC File [e:/vivao_workspace/fft_dma/719C_AXI_DMA_0915/719C_AXI_DMA_0915.gen/sources_1/bd/ps_dma_fft/ip/ps_dma_fft_axi_cdma_0_0/ps_dma_fft_axi_cdma_0_0/ps_dma_fft_axi_cdma_0_0_in_context.xdc] for cell 'ps_dma_fft_i/axi_cdma_0'
Finished Parsing XDC File [e:/vivao_workspace/fft_dma/719C_AXI_DMA_0915/719C_AXI_DMA_0915.gen/sources_1/bd/ps_dma_fft/ip/ps_dma_fft_axi_cdma_0_0/ps_dma_fft_axi_cdma_0_0/ps_dma_fft_axi_cdma_0_0_in_context.xdc] for cell 'ps_dma_fft_i/axi_cdma_0'
Parsing XDC File [e:/vivao_workspace/fft_dma/719C_AXI_DMA_0915/719C_AXI_DMA_0915.gen/sources_1/bd/ps_dma_fft/ip/ps_dma_fft_smartconnect_0_0/ps_dma_fft_smartconnect_0_0/ps_dma_fft_smartconnect_0_0_in_context.xdc] for cell 'ps_dma_fft_i/smartconnect_0'
Finished Parsing XDC File [e:/vivao_workspace/fft_dma/719C_AXI_DMA_0915/719C_AXI_DMA_0915.gen/sources_1/bd/ps_dma_fft/ip/ps_dma_fft_smartconnect_0_0/ps_dma_fft_smartconnect_0_0/ps_dma_fft_smartconnect_0_0_in_context.xdc] for cell 'ps_dma_fft_i/smartconnect_0'
Parsing XDC File [E:/vivao_workspace/fft_dma/719C_AXI_DMA_0915/719C_AXI_DMA_0915.runs/synth_1/dont_touch.xdc]
Finished Parsing XDC File [E:/vivao_workspace/fft_dma/719C_AXI_DMA_0915/719C_AXI_DMA_0915.runs/synth_1/dont_touch.xdc]
Completed Processing XDC Constraints

Netlist sorting complete. Time (s): cpu = 00:00:00 ; elapsed = 00:00:00 . Memory (MB): peak = 3213.555 ; gain = 0.000
INFO: [Project 1-111] Unisim Transformation Summary:
No Unisim elements were transformed.

Constraint Validation Runtime : Time (s): cpu = 00:00:00 ; elapsed = 00:00:00.007 . Memory (MB): peak = 3213.555 ; gain = 0.000
WARNING: [Timing 38-316] Clock period '20.000' specified during out-of-context synthesis of instance 'ps_dma_fft_i/blk_mem_gen_0' at clock pin 'clka' is different from the actual clock period '10.313', this can lead to different synthesis results.
INFO: [Designutils 20-5440] No compile time benefit to using incremental synthesis; A full resynthesis will be run
INFO: [Designutils 20-4379] Flow is switching to default flow due to incremental criteria not met. If you would like to alter this behaviour and have the flow terminate instead, please set the following parameter config_implementation {autoIncr.Synth.RejectBehavior Terminate}
---------------------------------------------------------------------------------
Finished Constraint Validation : Time (s): cpu = 00:00:00 ; elapsed = 00:00:16 . Memory (MB): peak = 3213.555 ; gain = 513.691
---------------------------------------------------------------------------------
---------------------------------------------------------------------------------
Start Loading Part and Timing Information
---------------------------------------------------------------------------------
Loading part: xczu19eg_SE-ffvc1760-2-i
INFO: [Synth 8-6742] Reading net delay rules and data
---------------------------------------------------------------------------------
Finished Loading Part and Timing Information : Time (s): cpu = 00:00:00 ; elapsed = 00:00:16 . Memory (MB): peak = 3213.555 ; gain = 513.691
---------------------------------------------------------------------------------
---------------------------------------------------------------------------------
Start Applying 'set_property' XDC Constraints
---------------------------------------------------------------------------------
Applied set_property KEEP_HIERARCHY = SOFT for ps_dma_fft_i. (constraint file  auto generated constraint).
Applied set_property KEEP_HIERARCHY = SOFT for ps_dma_fft_i/zynq_ultra_ps_e_0. (constraint file  auto generated constraint).
Applied set_property KEEP_HIERARCHY = SOFT for ps_dma_fft_i/axi_interconnect_0/xbar. (constraint file  auto generated constraint).
Applied set_property KEEP_HIERARCHY = SOFT for ps_dma_fft_i/axi_interconnect_0/m00_couplers/auto_pc. (constraint file  auto generated constraint).
Applied set_property KEEP_HIERARCHY = SOFT for ps_dma_fft_i/axi_interconnect_0. (constraint file  auto generated constraint).
Applied set_property KEEP_HIERARCHY = SOFT for ps_dma_fft_i/axi_bram_ctrl_0. (constraint file  auto generated constraint).
Applied set_property KEEP_HIERARCHY = SOFT for ps_dma_fft_i/blk_mem_gen_0. (constraint file  auto generated constraint).
Applied set_property KEEP_HIERARCHY = SOFT for ps_dma_fft_i/rst_ps8_0_96M. (constraint file  auto generated constraint).
Applied set_property KEEP_HIERARCHY = SOFT for ps_dma_fft_i/axi_cdma_0. (constraint file  auto generated constraint).
Applied set_property KEEP_HIERARCHY = SOFT for ps_dma_fft_i/smartconnect_0. (constraint file  auto generated constraint).
---------------------------------------------------------------------------------
Finished applying 'set_property' XDC Constraints : Time (s): cpu = 00:00:00 ; elapsed = 00:00:16 . Memory (MB): peak = 3213.555 ; gain = 513.691
---------------------------------------------------------------------------------
---------------------------------------------------------------------------------
Finished RTL Optimization Phase 2 : Time (s): cpu = 00:00:00 ; elapsed = 00:00:16 . Memory (MB): peak = 3213.555 ; gain = 513.691
---------------------------------------------------------------------------------
---------------------------------------------------------------------------------
Start RTL Component Statistics 
---------------------------------------------------------------------------------
Detailed RTL Component Info : 
---------------------------------------------------------------------------------
Finished RTL Component Statistics 
---------------------------------------------------------------------------------
---------------------------------------------------------------------------------
Start Part Resource Summary
---------------------------------------------------------------------------------
Part Resources:
DSPs: 1968 (col length:264)
BRAMs: 1968 (col length: RAMB18 264 RAMB36 132)
---------------------------------------------------------------------------------
Finished Part Resource Summary
---------------------------------------------------------------------------------
---------------------------------------------------------------------------------
Start Cross Boundary and Area Optimization
---------------------------------------------------------------------------------
WARNING: [Synth 8-7080] Parallel synthesis criteria is not met
WARNING: [Synth 8-7129] Port M00_ACLK in module ps_dma_fft_axi_interconnect_0_0 is either unconnected or has no load
WARNING: [Synth 8-7129] Port M00_ARESETN in module ps_dma_fft_axi_interconnect_0_0 is either unconnected or has no load
WARNING: [Synth 8-7129] Port M01_ACLK in module ps_dma_fft_axi_interconnect_0_0 is either unconnected or has no load
WARNING: [Synth 8-7129] Port M01_ARESETN in module ps_dma_fft_axi_interconnect_0_0 is either unconnected or has no load
WARNING: [Synth 8-7129] Port S00_ACLK in module ps_dma_fft_axi_interconnect_0_0 is either unconnected or has no load
WARNING: [Synth 8-7129] Port S00_ARESETN in module ps_dma_fft_axi_interconnect_0_0 is either unconnected or has no load
---------------------------------------------------------------------------------
Finished Cross Boundary and Area Optimization : Time (s): cpu = 00:00:00 ; elapsed = 00:00:18 . Memory (MB): peak = 3213.555 ; gain = 513.691
---------------------------------------------------------------------------------
---------------------------------------------------------------------------------
Start Applying XDC Timing Constraints
---------------------------------------------------------------------------------
---------------------------------------------------------------------------------
Finished Applying XDC Timing Constraints : Time (s): cpu = 00:00:01 ; elapsed = 00:00:28 . Memory (MB): peak = 3734.898 ; gain = 1035.035
---------------------------------------------------------------------------------
---------------------------------------------------------------------------------
Start Timing Optimization
---------------------------------------------------------------------------------
---------------------------------------------------------------------------------
Finished Timing Optimization : Time (s): cpu = 00:00:01 ; elapsed = 00:00:28 . Memory (MB): peak = 3734.898 ; gain = 1035.035
---------------------------------------------------------------------------------
---------------------------------------------------------------------------------
Start Technology Mapping
---------------------------------------------------------------------------------
---------------------------------------------------------------------------------
Finished Technology Mapping : Time (s): cpu = 00:00:01 ; elapsed = 00:00:28 . Memory (MB): peak = 3745.469 ; gain = 1045.605
---------------------------------------------------------------------------------
---------------------------------------------------------------------------------
Start IO Insertion
---------------------------------------------------------------------------------
---------------------------------------------------------------------------------
Start Flattening Before IO Insertion
---------------------------------------------------------------------------------
---------------------------------------------------------------------------------
Finished Flattening Before IO Insertion
---------------------------------------------------------------------------------
---------------------------------------------------------------------------------
Start Final Netlist Cleanup
---------------------------------------------------------------------------------
---------------------------------------------------------------------------------
Finished Final Netlist Cleanup
---------------------------------------------------------------------------------
---------------------------------------------------------------------------------
Finished IO Insertion : Time (s): cpu = 00:00:01 ; elapsed = 00:00:31 . Memory (MB): peak = 3760.289 ; gain = 1060.426
---------------------------------------------------------------------------------
---------------------------------------------------------------------------------
Start Renaming Generated Instances
---------------------------------------------------------------------------------
---------------------------------------------------------------------------------
Finished Renaming Generated Instances : Time (s): cpu = 00:00:01 ; elapsed = 00:00:31 . Memory (MB): peak = 3760.289 ; gain = 1060.426
---------------------------------------------------------------------------------
---------------------------------------------------------------------------------
Start Rebuilding User Hierarchy
---------------------------------------------------------------------------------
---------------------------------------------------------------------------------
Finished Rebuilding User Hierarchy : Time (s): cpu = 00:00:01 ; elapsed = 00:00:31 . Memory (MB): peak = 3760.289 ; gain = 1060.426
---------------------------------------------------------------------------------
---------------------------------------------------------------------------------
Start Renaming Generated Ports
---------------------------------------------------------------------------------
---------------------------------------------------------------------------------
Finished Renaming Generated Ports : Time (s): cpu = 00:00:01 ; elapsed = 00:00:31 . Memory (MB): peak = 3760.289 ; gain = 1060.426
---------------------------------------------------------------------------------
---------------------------------------------------------------------------------
Start Handling Custom Attributes
---------------------------------------------------------------------------------
---------------------------------------------------------------------------------
Finished Handling Custom Attributes : Time (s): cpu = 00:00:01 ; elapsed = 00:00:31 . Memory (MB): peak = 3760.289 ; gain = 1060.426
---------------------------------------------------------------------------------
---------------------------------------------------------------------------------
Start Renaming Generated Nets
---------------------------------------------------------------------------------
---------------------------------------------------------------------------------
Finished Renaming Generated Nets : Time (s): cpu = 00:00:01 ; elapsed = 00:00:31 . Memory (MB): peak = 3760.289 ; gain = 1060.426
---------------------------------------------------------------------------------
---------------------------------------------------------------------------------
Start Writing Synthesis Report
---------------------------------------------------------------------------------

Report BlackBoxes: 
+------+-------------------------------+----------+
|      |BlackBox name                  |Instances |
+------+-------------------------------+----------+
|1     |ps_dma_fft_xbar_0              |         1|
|2     |ps_dma_fft_auto_pc_0           |         1|
|3     |ps_dma_fft_axi_bram_ctrl_0_0   |         1|
|4     |ps_dma_fft_axi_cdma_0_0        |         1|
|5     |ps_dma_fft_blk_mem_gen_0_0     |         1|
|6     |ps_dma_fft_rst_ps8_0_96M_0     |         1|
|7     |ps_dma_fft_smartconnect_0_0    |         1|
|8     |ps_dma_fft_zynq_ultra_ps_e_0_0 |         1|
+------+-------------------------------+----------+

Report Cell Usage: 
+------+-----------------------------+------+
|      |Cell                         |Count |
+------+-----------------------------+------+
|1     |ps_dma_fft_auto_pc           |     1|
|2     |ps_dma_fft_axi_bram_ctrl_0   |     1|
|3     |ps_dma_fft_axi_cdma_0        |     1|
|4     |ps_dma_fft_blk_mem_gen_0     |     1|
|5     |ps_dma_fft_rst_ps8_0_96M     |     1|
|6     |ps_dma_fft_smartconnect_0    |     1|
|7     |ps_dma_fft_xbar              |     1|
|8     |ps_dma_fft_zynq_ultra_ps_e_0 |     1|
+------+-----------------------------+------+
---------------------------------------------------------------------------------
Finished Writing Synthesis Report : Time (s): cpu = 00:00:01 ; elapsed = 00:00:31 . Memory (MB): peak = 3760.289 ; gain = 1060.426
---------------------------------------------------------------------------------
Synthesis finished with 0 errors, 0 critical warnings and 7 warnings.
Synthesis Optimization Runtime : Time (s): cpu = 00:00:01 ; elapsed = 00:00:26 . Memory (MB): peak = 3760.289 ; gain = 1023.320
Synthesis Optimization Complete : Time (s): cpu = 00:00:01 ; elapsed = 00:00:31 . Memory (MB): peak = 3760.289 ; gain = 1060.426
INFO: [Project 1-571] Translating synthesized netlist
Netlist sorting complete. Time (s): cpu = 00:00:00 ; elapsed = 00:00:00.016 . Memory (MB): peak = 3760.289 ; gain = 0.000
INFO: [Project 1-570] Preparing netlist for logic optimization
INFO: [Opt 31-138] Pushed 0 inverter(s) to 0 load pin(s).
Netlist sorting complete. Time (s): cpu = 00:00:00 ; elapsed = 00:00:00 . Memory (MB): peak = 3824.422 ; gain = 0.000
INFO: [Project 1-111] Unisim Transformation Summary:
No Unisim elements were transformed.

Synth Design complete | Checksum: 31de17da
INFO: [Common 17-83] Releasing license: Synthesis
50 Infos, 47 Warnings, 0 Critical Warnings and 0 Errors encountered.
synth_design completed successfully
synth_design: Time (s): cpu = 00:00:01 ; elapsed = 00:00:39 . Memory (MB): peak = 3829.406 ; gain = 2363.945
INFO: [Common 17-1381] The checkpoint 'E:/vivao_workspace/fft_dma/719C_AXI_DMA_0915/719C_AXI_DMA_0915.runs/synth_1/ps_dma_fft_wrapper.dcp' has been generated.
INFO: [runtcl-4] Executing : report_utilization -file ps_dma_fft_wrapper_utilization_synth.rpt -pb ps_dma_fft_wrapper_utilization_synth.pb
INFO: [Common 17-206] Exiting Vivado at Wed Sep 16 19:28:28 2026...
