
*** Running vivado
    with args -log ps_dma_fft_wrapper.vdi -applog -m64 -product Vivado -messageDb vivado.pb -mode batch -source ps_dma_fft_wrapper.tcl -notrace



****** Vivado v2023.1 (64-bit)
  **** SW Build 3865809 on Sun May  7 15:05:29 MDT 2023
  **** IP Build 3864474 on Sun May  7 20:36:21 MDT 2023
  **** SharedData Build 3865790 on Sun May 07 13:33:03 MDT 2023
    ** Copyright 1986-2022 Xilinx, Inc. All Rights Reserved.
    ** Copyright 2022-2023 Advanced Micro Devices, Inc. All Rights Reserved.

source ps_dma_fft_wrapper.tcl -notrace
create_project: Time (s): cpu = 00:00:01 ; elapsed = 00:00:06 . Memory (MB): peak = 1381.188 ; gain = 160.324
INFO: [IP_Flow 19-234] Refreshing IP repositories
INFO: [IP_Flow 19-1704] No user IP repositories specified
INFO: [IP_Flow 19-2313] Loaded Vivado IP repository 'C:/Xilinx/Vivado/2023.1/data/ip'.
Command: link_design -top ps_dma_fft_wrapper -part xczu19eg_SE-ffvc1760-2-i
Design is defaulting to srcset: sources_1
Design is defaulting to constrset: constrs_1
INFO: [Device 21-403] Loading part xczu19eg_SE-ffvc1760-2-i
WARNING: [Device 21-425] Part: xczu19eg_se is not listed in special parts list.
INFO: [Project 1-454] Reading design checkpoint 'e:/vivao_workspace/fft_dma/719C_AXI_DMA_0915/719C_AXI_DMA_0915.gen/sources_1/bd/ps_dma_fft/ip/ps_dma_fft_axi_bram_ctrl_0_0/ps_dma_fft_axi_bram_ctrl_0_0.dcp' for cell 'ps_dma_fft_i/axi_bram_ctrl_0'
INFO: [Project 1-454] Reading design checkpoint 'e:/vivao_workspace/fft_dma/719C_AXI_DMA_0915/719C_AXI_DMA_0915.gen/sources_1/bd/ps_dma_fft/ip/ps_dma_fft_axi_cdma_0_0/ps_dma_fft_axi_cdma_0_0.dcp' for cell 'ps_dma_fft_i/axi_cdma_0'
INFO: [Project 1-454] Reading design checkpoint 'e:/vivao_workspace/fft_dma/719C_AXI_DMA_0915/719C_AXI_DMA_0915.gen/sources_1/bd/ps_dma_fft/ip/ps_dma_fft_blk_mem_gen_0_0/ps_dma_fft_blk_mem_gen_0_0.dcp' for cell 'ps_dma_fft_i/blk_mem_gen_0'
INFO: [Project 1-454] Reading design checkpoint 'e:/vivao_workspace/fft_dma/719C_AXI_DMA_0915/719C_AXI_DMA_0915.gen/sources_1/bd/ps_dma_fft/ip/ps_dma_fft_rst_ps8_0_96M_0/ps_dma_fft_rst_ps8_0_96M_0.dcp' for cell 'ps_dma_fft_i/rst_ps8_0_96M'
INFO: [Project 1-454] Reading design checkpoint 'e:/vivao_workspace/fft_dma/719C_AXI_DMA_0915/719C_AXI_DMA_0915.gen/sources_1/bd/ps_dma_fft/ip/ps_dma_fft_smartconnect_0_0/ps_dma_fft_smartconnect_0_0.dcp' for cell 'ps_dma_fft_i/smartconnect_0'
INFO: [Project 1-454] Reading design checkpoint 'e:/vivao_workspace/fft_dma/719C_AXI_DMA_0915/719C_AXI_DMA_0915.gen/sources_1/bd/ps_dma_fft/ip/ps_dma_fft_zynq_ultra_ps_e_0_0/ps_dma_fft_zynq_ultra_ps_e_0_0.dcp' for cell 'ps_dma_fft_i/zynq_ultra_ps_e_0'
INFO: [Project 1-454] Reading design checkpoint 'e:/vivao_workspace/fft_dma/719C_AXI_DMA_0915/719C_AXI_DMA_0915.gen/sources_1/bd/ps_dma_fft/ip/ps_dma_fft_xbar_0/ps_dma_fft_xbar_0.dcp' for cell 'ps_dma_fft_i/axi_interconnect_0/xbar'
INFO: [Project 1-454] Reading design checkpoint 'e:/vivao_workspace/fft_dma/719C_AXI_DMA_0915/719C_AXI_DMA_0915.gen/sources_1/bd/ps_dma_fft/ip/ps_dma_fft_auto_pc_0/ps_dma_fft_auto_pc_0.dcp' for cell 'ps_dma_fft_i/axi_interconnect_0/m00_couplers/auto_pc'
Netlist sorting complete. Time (s): cpu = 00:00:00 ; elapsed = 00:00:00.633 . Memory (MB): peak = 2737.246 ; gain = 4.070
INFO: [Netlist 29-17] Analyzing 125 Unisim elements for replacement
INFO: [Netlist 29-28] Unisim Transformation completed in 0 CPU seconds
INFO: [Project 1-479] Netlist was created with Vivado 2023.1
INFO: [Project 1-570] Preparing netlist for logic optimization
Parsing XDC File [e:/vivao_workspace/fft_dma/719C_AXI_DMA_0915/719C_AXI_DMA_0915.gen/sources_1/bd/ps_dma_fft/ip/ps_dma_fft_zynq_ultra_ps_e_0_0/ps_dma_fft_zynq_ultra_ps_e_0_0.xdc] for cell 'ps_dma_fft_i/zynq_ultra_ps_e_0/inst'
Finished Parsing XDC File [e:/vivao_workspace/fft_dma/719C_AXI_DMA_0915/719C_AXI_DMA_0915.gen/sources_1/bd/ps_dma_fft/ip/ps_dma_fft_zynq_ultra_ps_e_0_0/ps_dma_fft_zynq_ultra_ps_e_0_0.xdc] for cell 'ps_dma_fft_i/zynq_ultra_ps_e_0/inst'
Parsing XDC File [e:/vivao_workspace/fft_dma/719C_AXI_DMA_0915/719C_AXI_DMA_0915.gen/sources_1/bd/ps_dma_fft/ip/ps_dma_fft_rst_ps8_0_96M_0/ps_dma_fft_rst_ps8_0_96M_0_board.xdc] for cell 'ps_dma_fft_i/rst_ps8_0_96M/U0'
Finished Parsing XDC File [e:/vivao_workspace/fft_dma/719C_AXI_DMA_0915/719C_AXI_DMA_0915.gen/sources_1/bd/ps_dma_fft/ip/ps_dma_fft_rst_ps8_0_96M_0/ps_dma_fft_rst_ps8_0_96M_0_board.xdc] for cell 'ps_dma_fft_i/rst_ps8_0_96M/U0'
Parsing XDC File [e:/vivao_workspace/fft_dma/719C_AXI_DMA_0915/719C_AXI_DMA_0915.gen/sources_1/bd/ps_dma_fft/ip/ps_dma_fft_rst_ps8_0_96M_0/ps_dma_fft_rst_ps8_0_96M_0.xdc] for cell 'ps_dma_fft_i/rst_ps8_0_96M/U0'
Finished Parsing XDC File [e:/vivao_workspace/fft_dma/719C_AXI_DMA_0915/719C_AXI_DMA_0915.gen/sources_1/bd/ps_dma_fft/ip/ps_dma_fft_rst_ps8_0_96M_0/ps_dma_fft_rst_ps8_0_96M_0.xdc] for cell 'ps_dma_fft_i/rst_ps8_0_96M/U0'
Parsing XDC File [e:/vivao_workspace/fft_dma/719C_AXI_DMA_0915/719C_AXI_DMA_0915.gen/sources_1/bd/ps_dma_fft/ip/ps_dma_fft_axi_cdma_0_0/ps_dma_fft_axi_cdma_0_0.xdc] for cell 'ps_dma_fft_i/axi_cdma_0/U0'
Finished Parsing XDC File [e:/vivao_workspace/fft_dma/719C_AXI_DMA_0915/719C_AXI_DMA_0915.gen/sources_1/bd/ps_dma_fft/ip/ps_dma_fft_axi_cdma_0_0/ps_dma_fft_axi_cdma_0_0.xdc] for cell 'ps_dma_fft_i/axi_cdma_0/U0'
Parsing XDC File [e:/vivao_workspace/fft_dma/719C_AXI_DMA_0915/719C_AXI_DMA_0915.gen/sources_1/bd/ps_dma_fft/ip/ps_dma_fft_smartconnect_0_0/bd_0/ip/ip_1/bd_6605_psr_aclk_0_board.xdc] for cell 'ps_dma_fft_i/smartconnect_0/inst/clk_map/psr_aclk/U0'
Finished Parsing XDC File [e:/vivao_workspace/fft_dma/719C_AXI_DMA_0915/719C_AXI_DMA_0915.gen/sources_1/bd/ps_dma_fft/ip/ps_dma_fft_smartconnect_0_0/bd_0/ip/ip_1/bd_6605_psr_aclk_0_board.xdc] for cell 'ps_dma_fft_i/smartconnect_0/inst/clk_map/psr_aclk/U0'
Parsing XDC File [e:/vivao_workspace/fft_dma/719C_AXI_DMA_0915/719C_AXI_DMA_0915.gen/sources_1/bd/ps_dma_fft/ip/ps_dma_fft_smartconnect_0_0/bd_0/ip/ip_1/bd_6605_psr_aclk_0.xdc] for cell 'ps_dma_fft_i/smartconnect_0/inst/clk_map/psr_aclk/U0'
Finished Parsing XDC File [e:/vivao_workspace/fft_dma/719C_AXI_DMA_0915/719C_AXI_DMA_0915.gen/sources_1/bd/ps_dma_fft/ip/ps_dma_fft_smartconnect_0_0/bd_0/ip/ip_1/bd_6605_psr_aclk_0.xdc] for cell 'ps_dma_fft_i/smartconnect_0/inst/clk_map/psr_aclk/U0'
INFO: [Project 1-1714] 58 XPM XDC files have been applied to the design.
INFO: [Opt 31-138] Pushed 0 inverter(s) to 0 load pin(s).
INFO: [Opt 31-422] The CLOCK_DOMAINS attribute on the BRAM cell ps_dma_fft_i/blk_mem_gen_0/U0/inst_blk_mem_gen/gnbram.gnative_mem_map_bmg.native_mem_map_blk_mem_gen/valid.cstr/ramloop[0].ram.r/prim_noinit.ram/DEVICE_8SERIES.WITH_BMM_INFO.TRUE_DP.CASCADED_PRIM36_TDP.ram_B has been changed from INDEPENDENT to COMMON to match the clocking topology used for the BRAM.
INFO: [Opt 31-422] The CLOCK_DOMAINS attribute on the BRAM cell ps_dma_fft_i/blk_mem_gen_0/U0/inst_blk_mem_gen/gnbram.gnative_mem_map_bmg.native_mem_map_blk_mem_gen/valid.cstr/ramloop[0].ram.r/prim_noinit.ram/DEVICE_8SERIES.WITH_BMM_INFO.TRUE_DP.CASCADED_PRIM36_TDP.ram_T has been changed from INDEPENDENT to COMMON to match the clocking topology used for the BRAM.
INFO: [Opt 31-422] The CLOCK_DOMAINS attribute on the BRAM cell ps_dma_fft_i/blk_mem_gen_0/U0/inst_blk_mem_gen/gnbram.gnative_mem_map_bmg.native_mem_map_blk_mem_gen/valid.cstr/ramloop[100].ram.r/prim_noinit.ram/DEVICE_8SERIES.WITH_BMM_INFO.TRUE_DP.CASCADED_PRIM36_TDP.ram_B has been changed from INDEPENDENT to COMMON to match the clocking topology used for the BRAM.
INFO: [Opt 31-422] The CLOCK_DOMAINS attribute on the BRAM cell ps_dma_fft_i/blk_mem_gen_0/U0/inst_blk_mem_gen/gnbram.gnative_mem_map_bmg.native_mem_map_blk_mem_gen/valid.cstr/ramloop[100].ram.r/prim_noinit.ram/DEVICE_8SERIES.WITH_BMM_INFO.TRUE_DP.CASCADED_PRIM36_TDP.ram_T has been changed from INDEPENDENT to COMMON to match the clocking topology used for the BRAM.
INFO: [Opt 31-422] The CLOCK_DOMAINS attribute on the BRAM cell ps_dma_fft_i/blk_mem_gen_0/U0/inst_blk_mem_gen/gnbram.gnative_mem_map_bmg.native_mem_map_blk_mem_gen/valid.cstr/ramloop[101].ram.r/prim_noinit.ram/DEVICE_8SERIES.WITH_BMM_INFO.TRUE_DP.CASCADED_PRIM36_TDP.ram_B has been changed from INDEPENDENT to COMMON to match the clocking topology used for the BRAM.
INFO: [Opt 31-422] The CLOCK_DOMAINS attribute on the BRAM cell ps_dma_fft_i/blk_mem_gen_0/U0/inst_blk_mem_gen/gnbram.gnative_mem_map_bmg.native_mem_map_blk_mem_gen/valid.cstr/ramloop[101].ram.r/prim_noinit.ram/DEVICE_8SERIES.WITH_BMM_INFO.TRUE_DP.CASCADED_PRIM36_TDP.ram_T has been changed from INDEPENDENT to COMMON to match the clocking topology used for the BRAM.
INFO: [Opt 31-422] The CLOCK_DOMAINS attribute on the BRAM cell ps_dma_fft_i/blk_mem_gen_0/U0/inst_blk_mem_gen/gnbram.gnative_mem_map_bmg.native_mem_map_blk_mem_gen/valid.cstr/ramloop[102].ram.r/prim_noinit.ram/DEVICE_8SERIES.WITH_BMM_INFO.TRUE_DP.CASCADED_PRIM36_TDP.ram_B has been changed from INDEPENDENT to COMMON to match the clocking topology used for the BRAM.
INFO: [Opt 31-422] The CLOCK_DOMAINS attribute on the BRAM cell ps_dma_fft_i/blk_mem_gen_0/U0/inst_blk_mem_gen/gnbram.gnative_mem_map_bmg.native_mem_map_blk_mem_gen/valid.cstr/ramloop[102].ram.r/prim_noinit.ram/DEVICE_8SERIES.WITH_BMM_INFO.TRUE_DP.CASCADED_PRIM36_TDP.ram_T has been changed from INDEPENDENT to COMMON to match the clocking topology used for the BRAM.
INFO: [Opt 31-422] The CLOCK_DOMAINS attribute on the BRAM cell ps_dma_fft_i/blk_mem_gen_0/U0/inst_blk_mem_gen/gnbram.gnative_mem_map_bmg.native_mem_map_blk_mem_gen/valid.cstr/ramloop[103].ram.r/prim_noinit.ram/DEVICE_8SERIES.WITH_BMM_INFO.TRUE_DP.CASCADED_PRIM36_TDP.ram_B has been changed from INDEPENDENT to COMMON to match the clocking topology used for the BRAM.
INFO: [Opt 31-422] The CLOCK_DOMAINS attribute on the BRAM cell ps_dma_fft_i/blk_mem_gen_0/U0/inst_blk_mem_gen/gnbram.gnative_mem_map_bmg.native_mem_map_blk_mem_gen/valid.cstr/ramloop[103].ram.r/prim_noinit.ram/DEVICE_8SERIES.WITH_BMM_INFO.TRUE_DP.CASCADED_PRIM36_TDP.ram_T has been changed from INDEPENDENT to COMMON to match the clocking topology used for the BRAM.
INFO: [Opt 31-422] The CLOCK_DOMAINS attribute on the BRAM cell ps_dma_fft_i/blk_mem_gen_0/U0/inst_blk_mem_gen/gnbram.gnative_mem_map_bmg.native_mem_map_blk_mem_gen/valid.cstr/ramloop[104].ram.r/prim_noinit.ram/DEVICE_8SERIES.WITH_BMM_INFO.TRUE_DP.CASCADED_PRIM36_TDP.ram_B has been changed from INDEPENDENT to COMMON to match the clocking topology used for the BRAM.
INFO: [Opt 31-422] The CLOCK_DOMAINS attribute on the BRAM cell ps_dma_fft_i/blk_mem_gen_0/U0/inst_blk_mem_gen/gnbram.gnative_mem_map_bmg.native_mem_map_blk_mem_gen/valid.cstr/ramloop[104].ram.r/prim_noinit.ram/DEVICE_8SERIES.WITH_BMM_INFO.TRUE_DP.CASCADED_PRIM36_TDP.ram_T has been changed from INDEPENDENT to COMMON to match the clocking topology used for the BRAM.
INFO: [Opt 31-422] The CLOCK_DOMAINS attribute on the BRAM cell ps_dma_fft_i/blk_mem_gen_0/U0/inst_blk_mem_gen/gnbram.gnative_mem_map_bmg.native_mem_map_blk_mem_gen/valid.cstr/ramloop[105].ram.r/prim_noinit.ram/DEVICE_8SERIES.WITH_BMM_INFO.TRUE_DP.CASCADED_PRIM36_TDP.ram_B has been changed from INDEPENDENT to COMMON to match the clocking topology used for the BRAM.
INFO: [Opt 31-422] The CLOCK_DOMAINS attribute on the BRAM cell ps_dma_fft_i/blk_mem_gen_0/U0/inst_blk_mem_gen/gnbram.gnative_mem_map_bmg.native_mem_map_blk_mem_gen/valid.cstr/ramloop[105].ram.r/prim_noinit.ram/DEVICE_8SERIES.WITH_BMM_INFO.TRUE_DP.CASCADED_PRIM36_TDP.ram_T has been changed from INDEPENDENT to COMMON to match the clocking topology used for the BRAM.
INFO: [Opt 31-422] The CLOCK_DOMAINS attribute on the BRAM cell ps_dma_fft_i/blk_mem_gen_0/U0/inst_blk_mem_gen/gnbram.gnative_mem_map_bmg.native_mem_map_blk_mem_gen/valid.cstr/ramloop[106].ram.r/prim_noinit.ram/DEVICE_8SERIES.WITH_BMM_INFO.TRUE_DP.CASCADED_PRIM36_TDP.ram_B has been changed from INDEPENDENT to COMMON to match the clocking topology used for the BRAM.
INFO: [Opt 31-422] The CLOCK_DOMAINS attribute on the BRAM cell ps_dma_fft_i/blk_mem_gen_0/U0/inst_blk_mem_gen/gnbram.gnative_mem_map_bmg.native_mem_map_blk_mem_gen/valid.cstr/ramloop[106].ram.r/prim_noinit.ram/DEVICE_8SERIES.WITH_BMM_INFO.TRUE_DP.CASCADED_PRIM36_TDP.ram_T has been changed from INDEPENDENT to COMMON to match the clocking topology used for the BRAM.
INFO: [Opt 31-422] The CLOCK_DOMAINS attribute on the BRAM cell ps_dma_fft_i/blk_mem_gen_0/U0/inst_blk_mem_gen/gnbram.gnative_mem_map_bmg.native_mem_map_blk_mem_gen/valid.cstr/ramloop[107].ram.r/prim_noinit.ram/DEVICE_8SERIES.WITH_BMM_INFO.TRUE_DP.CASCADED_PRIM36_TDP.ram_B has been changed from INDEPENDENT to COMMON to match the clocking topology used for the BRAM.
INFO: [Opt 31-422] The CLOCK_DOMAINS attribute on the BRAM cell ps_dma_fft_i/blk_mem_gen_0/U0/inst_blk_mem_gen/gnbram.gnative_mem_map_bmg.native_mem_map_blk_mem_gen/valid.cstr/ramloop[107].ram.r/prim_noinit.ram/DEVICE_8SERIES.WITH_BMM_INFO.TRUE_DP.CASCADED_PRIM36_TDP.ram_T has been changed from INDEPENDENT to COMMON to match the clocking topology used for the BRAM.
INFO: [Opt 31-422] The CLOCK_DOMAINS attribute on the BRAM cell ps_dma_fft_i/blk_mem_gen_0/U0/inst_blk_mem_gen/gnbram.gnative_mem_map_bmg.native_mem_map_blk_mem_gen/valid.cstr/ramloop[108].ram.r/prim_noinit.ram/DEVICE_8SERIES.WITH_BMM_INFO.TRUE_DP.CASCADED_PRIM36_TDP.ram_B has been changed from INDEPENDENT to COMMON to match the clocking topology used for the BRAM.
INFO: [Opt 31-422] The CLOCK_DOMAINS attribute on the BRAM cell ps_dma_fft_i/blk_mem_gen_0/U0/inst_blk_mem_gen/gnbram.gnative_mem_map_bmg.native_mem_map_blk_mem_gen/valid.cstr/ramloop[108].ram.r/prim_noinit.ram/DEVICE_8SERIES.WITH_BMM_INFO.TRUE_DP.CASCADED_PRIM36_TDP.ram_T has been changed from INDEPENDENT to COMMON to match the clocking topology used for the BRAM.
INFO: [Opt 31-422] The CLOCK_DOMAINS attribute on the BRAM cell ps_dma_fft_i/blk_mem_gen_0/U0/inst_blk_mem_gen/gnbram.gnative_mem_map_bmg.native_mem_map_blk_mem_gen/valid.cstr/ramloop[109].ram.r/prim_noinit.ram/DEVICE_8SERIES.WITH_BMM_INFO.TRUE_DP.CASCADED_PRIM36_TDP.ram_B has been changed from INDEPENDENT to COMMON to match the clocking topology used for the BRAM.
INFO: [Opt 31-422] The CLOCK_DOMAINS attribute on the BRAM cell ps_dma_fft_i/blk_mem_gen_0/U0/inst_blk_mem_gen/gnbram.gnative_mem_map_bmg.native_mem_map_blk_mem_gen/valid.cstr/ramloop[109].ram.r/prim_noinit.ram/DEVICE_8SERIES.WITH_BMM_INFO.TRUE_DP.CASCADED_PRIM36_TDP.ram_T has been changed from INDEPENDENT to COMMON to match the clocking topology used for the BRAM.
INFO: [Opt 31-422] The CLOCK_DOMAINS attribute on the BRAM cell ps_dma_fft_i/blk_mem_gen_0/U0/inst_blk_mem_gen/gnbram.gnative_mem_map_bmg.native_mem_map_blk_mem_gen/valid.cstr/ramloop[10].ram.r/prim_noinit.ram/DEVICE_8SERIES.WITH_BMM_INFO.TRUE_DP.CASCADED_PRIM36_TDP.ram_B has been changed from INDEPENDENT to COMMON to match the clocking topology used for the BRAM.
INFO: [Opt 31-422] The CLOCK_DOMAINS attribute on the BRAM cell ps_dma_fft_i/blk_mem_gen_0/U0/inst_blk_mem_gen/gnbram.gnative_mem_map_bmg.native_mem_map_blk_mem_gen/valid.cstr/ramloop[10].ram.r/prim_noinit.ram/DEVICE_8SERIES.WITH_BMM_INFO.TRUE_DP.CASCADED_PRIM36_TDP.ram_T has been changed from INDEPENDENT to COMMON to match the clocking topology used for the BRAM.
INFO: [Opt 31-422] The CLOCK_DOMAINS attribute on the BRAM cell ps_dma_fft_i/blk_mem_gen_0/U0/inst_blk_mem_gen/gnbram.gnative_mem_map_bmg.native_mem_map_blk_mem_gen/valid.cstr/ramloop[110].ram.r/prim_noinit.ram/DEVICE_8SERIES.WITH_BMM_INFO.TRUE_DP.CASCADED_PRIM36_TDP.ram_B has been changed from INDEPENDENT to COMMON to match the clocking topology used for the BRAM.
INFO: [Opt 31-422] The CLOCK_DOMAINS attribute on the BRAM cell ps_dma_fft_i/blk_mem_gen_0/U0/inst_blk_mem_gen/gnbram.gnative_mem_map_bmg.native_mem_map_blk_mem_gen/valid.cstr/ramloop[110].ram.r/prim_noinit.ram/DEVICE_8SERIES.WITH_BMM_INFO.TRUE_DP.CASCADED_PRIM36_TDP.ram_T has been changed from INDEPENDENT to COMMON to match the clocking topology used for the BRAM.
INFO: [Opt 31-422] The CLOCK_DOMAINS attribute on the BRAM cell ps_dma_fft_i/blk_mem_gen_0/U0/inst_blk_mem_gen/gnbram.gnative_mem_map_bmg.native_mem_map_blk_mem_gen/valid.cstr/ramloop[111].ram.r/prim_noinit.ram/DEVICE_8SERIES.WITH_BMM_INFO.TRUE_DP.CASCADED_PRIM36_TDP.ram_B has been changed from INDEPENDENT to COMMON to match the clocking topology used for the BRAM.
INFO: [Opt 31-422] The CLOCK_DOMAINS attribute on the BRAM cell ps_dma_fft_i/blk_mem_gen_0/U0/inst_blk_mem_gen/gnbram.gnative_mem_map_bmg.native_mem_map_blk_mem_gen/valid.cstr/ramloop[111].ram.r/prim_noinit.ram/DEVICE_8SERIES.WITH_BMM_INFO.TRUE_DP.CASCADED_PRIM36_TDP.ram_T has been changed from INDEPENDENT to COMMON to match the clocking topology used for the BRAM.
INFO: [Opt 31-422] The CLOCK_DOMAINS attribute on the BRAM cell ps_dma_fft_i/blk_mem_gen_0/U0/inst_blk_mem_gen/gnbram.gnative_mem_map_bmg.native_mem_map_blk_mem_gen/valid.cstr/ramloop[112].ram.r/prim_noinit.ram/DEVICE_8SERIES.WITH_BMM_INFO.TRUE_DP.CASCADED_PRIM36_TDP.ram_B has been changed from INDEPENDENT to COMMON to match the clocking topology used for the BRAM.
INFO: [Opt 31-422] The CLOCK_DOMAINS attribute on the BRAM cell ps_dma_fft_i/blk_mem_gen_0/U0/inst_blk_mem_gen/gnbram.gnative_mem_map_bmg.native_mem_map_blk_mem_gen/valid.cstr/ramloop[112].ram.r/prim_noinit.ram/DEVICE_8SERIES.WITH_BMM_INFO.TRUE_DP.CASCADED_PRIM36_TDP.ram_T has been changed from INDEPENDENT to COMMON to match the clocking topology used for the BRAM.
INFO: [Opt 31-422] The CLOCK_DOMAINS attribute on the BRAM cell ps_dma_fft_i/blk_mem_gen_0/U0/inst_blk_mem_gen/gnbram.gnative_mem_map_bmg.native_mem_map_blk_mem_gen/valid.cstr/ramloop[113].ram.r/prim_noinit.ram/DEVICE_8SERIES.WITH_BMM_INFO.TRUE_DP.CASCADED_PRIM36_TDP.ram_B has been changed from INDEPENDENT to COMMON to match the clocking topology used for the BRAM.
INFO: [Opt 31-422] The CLOCK_DOMAINS attribute on the BRAM cell ps_dma_fft_i/blk_mem_gen_0/U0/inst_blk_mem_gen/gnbram.gnative_mem_map_bmg.native_mem_map_blk_mem_gen/valid.cstr/ramloop[113].ram.r/prim_noinit.ram/DEVICE_8SERIES.WITH_BMM_INFO.TRUE_DP.CASCADED_PRIM36_TDP.ram_T has been changed from INDEPENDENT to COMMON to match the clocking topology used for the BRAM.
INFO: [Opt 31-422] The CLOCK_DOMAINS attribute on the BRAM cell ps_dma_fft_i/blk_mem_gen_0/U0/inst_blk_mem_gen/gnbram.gnative_mem_map_bmg.native_mem_map_blk_mem_gen/valid.cstr/ramloop[114].ram.r/prim_noinit.ram/DEVICE_8SERIES.WITH_BMM_INFO.TRUE_DP.CASCADED_PRIM36_TDP.ram_B has been changed from INDEPENDENT to COMMON to match the clocking topology used for the BRAM.
INFO: [Opt 31-422] The CLOCK_DOMAINS attribute on the BRAM cell ps_dma_fft_i/blk_mem_gen_0/U0/inst_blk_mem_gen/gnbram.gnative_mem_map_bmg.native_mem_map_blk_mem_gen/valid.cstr/ramloop[114].ram.r/prim_noinit.ram/DEVICE_8SERIES.WITH_BMM_INFO.TRUE_DP.CASCADED_PRIM36_TDP.ram_T has been changed from INDEPENDENT to COMMON to match the clocking topology used for the BRAM.
INFO: [Opt 31-422] The CLOCK_DOMAINS attribute on the BRAM cell ps_dma_fft_i/blk_mem_gen_0/U0/inst_blk_mem_gen/gnbram.gnative_mem_map_bmg.native_mem_map_blk_mem_gen/valid.cstr/ramloop[115].ram.r/prim_noinit.ram/DEVICE_8SERIES.WITH_BMM_INFO.TRUE_DP.CASCADED_PRIM36_TDP.ram_B has been changed from INDEPENDENT to COMMON to match the clocking topology used for the BRAM.
INFO: [Opt 31-422] The CLOCK_DOMAINS attribute on the BRAM cell ps_dma_fft_i/blk_mem_gen_0/U0/inst_blk_mem_gen/gnbram.gnative_mem_map_bmg.native_mem_map_blk_mem_gen/valid.cstr/ramloop[115].ram.r/prim_noinit.ram/DEVICE_8SERIES.WITH_BMM_INFO.TRUE_DP.CASCADED_PRIM36_TDP.ram_T has been changed from INDEPENDENT to COMMON to match the clocking topology used for the BRAM.
INFO: [Opt 31-422] The CLOCK_DOMAINS attribute on the BRAM cell ps_dma_fft_i/blk_mem_gen_0/U0/inst_blk_mem_gen/gnbram.gnative_mem_map_bmg.native_mem_map_blk_mem_gen/valid.cstr/ramloop[116].ram.r/prim_noinit.ram/DEVICE_8SERIES.WITH_BMM_INFO.TRUE_DP.CASCADED_PRIM36_TDP.ram_B has been changed from INDEPENDENT to COMMON to match the clocking topology used for the BRAM.
INFO: [Opt 31-422] The CLOCK_DOMAINS attribute on the BRAM cell ps_dma_fft_i/blk_mem_gen_0/U0/inst_blk_mem_gen/gnbram.gnative_mem_map_bmg.native_mem_map_blk_mem_gen/valid.cstr/ramloop[116].ram.r/prim_noinit.ram/DEVICE_8SERIES.WITH_BMM_INFO.TRUE_DP.CASCADED_PRIM36_TDP.ram_T has been changed from INDEPENDENT to COMMON to match the clocking topology used for the BRAM.
INFO: [Opt 31-422] The CLOCK_DOMAINS attribute on the BRAM cell ps_dma_fft_i/blk_mem_gen_0/U0/inst_blk_mem_gen/gnbram.gnative_mem_map_bmg.native_mem_map_blk_mem_gen/valid.cstr/ramloop[117].ram.r/prim_noinit.ram/DEVICE_8SERIES.WITH_BMM_INFO.TRUE_DP.CASCADED_PRIM36_TDP.ram_B has been changed from INDEPENDENT to COMMON to match the clocking topology used for the BRAM.
INFO: [Opt 31-422] The CLOCK_DOMAINS attribute on the BRAM cell ps_dma_fft_i/blk_mem_gen_0/U0/inst_blk_mem_gen/gnbram.gnative_mem_map_bmg.native_mem_map_blk_mem_gen/valid.cstr/ramloop[117].ram.r/prim_noinit.ram/DEVICE_8SERIES.WITH_BMM_INFO.TRUE_DP.CASCADED_PRIM36_TDP.ram_T has been changed from INDEPENDENT to COMMON to match the clocking topology used for the BRAM.
INFO: [Opt 31-422] The CLOCK_DOMAINS attribute on the BRAM cell ps_dma_fft_i/blk_mem_gen_0/U0/inst_blk_mem_gen/gnbram.gnative_mem_map_bmg.native_mem_map_blk_mem_gen/valid.cstr/ramloop[118].ram.r/prim_noinit.ram/DEVICE_8SERIES.WITH_BMM_INFO.TRUE_DP.CASCADED_PRIM36_TDP.ram_B has been changed from INDEPENDENT to COMMON to match the clocking topology used for the BRAM.
INFO: [Opt 31-422] The CLOCK_DOMAINS attribute on the BRAM cell ps_dma_fft_i/blk_mem_gen_0/U0/inst_blk_mem_gen/gnbram.gnative_mem_map_bmg.native_mem_map_blk_mem_gen/valid.cstr/ramloop[118].ram.r/prim_noinit.ram/DEVICE_8SERIES.WITH_BMM_INFO.TRUE_DP.CASCADED_PRIM36_TDP.ram_T has been changed from INDEPENDENT to COMMON to match the clocking topology used for the BRAM.
INFO: [Opt 31-422] The CLOCK_DOMAINS attribute on the BRAM cell ps_dma_fft_i/blk_mem_gen_0/U0/inst_blk_mem_gen/gnbram.gnative_mem_map_bmg.native_mem_map_blk_mem_gen/valid.cstr/ramloop[119].ram.r/prim_noinit.ram/DEVICE_8SERIES.WITH_BMM_INFO.TRUE_DP.CASCADED_PRIM36_TDP.ram_B has been changed from INDEPENDENT to COMMON to match the clocking topology used for the BRAM.
INFO: [Opt 31-422] The CLOCK_DOMAINS attribute on the BRAM cell ps_dma_fft_i/blk_mem_gen_0/U0/inst_blk_mem_gen/gnbram.gnative_mem_map_bmg.native_mem_map_blk_mem_gen/valid.cstr/ramloop[119].ram.r/prim_noinit.ram/DEVICE_8SERIES.WITH_BMM_INFO.TRUE_DP.CASCADED_PRIM36_TDP.ram_T has been changed from INDEPENDENT to COMMON to match the clocking topology used for the BRAM.
INFO: [Opt 31-422] The CLOCK_DOMAINS attribute on the BRAM cell ps_dma_fft_i/blk_mem_gen_0/U0/inst_blk_mem_gen/gnbram.gnative_mem_map_bmg.native_mem_map_blk_mem_gen/valid.cstr/ramloop[11].ram.r/prim_noinit.ram/DEVICE_8SERIES.WITH_BMM_INFO.TRUE_DP.CASCADED_PRIM36_TDP.ram_B has been changed from INDEPENDENT to COMMON to match the clocking topology used for the BRAM.
INFO: [Opt 31-422] The CLOCK_DOMAINS attribute on the BRAM cell ps_dma_fft_i/blk_mem_gen_0/U0/inst_blk_mem_gen/gnbram.gnative_mem_map_bmg.native_mem_map_blk_mem_gen/valid.cstr/ramloop[11].ram.r/prim_noinit.ram/DEVICE_8SERIES.WITH_BMM_INFO.TRUE_DP.CASCADED_PRIM36_TDP.ram_T has been changed from INDEPENDENT to COMMON to match the clocking topology used for the BRAM.
INFO: [Opt 31-422] The CLOCK_DOMAINS attribute on the BRAM cell ps_dma_fft_i/blk_mem_gen_0/U0/inst_blk_mem_gen/gnbram.gnative_mem_map_bmg.native_mem_map_blk_mem_gen/valid.cstr/ramloop[120].ram.r/prim_noinit.ram/DEVICE_8SERIES.WITH_BMM_INFO.TRUE_DP.CASCADED_PRIM36_TDP.ram_B has been changed from INDEPENDENT to COMMON to match the clocking topology used for the BRAM.
INFO: [Opt 31-422] The CLOCK_DOMAINS attribute on the BRAM cell ps_dma_fft_i/blk_mem_gen_0/U0/inst_blk_mem_gen/gnbram.gnative_mem_map_bmg.native_mem_map_blk_mem_gen/valid.cstr/ramloop[120].ram.r/prim_noinit.ram/DEVICE_8SERIES.WITH_BMM_INFO.TRUE_DP.CASCADED_PRIM36_TDP.ram_T has been changed from INDEPENDENT to COMMON to match the clocking topology used for the BRAM.
INFO: [Opt 31-422] The CLOCK_DOMAINS attribute on the BRAM cell ps_dma_fft_i/blk_mem_gen_0/U0/inst_blk_mem_gen/gnbram.gnative_mem_map_bmg.native_mem_map_blk_mem_gen/valid.cstr/ramloop[121].ram.r/prim_noinit.ram/DEVICE_8SERIES.WITH_BMM_INFO.TRUE_DP.CASCADED_PRIM36_TDP.ram_B has been changed from INDEPENDENT to COMMON to match the clocking topology used for the BRAM.
INFO: [Opt 31-422] The CLOCK_DOMAINS attribute on the BRAM cell ps_dma_fft_i/blk_mem_gen_0/U0/inst_blk_mem_gen/gnbram.gnative_mem_map_bmg.native_mem_map_blk_mem_gen/valid.cstr/ramloop[121].ram.r/prim_noinit.ram/DEVICE_8SERIES.WITH_BMM_INFO.TRUE_DP.CASCADED_PRIM36_TDP.ram_T has been changed from INDEPENDENT to COMMON to match the clocking topology used for the BRAM.
INFO: [Opt 31-422] The CLOCK_DOMAINS attribute on the BRAM cell ps_dma_fft_i/blk_mem_gen_0/U0/inst_blk_mem_gen/gnbram.gnative_mem_map_bmg.native_mem_map_blk_mem_gen/valid.cstr/ramloop[122].ram.r/prim_noinit.ram/DEVICE_8SERIES.WITH_BMM_INFO.TRUE_DP.CASCADED_PRIM36_TDP.ram_B has been changed from INDEPENDENT to COMMON to match the clocking topology used for the BRAM.
INFO: [Opt 31-422] The CLOCK_DOMAINS attribute on the BRAM cell ps_dma_fft_i/blk_mem_gen_0/U0/inst_blk_mem_gen/gnbram.gnative_mem_map_bmg.native_mem_map_blk_mem_gen/valid.cstr/ramloop[122].ram.r/prim_noinit.ram/DEVICE_8SERIES.WITH_BMM_INFO.TRUE_DP.CASCADED_PRIM36_TDP.ram_T has been changed from INDEPENDENT to COMMON to match the clocking topology used for the BRAM.
INFO: [Opt 31-422] The CLOCK_DOMAINS attribute on the BRAM cell ps_dma_fft_i/blk_mem_gen_0/U0/inst_blk_mem_gen/gnbram.gnative_mem_map_bmg.native_mem_map_blk_mem_gen/valid.cstr/ramloop[123].ram.r/prim_noinit.ram/DEVICE_8SERIES.WITH_BMM_INFO.TRUE_DP.CASCADED_PRIM36_TDP.ram_B has been changed from INDEPENDENT to COMMON to match the clocking topology used for the BRAM.
INFO: [Opt 31-422] The CLOCK_DOMAINS attribute on the BRAM cell ps_dma_fft_i/blk_mem_gen_0/U0/inst_blk_mem_gen/gnbram.gnative_mem_map_bmg.native_mem_map_blk_mem_gen/valid.cstr/ramloop[123].ram.r/prim_noinit.ram/DEVICE_8SERIES.WITH_BMM_INFO.TRUE_DP.CASCADED_PRIM36_TDP.ram_T has been changed from INDEPENDENT to COMMON to match the clocking topology used for the BRAM.
INFO: [Opt 31-422] The CLOCK_DOMAINS attribute on the BRAM cell ps_dma_fft_i/blk_mem_gen_0/U0/inst_blk_mem_gen/gnbram.gnative_mem_map_bmg.native_mem_map_blk_mem_gen/valid.cstr/ramloop[124].ram.r/prim_noinit.ram/DEVICE_8SERIES.WITH_BMM_INFO.TRUE_DP.CASCADED_PRIM36_TDP.ram_B has been changed from INDEPENDENT to COMMON to match the clocking topology used for the BRAM.
INFO: [Opt 31-422] The CLOCK_DOMAINS attribute on the BRAM cell ps_dma_fft_i/blk_mem_gen_0/U0/inst_blk_mem_gen/gnbram.gnative_mem_map_bmg.native_mem_map_blk_mem_gen/valid.cstr/ramloop[124].ram.r/prim_noinit.ram/DEVICE_8SERIES.WITH_BMM_INFO.TRUE_DP.CASCADED_PRIM36_TDP.ram_T has been changed from INDEPENDENT to COMMON to match the clocking topology used for the BRAM.
INFO: [Opt 31-422] The CLOCK_DOMAINS attribute on the BRAM cell ps_dma_fft_i/blk_mem_gen_0/U0/inst_blk_mem_gen/gnbram.gnative_mem_map_bmg.native_mem_map_blk_mem_gen/valid.cstr/ramloop[125].ram.r/prim_noinit.ram/DEVICE_8SERIES.WITH_BMM_INFO.TRUE_DP.CASCADED_PRIM36_TDP.ram_B has been changed from INDEPENDENT to COMMON to match the clocking topology used for the BRAM.
INFO: [Opt 31-422] The CLOCK_DOMAINS attribute on the BRAM cell ps_dma_fft_i/blk_mem_gen_0/U0/inst_blk_mem_gen/gnbram.gnative_mem_map_bmg.native_mem_map_blk_mem_gen/valid.cstr/ramloop[125].ram.r/prim_noinit.ram/DEVICE_8SERIES.WITH_BMM_INFO.TRUE_DP.CASCADED_PRIM36_TDP.ram_T has been changed from INDEPENDENT to COMMON to match the clocking topology used for the BRAM.
INFO: [Opt 31-422] The CLOCK_DOMAINS attribute on the BRAM cell ps_dma_fft_i/blk_mem_gen_0/U0/inst_blk_mem_gen/gnbram.gnative_mem_map_bmg.native_mem_map_blk_mem_gen/valid.cstr/ramloop[126].ram.r/prim_noinit.ram/DEVICE_8SERIES.WITH_BMM_INFO.TRUE_DP.CASCADED_PRIM36_TDP.ram_B has been changed from INDEPENDENT to COMMON to match the clocking topology used for the BRAM.
INFO: [Opt 31-422] The CLOCK_DOMAINS attribute on the BRAM cell ps_dma_fft_i/blk_mem_gen_0/U0/inst_blk_mem_gen/gnbram.gnative_mem_map_bmg.native_mem_map_blk_mem_gen/valid.cstr/ramloop[126].ram.r/prim_noinit.ram/DEVICE_8SERIES.WITH_BMM_INFO.TRUE_DP.CASCADED_PRIM36_TDP.ram_T has been changed from INDEPENDENT to COMMON to match the clocking topology used for the BRAM.
INFO: [Opt 31-422] The CLOCK_DOMAINS attribute on the BRAM cell ps_dma_fft_i/blk_mem_gen_0/U0/inst_blk_mem_gen/gnbram.gnative_mem_map_bmg.native_mem_map_blk_mem_gen/valid.cstr/ramloop[127].ram.r/prim_noinit.ram/DEVICE_8SERIES.WITH_BMM_INFO.TRUE_DP.CASCADED_PRIM36_TDP.ram_B has been changed from INDEPENDENT to COMMON to match the clocking topology used for the BRAM.
INFO: [Opt 31-422] The CLOCK_DOMAINS attribute on the BRAM cell ps_dma_fft_i/blk_mem_gen_0/U0/inst_blk_mem_gen/gnbram.gnative_mem_map_bmg.native_mem_map_blk_mem_gen/valid.cstr/ramloop[127].ram.r/prim_noinit.ram/DEVICE_8SERIES.WITH_BMM_INFO.TRUE_DP.CASCADED_PRIM36_TDP.ram_T has been changed from INDEPENDENT to COMMON to match the clocking topology used for the BRAM.
INFO: [Opt 31-422] The CLOCK_DOMAINS attribute on the BRAM cell ps_dma_fft_i/blk_mem_gen_0/U0/inst_blk_mem_gen/gnbram.gnative_mem_map_bmg.native_mem_map_blk_mem_gen/valid.cstr/ramloop[12].ram.r/prim_noinit.ram/DEVICE_8SERIES.WITH_BMM_INFO.TRUE_DP.CASCADED_PRIM36_TDP.ram_B has been changed from INDEPENDENT to COMMON to match the clocking topology used for the BRAM.
INFO: [Opt 31-422] The CLOCK_DOMAINS attribute on the BRAM cell ps_dma_fft_i/blk_mem_gen_0/U0/inst_blk_mem_gen/gnbram.gnative_mem_map_bmg.native_mem_map_blk_mem_gen/valid.cstr/ramloop[12].ram.r/prim_noinit.ram/DEVICE_8SERIES.WITH_BMM_INFO.TRUE_DP.CASCADED_PRIM36_TDP.ram_T has been changed from INDEPENDENT to COMMON to match the clocking topology used for the BRAM.
INFO: [Opt 31-422] The CLOCK_DOMAINS attribute on the BRAM cell ps_dma_fft_i/blk_mem_gen_0/U0/inst_blk_mem_gen/gnbram.gnative_mem_map_bmg.native_mem_map_blk_mem_gen/valid.cstr/ramloop[13].ram.r/prim_noinit.ram/DEVICE_8SERIES.WITH_BMM_INFO.TRUE_DP.CASCADED_PRIM36_TDP.ram_B has been changed from INDEPENDENT to COMMON to match the clocking topology used for the BRAM.
INFO: [Opt 31-422] The CLOCK_DOMAINS attribute on the BRAM cell ps_dma_fft_i/blk_mem_gen_0/U0/inst_blk_mem_gen/gnbram.gnative_mem_map_bmg.native_mem_map_blk_mem_gen/valid.cstr/ramloop[13].ram.r/prim_noinit.ram/DEVICE_8SERIES.WITH_BMM_INFO.TRUE_DP.CASCADED_PRIM36_TDP.ram_T has been changed from INDEPENDENT to COMMON to match the clocking topology used for the BRAM.
INFO: [Opt 31-422] The CLOCK_DOMAINS attribute on the BRAM cell ps_dma_fft_i/blk_mem_gen_0/U0/inst_blk_mem_gen/gnbram.gnative_mem_map_bmg.native_mem_map_blk_mem_gen/valid.cstr/ramloop[14].ram.r/prim_noinit.ram/DEVICE_8SERIES.WITH_BMM_INFO.TRUE_DP.CASCADED_PRIM36_TDP.ram_B has been changed from INDEPENDENT to COMMON to match the clocking topology used for the BRAM.
INFO: [Opt 31-422] The CLOCK_DOMAINS attribute on the BRAM cell ps_dma_fft_i/blk_mem_gen_0/U0/inst_blk_mem_gen/gnbram.gnative_mem_map_bmg.native_mem_map_blk_mem_gen/valid.cstr/ramloop[14].ram.r/prim_noinit.ram/DEVICE_8SERIES.WITH_BMM_INFO.TRUE_DP.CASCADED_PRIM36_TDP.ram_T has been changed from INDEPENDENT to COMMON to match the clocking topology used for the BRAM.
INFO: [Opt 31-422] The CLOCK_DOMAINS attribute on the BRAM cell ps_dma_fft_i/blk_mem_gen_0/U0/inst_blk_mem_gen/gnbram.gnative_mem_map_bmg.native_mem_map_blk_mem_gen/valid.cstr/ramloop[15].ram.r/prim_noinit.ram/DEVICE_8SERIES.WITH_BMM_INFO.TRUE_DP.CASCADED_PRIM36_TDP.ram_B has been changed from INDEPENDENT to COMMON to match the clocking topology used for the BRAM.
INFO: [Opt 31-422] The CLOCK_DOMAINS attribute on the BRAM cell ps_dma_fft_i/blk_mem_gen_0/U0/inst_blk_mem_gen/gnbram.gnative_mem_map_bmg.native_mem_map_blk_mem_gen/valid.cstr/ramloop[15].ram.r/prim_noinit.ram/DEVICE_8SERIES.WITH_BMM_INFO.TRUE_DP.CASCADED_PRIM36_TDP.ram_T has been changed from INDEPENDENT to COMMON to match the clocking topology used for the BRAM.
INFO: [Opt 31-422] The CLOCK_DOMAINS attribute on the BRAM cell ps_dma_fft_i/blk_mem_gen_0/U0/inst_blk_mem_gen/gnbram.gnative_mem_map_bmg.native_mem_map_blk_mem_gen/valid.cstr/ramloop[16].ram.r/prim_noinit.ram/DEVICE_8SERIES.WITH_BMM_INFO.TRUE_DP.CASCADED_PRIM36_TDP.ram_B has been changed from INDEPENDENT to COMMON to match the clocking topology used for the BRAM.
INFO: [Opt 31-422] The CLOCK_DOMAINS attribute on the BRAM cell ps_dma_fft_i/blk_mem_gen_0/U0/inst_blk_mem_gen/gnbram.gnative_mem_map_bmg.native_mem_map_blk_mem_gen/valid.cstr/ramloop[16].ram.r/prim_noinit.ram/DEVICE_8SERIES.WITH_BMM_INFO.TRUE_DP.CASCADED_PRIM36_TDP.ram_T has been changed from INDEPENDENT to COMMON to match the clocking topology used for the BRAM.
INFO: [Opt 31-422] The CLOCK_DOMAINS attribute on the BRAM cell ps_dma_fft_i/blk_mem_gen_0/U0/inst_blk_mem_gen/gnbram.gnative_mem_map_bmg.native_mem_map_blk_mem_gen/valid.cstr/ramloop[17].ram.r/prim_noinit.ram/DEVICE_8SERIES.WITH_BMM_INFO.TRUE_DP.CASCADED_PRIM36_TDP.ram_B has been changed from INDEPENDENT to COMMON to match the clocking topology used for the BRAM.
INFO: [Opt 31-422] The CLOCK_DOMAINS attribute on the BRAM cell ps_dma_fft_i/blk_mem_gen_0/U0/inst_blk_mem_gen/gnbram.gnative_mem_map_bmg.native_mem_map_blk_mem_gen/valid.cstr/ramloop[17].ram.r/prim_noinit.ram/DEVICE_8SERIES.WITH_BMM_INFO.TRUE_DP.CASCADED_PRIM36_TDP.ram_T has been changed from INDEPENDENT to COMMON to match the clocking topology used for the BRAM.
INFO: [Opt 31-422] The CLOCK_DOMAINS attribute on the BRAM cell ps_dma_fft_i/blk_mem_gen_0/U0/inst_blk_mem_gen/gnbram.gnative_mem_map_bmg.native_mem_map_blk_mem_gen/valid.cstr/ramloop[18].ram.r/prim_noinit.ram/DEVICE_8SERIES.WITH_BMM_INFO.TRUE_DP.CASCADED_PRIM36_TDP.ram_B has been changed from INDEPENDENT to COMMON to match the clocking topology used for the BRAM.
INFO: [Opt 31-422] The CLOCK_DOMAINS attribute on the BRAM cell ps_dma_fft_i/blk_mem_gen_0/U0/inst_blk_mem_gen/gnbram.gnative_mem_map_bmg.native_mem_map_blk_mem_gen/valid.cstr/ramloop[18].ram.r/prim_noinit.ram/DEVICE_8SERIES.WITH_BMM_INFO.TRUE_DP.CASCADED_PRIM36_TDP.ram_T has been changed from INDEPENDENT to COMMON to match the clocking topology used for the BRAM.
INFO: [Opt 31-422] The CLOCK_DOMAINS attribute on the BRAM cell ps_dma_fft_i/blk_mem_gen_0/U0/inst_blk_mem_gen/gnbram.gnative_mem_map_bmg.native_mem_map_blk_mem_gen/valid.cstr/ramloop[19].ram.r/prim_noinit.ram/DEVICE_8SERIES.WITH_BMM_INFO.TRUE_DP.CASCADED_PRIM36_TDP.ram_B has been changed from INDEPENDENT to COMMON to match the clocking topology used for the BRAM.
INFO: [Opt 31-422] The CLOCK_DOMAINS attribute on the BRAM cell ps_dma_fft_i/blk_mem_gen_0/U0/inst_blk_mem_gen/gnbram.gnative_mem_map_bmg.native_mem_map_blk_mem_gen/valid.cstr/ramloop[19].ram.r/prim_noinit.ram/DEVICE_8SERIES.WITH_BMM_INFO.TRUE_DP.CASCADED_PRIM36_TDP.ram_T has been changed from INDEPENDENT to COMMON to match the clocking topology used for the BRAM.
INFO: [Opt 31-422] The CLOCK_DOMAINS attribute on the BRAM cell ps_dma_fft_i/blk_mem_gen_0/U0/inst_blk_mem_gen/gnbram.gnative_mem_map_bmg.native_mem_map_blk_mem_gen/valid.cstr/ramloop[1].ram.r/prim_noinit.ram/DEVICE_8SERIES.WITH_BMM_INFO.TRUE_DP.CASCADED_PRIM36_TDP.ram_B has been changed from INDEPENDENT to COMMON to match the clocking topology used for the BRAM.
INFO: [Opt 31-422] The CLOCK_DOMAINS attribute on the BRAM cell ps_dma_fft_i/blk_mem_gen_0/U0/inst_blk_mem_gen/gnbram.gnative_mem_map_bmg.native_mem_map_blk_mem_gen/valid.cstr/ramloop[1].ram.r/prim_noinit.ram/DEVICE_8SERIES.WITH_BMM_INFO.TRUE_DP.CASCADED_PRIM36_TDP.ram_T has been changed from INDEPENDENT to COMMON to match the clocking topology used for the BRAM.
INFO: [Opt 31-422] The CLOCK_DOMAINS attribute on the BRAM cell ps_dma_fft_i/blk_mem_gen_0/U0/inst_blk_mem_gen/gnbram.gnative_mem_map_bmg.native_mem_map_blk_mem_gen/valid.cstr/ramloop[20].ram.r/prim_noinit.ram/DEVICE_8SERIES.WITH_BMM_INFO.TRUE_DP.CASCADED_PRIM36_TDP.ram_B has been changed from INDEPENDENT to COMMON to match the clocking topology used for the BRAM.
INFO: [Opt 31-422] The CLOCK_DOMAINS attribute on the BRAM cell ps_dma_fft_i/blk_mem_gen_0/U0/inst_blk_mem_gen/gnbram.gnative_mem_map_bmg.native_mem_map_blk_mem_gen/valid.cstr/ramloop[20].ram.r/prim_noinit.ram/DEVICE_8SERIES.WITH_BMM_INFO.TRUE_DP.CASCADED_PRIM36_TDP.ram_T has been changed from INDEPENDENT to COMMON to match the clocking topology used for the BRAM.
INFO: [Opt 31-422] The CLOCK_DOMAINS attribute on the BRAM cell ps_dma_fft_i/blk_mem_gen_0/U0/inst_blk_mem_gen/gnbram.gnative_mem_map_bmg.native_mem_map_blk_mem_gen/valid.cstr/ramloop[21].ram.r/prim_noinit.ram/DEVICE_8SERIES.WITH_BMM_INFO.TRUE_DP.CASCADED_PRIM36_TDP.ram_B has been changed from INDEPENDENT to COMMON to match the clocking topology used for the BRAM.
INFO: [Opt 31-422] The CLOCK_DOMAINS attribute on the BRAM cell ps_dma_fft_i/blk_mem_gen_0/U0/inst_blk_mem_gen/gnbram.gnative_mem_map_bmg.native_mem_map_blk_mem_gen/valid.cstr/ramloop[21].ram.r/prim_noinit.ram/DEVICE_8SERIES.WITH_BMM_INFO.TRUE_DP.CASCADED_PRIM36_TDP.ram_T has been changed from INDEPENDENT to COMMON to match the clocking topology used for the BRAM.
INFO: [Opt 31-422] The CLOCK_DOMAINS attribute on the BRAM cell ps_dma_fft_i/blk_mem_gen_0/U0/inst_blk_mem_gen/gnbram.gnative_mem_map_bmg.native_mem_map_blk_mem_gen/valid.cstr/ramloop[22].ram.r/prim_noinit.ram/DEVICE_8SERIES.WITH_BMM_INFO.TRUE_DP.CASCADED_PRIM36_TDP.ram_B has been changed from INDEPENDENT to COMMON to match the clocking topology used for the BRAM.
INFO: [Opt 31-422] The CLOCK_DOMAINS attribute on the BRAM cell ps_dma_fft_i/blk_mem_gen_0/U0/inst_blk_mem_gen/gnbram.gnative_mem_map_bmg.native_mem_map_blk_mem_gen/valid.cstr/ramloop[22].ram.r/prim_noinit.ram/DEVICE_8SERIES.WITH_BMM_INFO.TRUE_DP.CASCADED_PRIM36_TDP.ram_T has been changed from INDEPENDENT to COMMON to match the clocking topology used for the BRAM.
INFO: [Opt 31-422] The CLOCK_DOMAINS attribute on the BRAM cell ps_dma_fft_i/blk_mem_gen_0/U0/inst_blk_mem_gen/gnbram.gnative_mem_map_bmg.native_mem_map_blk_mem_gen/valid.cstr/ramloop[23].ram.r/prim_noinit.ram/DEVICE_8SERIES.WITH_BMM_INFO.TRUE_DP.CASCADED_PRIM36_TDP.ram_B has been changed from INDEPENDENT to COMMON to match the clocking topology used for the BRAM.
INFO: [Opt 31-422] The CLOCK_DOMAINS attribute on the BRAM cell ps_dma_fft_i/blk_mem_gen_0/U0/inst_blk_mem_gen/gnbram.gnative_mem_map_bmg.native_mem_map_blk_mem_gen/valid.cstr/ramloop[23].ram.r/prim_noinit.ram/DEVICE_8SERIES.WITH_BMM_INFO.TRUE_DP.CASCADED_PRIM36_TDP.ram_T has been changed from INDEPENDENT to COMMON to match the clocking topology used for the BRAM.
INFO: [Opt 31-422] The CLOCK_DOMAINS attribute on the BRAM cell ps_dma_fft_i/blk_mem_gen_0/U0/inst_blk_mem_gen/gnbram.gnative_mem_map_bmg.native_mem_map_blk_mem_gen/valid.cstr/ramloop[24].ram.r/prim_noinit.ram/DEVICE_8SERIES.WITH_BMM_INFO.TRUE_DP.CASCADED_PRIM36_TDP.ram_B has been changed from INDEPENDENT to COMMON to match the clocking topology used for the BRAM.
INFO: [Opt 31-422] The CLOCK_DOMAINS attribute on the BRAM cell ps_dma_fft_i/blk_mem_gen_0/U0/inst_blk_mem_gen/gnbram.gnative_mem_map_bmg.native_mem_map_blk_mem_gen/valid.cstr/ramloop[24].ram.r/prim_noinit.ram/DEVICE_8SERIES.WITH_BMM_INFO.TRUE_DP.CASCADED_PRIM36_TDP.ram_T has been changed from INDEPENDENT to COMMON to match the clocking topology used for the BRAM.
INFO: [Opt 31-422] The CLOCK_DOMAINS attribute on the BRAM cell ps_dma_fft_i/blk_mem_gen_0/U0/inst_blk_mem_gen/gnbram.gnative_mem_map_bmg.native_mem_map_blk_mem_gen/valid.cstr/ramloop[25].ram.r/prim_noinit.ram/DEVICE_8SERIES.WITH_BMM_INFO.TRUE_DP.CASCADED_PRIM36_TDP.ram_B has been changed from INDEPENDENT to COMMON to match the clocking topology used for the BRAM.
INFO: [Opt 31-422] The CLOCK_DOMAINS attribute on the BRAM cell ps_dma_fft_i/blk_mem_gen_0/U0/inst_blk_mem_gen/gnbram.gnative_mem_map_bmg.native_mem_map_blk_mem_gen/valid.cstr/ramloop[25].ram.r/prim_noinit.ram/DEVICE_8SERIES.WITH_BMM_INFO.TRUE_DP.CASCADED_PRIM36_TDP.ram_T has been changed from INDEPENDENT to COMMON to match the clocking topology used for the BRAM.
INFO: [Opt 31-422] The CLOCK_DOMAINS attribute on the BRAM cell ps_dma_fft_i/blk_mem_gen_0/U0/inst_blk_mem_gen/gnbram.gnative_mem_map_bmg.native_mem_map_blk_mem_gen/valid.cstr/ramloop[26].ram.r/prim_noinit.ram/DEVICE_8SERIES.WITH_BMM_INFO.TRUE_DP.CASCADED_PRIM36_TDP.ram_B has been changed from INDEPENDENT to COMMON to match the clocking topology used for the BRAM.
INFO: [Opt 31-422] The CLOCK_DOMAINS attribute on the BRAM cell ps_dma_fft_i/blk_mem_gen_0/U0/inst_blk_mem_gen/gnbram.gnative_mem_map_bmg.native_mem_map_blk_mem_gen/valid.cstr/ramloop[26].ram.r/prim_noinit.ram/DEVICE_8SERIES.WITH_BMM_INFO.TRUE_DP.CASCADED_PRIM36_TDP.ram_T has been changed from INDEPENDENT to COMMON to match the clocking topology used for the BRAM.
INFO: [Opt 31-422] The CLOCK_DOMAINS attribute on the BRAM cell ps_dma_fft_i/blk_mem_gen_0/U0/inst_blk_mem_gen/gnbram.gnative_mem_map_bmg.native_mem_map_blk_mem_gen/valid.cstr/ramloop[27].ram.r/prim_noinit.ram/DEVICE_8SERIES.WITH_BMM_INFO.TRUE_DP.CASCADED_PRIM36_TDP.ram_B has been changed from INDEPENDENT to COMMON to match the clocking topology used for the BRAM.
INFO: [Opt 31-422] The CLOCK_DOMAINS attribute on the BRAM cell ps_dma_fft_i/blk_mem_gen_0/U0/inst_blk_mem_gen/gnbram.gnative_mem_map_bmg.native_mem_map_blk_mem_gen/valid.cstr/ramloop[27].ram.r/prim_noinit.ram/DEVICE_8SERIES.WITH_BMM_INFO.TRUE_DP.CASCADED_PRIM36_TDP.ram_T has been changed from INDEPENDENT to COMMON to match the clocking topology used for the BRAM.
INFO: [Opt 31-422] The CLOCK_DOMAINS attribute on the BRAM cell ps_dma_fft_i/blk_mem_gen_0/U0/inst_blk_mem_gen/gnbram.gnative_mem_map_bmg.native_mem_map_blk_mem_gen/valid.cstr/ramloop[28].ram.r/prim_noinit.ram/DEVICE_8SERIES.WITH_BMM_INFO.TRUE_DP.CASCADED_PRIM36_TDP.ram_B has been changed from INDEPENDENT to COMMON to match the clocking topology used for the BRAM.
INFO: [Opt 31-422] The CLOCK_DOMAINS attribute on the BRAM cell ps_dma_fft_i/blk_mem_gen_0/U0/inst_blk_mem_gen/gnbram.gnative_mem_map_bmg.native_mem_map_blk_mem_gen/valid.cstr/ramloop[28].ram.r/prim_noinit.ram/DEVICE_8SERIES.WITH_BMM_INFO.TRUE_DP.CASCADED_PRIM36_TDP.ram_T has been changed from INDEPENDENT to COMMON to match the clocking topology used for the BRAM.
INFO: [Opt 31-422] The CLOCK_DOMAINS attribute on the BRAM cell ps_dma_fft_i/blk_mem_gen_0/U0/inst_blk_mem_gen/gnbram.gnative_mem_map_bmg.native_mem_map_blk_mem_gen/valid.cstr/ramloop[29].ram.r/prim_noinit.ram/DEVICE_8SERIES.WITH_BMM_INFO.TRUE_DP.CASCADED_PRIM36_TDP.ram_B has been changed from INDEPENDENT to COMMON to match the clocking topology used for the BRAM.
INFO: [Opt 31-422] The CLOCK_DOMAINS attribute on the BRAM cell ps_dma_fft_i/blk_mem_gen_0/U0/inst_blk_mem_gen/gnbram.gnative_mem_map_bmg.native_mem_map_blk_mem_gen/valid.cstr/ramloop[29].ram.r/prim_noinit.ram/DEVICE_8SERIES.WITH_BMM_INFO.TRUE_DP.CASCADED_PRIM36_TDP.ram_T has been changed from INDEPENDENT to COMMON to match the clocking topology used for the BRAM.
INFO: [Common 17-14] Message 'Opt 31-422' appears 100 times and further instances of the messages will be disabled. Use the Tcl command set_msg_config to change the current settings.
Netlist sorting complete. Time (s): cpu = 00:00:00 ; elapsed = 00:00:00.011 . Memory (MB): peak = 3331.258 ; gain = 0.000
INFO: [Project 1-111] Unisim Transformation Summary:
  A total of 96 instances were transformed.
  RAM16X1D => RAM32X1D (RAMD32(x2)): 2 instances
  RAM32M => RAM32M (RAMD32(x6), RAMS32(x2)): 2 instances
  RAM32M16 => RAM32M16 (RAMD32(x14), RAMS32(x2)): 91 instances
  RAM32X1D => RAM32X1D (RAMD32(x2)): 1 instance 

120 Infos, 1 Warnings, 0 Critical Warnings and 0 Errors encountered.
link_design completed successfully
link_design: Time (s): cpu = 00:00:01 ; elapsed = 00:00:26 . Memory (MB): peak = 3331.258 ; gain = 1864.676
Command: opt_design
Attempting to get a license for feature 'Implementation' and/or device 'xczu19eg_SE'
INFO: [Common 17-349] Got license for feature 'Implementation' and/or device 'xczu19eg_SE'
Running DRC as a precondition to command opt_design

Starting DRC Task
INFO: [DRC 23-27] Running DRC with 2 threads
INFO: [Project 1-461] DRC finished with 0 Errors
INFO: [Project 1-462] Please refer to the DRC report (report_drc) for more information.

Time (s): cpu = 00:00:00 ; elapsed = 00:00:01 . Memory (MB): peak = 3331.258 ; gain = 0.000

Starting Cache Timing Information Task
INFO: [Timing 38-35] Done setting XDC timing constraints.
Ending Cache Timing Information Task | Checksum: 58af06b9

Time (s): cpu = 00:00:00 ; elapsed = 00:00:01 . Memory (MB): peak = 3331.258 ; gain = 0.000

Starting Logic Optimization Task

Phase 1 Retarget
INFO: [Opt 31-1566] Pulled 5 inverters resulting in an inversion of 57 pins
INFO: [Opt 31-138] Pushed 68 inverter(s) to 1308 load pin(s).
INFO: [Opt 31-49] Retargeted 0 cell(s).
Phase 1 Retarget | Checksum: 10c1e8946

Time (s): cpu = 00:00:00 ; elapsed = 00:00:00.751 . Memory (MB): peak = 3649.480 ; gain = 3.238
INFO: [Opt 31-389] Phase Retarget created 52 cells and removed 387 cells
INFO: [Opt 31-1021] In phase Retarget, 62 netlist objects are constrained preventing optimization. Please run opt_design with -debug_log to get more detail. 

Phase 2 Constant propagation
INFO: [Opt 31-138] Pushed 0 inverter(s) to 0 load pin(s).
Phase 2 Constant propagation | Checksum: 121513fea

Time (s): cpu = 00:00:00 ; elapsed = 00:00:00.858 . Memory (MB): peak = 3649.480 ; gain = 3.238
INFO: [Opt 31-389] Phase Constant propagation created 76 cells and removed 330 cells
INFO: [Opt 31-1021] In phase Constant propagation, 62 netlist objects are constrained preventing optimization. Please run opt_design with -debug_log to get more detail. 

Phase 3 Sweep
Phase 3 Sweep | Checksum: 193cda3fd

Time (s): cpu = 00:00:00 ; elapsed = 00:00:02 . Memory (MB): peak = 3649.480 ; gain = 3.238
INFO: [Opt 31-389] Phase Sweep created 0 cells and removed 1774 cells
INFO: [Opt 31-1021] In phase Sweep, 78 netlist objects are constrained preventing optimization. Please run opt_design with -debug_log to get more detail. 

Phase 4 BUFG optimization
INFO: [Opt 31-1077] Phase BUFG optimization inserted 0 global clock buffer(s) for CLOCK_LOW_FANOUT.
Phase 4 BUFG optimization | Checksum: 193cda3fd

Time (s): cpu = 00:00:00 ; elapsed = 00:00:02 . Memory (MB): peak = 3649.480 ; gain = 3.238
INFO: [Opt 31-662] Phase BUFG optimization created 0 cells of which 0 are BUFGs and removed 0 cells.

Phase 5 Shift Register Optimization
INFO: [Opt 31-1064] SRL Remap converted 0 SRLs to 0 registers and converted 0 registers of register chains to 0 SRLs
Phase 5 Shift Register Optimization | Checksum: 19a4ba29b

Time (s): cpu = 00:00:00 ; elapsed = 00:00:02 . Memory (MB): peak = 3649.480 ; gain = 3.238
INFO: [Opt 31-389] Phase Shift Register Optimization created 0 cells and removed 0 cells

Phase 6 Post Processing Netlist
INFO: [Opt 31-1566] Pulled 1 inverters resulting in an inversion of 28 pins
Phase 6 Post Processing Netlist | Checksum: 1417ddf39

Time (s): cpu = 00:00:00 ; elapsed = 00:00:02 . Memory (MB): peak = 3649.480 ; gain = 3.238
INFO: [Opt 31-389] Phase Post Processing Netlist created 0 cells and removed 1 cells
INFO: [Opt 31-1021] In phase Post Processing Netlist, 62 netlist objects are constrained preventing optimization. Please run opt_design with -debug_log to get more detail. 
Opt_design Change Summary
=========================


-------------------------------------------------------------------------------------------------------------------------
|  Phase                        |  #Cells created  |  #Cells Removed  |  #Constrained objects preventing optimizations  |
-------------------------------------------------------------------------------------------------------------------------
|  Retarget                     |              52  |             387  |                                             62  |
|  Constant propagation         |              76  |             330  |                                             62  |
|  Sweep                        |               0  |            1774  |                                             78  |
|  BUFG optimization            |               0  |               0  |                                              0  |
|  Shift Register Optimization  |               0  |               0  |                                              0  |
|  Post Processing Netlist      |               0  |               1  |                                             62  |
-------------------------------------------------------------------------------------------------------------------------



Starting Connectivity Check Task

Time (s): cpu = 00:00:00 ; elapsed = 00:00:00.030 . Memory (MB): peak = 3649.480 ; gain = 0.000
Ending Logic Optimization Task | Checksum: 1196d80f6

Time (s): cpu = 00:00:00 ; elapsed = 00:00:02 . Memory (MB): peak = 3649.480 ; gain = 3.238

Starting Power Optimization Task
INFO: [Pwropt 34-132] Skipping clock gating for clocks with a period < 2.00 ns.
INFO: [Timing 38-35] Done setting XDC timing constraints.
Running Vector-less Activity Propagation...

Finished Running Vector-less Activity Propagation
INFO: [Pwropt 34-9] Applying IDT optimizations ...
INFO: [Pwropt 34-10] Applying ODC optimizations ...


Starting PowerOpt Patch Enables Task
INFO: [Pwropt 34-162] WRITE_MODE attribute of 128 BRAM(s) out of a total of 256 has been updated to save power. Run report_power_opt to get a complete listing of the BRAMs updated.
INFO: [Pwropt 34-201] Structural ODC has moved 0 WE to EN ports
Number of BRAM Ports augmented: 384 newly gated: 0 Total Ports: 512
Ending PowerOpt Patch Enables Task | Checksum: 1337a409a

Time (s): cpu = 00:00:00 ; elapsed = 00:00:02 . Memory (MB): peak = 4461.414 ; gain = 0.000
Ending Power Optimization Task | Checksum: 1337a409a

Time (s): cpu = 00:00:01 ; elapsed = 00:00:19 . Memory (MB): peak = 4461.414 ; gain = 811.934

Starting Final Cleanup Task

Starting Logic Optimization Task
INFO: [Timing 38-35] Done setting XDC timing constraints.
Ending Logic Optimization Task | Checksum: 5f54eb18

Time (s): cpu = 00:00:00 ; elapsed = 00:00:02 . Memory (MB): peak = 4461.414 ; gain = 0.000
Ending Final Cleanup Task | Checksum: 5f54eb18

Time (s): cpu = 00:00:00 ; elapsed = 00:00:04 . Memory (MB): peak = 4461.414 ; gain = 0.000

Starting Netlist Obfuscation Task
Netlist sorting complete. Time (s): cpu = 00:00:00 ; elapsed = 00:00:00.011 . Memory (MB): peak = 4461.414 ; gain = 0.000
Ending Netlist Obfuscation Task | Checksum: 5f54eb18

Time (s): cpu = 00:00:00 ; elapsed = 00:00:00.013 . Memory (MB): peak = 4461.414 ; gain = 0.000
INFO: [Common 17-83] Releasing license: Implementation
150 Infos, 1 Warnings, 0 Critical Warnings and 0 Errors encountered.
opt_design completed successfully
opt_design: Time (s): cpu = 00:00:02 ; elapsed = 00:00:30 . Memory (MB): peak = 4461.414 ; gain = 1130.156
INFO: [runtcl-4] Executing : report_drc -file ps_dma_fft_wrapper_drc_opted.rpt -pb ps_dma_fft_wrapper_drc_opted.pb -rpx ps_dma_fft_wrapper_drc_opted.rpx
Command: report_drc -file ps_dma_fft_wrapper_drc_opted.rpt -pb ps_dma_fft_wrapper_drc_opted.pb -rpx ps_dma_fft_wrapper_drc_opted.rpx
INFO: [IP_Flow 19-1839] IP Catalog is up to date.
INFO: [Timing 38-35] Done setting XDC timing constraints.
INFO: [DRC 23-27] Running DRC with 2 threads
INFO: [Vivado_Tcl 2-168] The results of DRC are in file E:/vivao_workspace/fft_dma/719C_AXI_DMA_0915/719C_AXI_DMA_0915.runs/impl_1/ps_dma_fft_wrapper_drc_opted.rpt.
report_drc completed successfully
report_drc: Time (s): cpu = 00:00:01 ; elapsed = 00:00:23 . Memory (MB): peak = 5369.434 ; gain = 908.020
INFO: [Timing 38-480] Writing timing data to binary archive.
INFO: [Common 17-1381] The checkpoint 'E:/vivao_workspace/fft_dma/719C_AXI_DMA_0915/719C_AXI_DMA_0915.runs/impl_1/ps_dma_fft_wrapper_opt.dcp' has been generated.
Command: place_design
Attempting to get a license for feature 'Implementation' and/or device 'xczu19eg_SE'
INFO: [Common 17-349] Got license for feature 'Implementation' and/or device 'xczu19eg_SE'
INFO: [DRC 23-27] Running DRC with 2 threads
INFO: [Vivado_Tcl 4-198] DRC finished with 0 Errors, 2 Advisories
INFO: [Vivado_Tcl 4-199] Please refer to the DRC report (report_drc) for more information.
Running DRC as a precondition to command place_design
INFO: [DRC 23-27] Running DRC with 2 threads
INFO: [Vivado_Tcl 4-198] DRC finished with 0 Errors, 1 Advisories
INFO: [Vivado_Tcl 4-199] Please refer to the DRC report (report_drc) for more information.

Starting Placer Task
INFO: [Place 30-611] Multithreading enabled for place_design using a maximum of 2 CPUs

Phase 1 Placer Initialization

Phase 1.1 Placer Initialization Netlist Sorting
Netlist sorting complete. Time (s): cpu = 00:00:00 ; elapsed = 00:00:00.008 . Memory (MB): peak = 5369.434 ; gain = 0.000
Phase 1.1 Placer Initialization Netlist Sorting | Checksum: 39dac41e

Time (s): cpu = 00:00:00 ; elapsed = 00:00:00.020 . Memory (MB): peak = 5369.434 ; gain = 0.000
Netlist sorting complete. Time (s): cpu = 00:00:00 ; elapsed = 00:00:00.008 . Memory (MB): peak = 5369.434 ; gain = 0.000

Phase 1.2 IO Placement/ Clock Placement/ Build Placer Device
Phase 1.2 IO Placement/ Clock Placement/ Build Placer Device | Checksum: 1426ad813

Time (s): cpu = 00:00:00 ; elapsed = 00:00:02 . Memory (MB): peak = 5369.434 ; gain = 0.000

Phase 1.3 Build Placer Netlist Model
Phase 1.3 Build Placer Netlist Model | Checksum: 230f17518

Time (s): cpu = 00:00:01 ; elapsed = 00:00:06 . Memory (MB): peak = 5369.434 ; gain = 0.000

Phase 1.4 Constrain Clocks/Macros
Phase 1.4 Constrain Clocks/Macros | Checksum: 230f17518

Time (s): cpu = 00:00:01 ; elapsed = 00:00:06 . Memory (MB): peak = 5369.434 ; gain = 0.000
Phase 1 Placer Initialization | Checksum: 230f17518

Time (s): cpu = 00:00:01 ; elapsed = 00:00:06 . Memory (MB): peak = 5369.434 ; gain = 0.000

Phase 2 Global Placement

Phase 2.1 Floorplanning

Phase 2.1.1 Partition Driven Placement

Phase 2.1.1.1 PBP: Partition Driven Placement
Phase 2.1.1.1 PBP: Partition Driven Placement | Checksum: 1a16ebca8

Time (s): cpu = 00:00:01 ; elapsed = 00:00:10 . Memory (MB): peak = 5369.434 ; gain = 0.000

Phase 2.1.1.2 PBP: Clock Region Placement
INFO: [Place 30-3162] Check ILP status : ILP-based clock placer completed successfully.
Phase 2.1.1.2 PBP: Clock Region Placement | Checksum: 1d00a0bf9

Time (s): cpu = 00:00:01 ; elapsed = 00:00:11 . Memory (MB): peak = 5369.434 ; gain = 0.000

Phase 2.1.1.3 PBP: Compute Congestion
Phase 2.1.1.3 PBP: Compute Congestion | Checksum: 1d00a0bf9

Time (s): cpu = 00:00:01 ; elapsed = 00:00:19 . Memory (MB): peak = 5369.434 ; gain = 0.000

Phase 2.1.1.4 PBP: UpdateTiming
Phase 2.1.1.4 PBP: UpdateTiming | Checksum: 15da0619a

Time (s): cpu = 00:00:01 ; elapsed = 00:00:19 . Memory (MB): peak = 5369.434 ; gain = 0.000

Phase 2.1.1.5 PBP: Add part constraints
Phase 2.1.1.5 PBP: Add part constraints | Checksum: 15da0619a

Time (s): cpu = 00:00:01 ; elapsed = 00:00:19 . Memory (MB): peak = 5369.434 ; gain = 0.000
Phase 2.1.1 Partition Driven Placement | Checksum: 15da0619a

Time (s): cpu = 00:00:01 ; elapsed = 00:00:19 . Memory (MB): peak = 5369.434 ; gain = 0.000
Phase 2.1 Floorplanning | Checksum: 1f314a8a5

Time (s): cpu = 00:00:01 ; elapsed = 00:00:19 . Memory (MB): peak = 5369.434 ; gain = 0.000

Phase 2.2 Update Timing before SLR Path Opt
Phase 2.2 Update Timing before SLR Path Opt | Checksum: 1f314a8a5

Time (s): cpu = 00:00:01 ; elapsed = 00:00:19 . Memory (MB): peak = 5369.434 ; gain = 0.000

Phase 2.3 Post-Processing in Floorplanning
Phase 2.3 Post-Processing in Floorplanning | Checksum: 1f314a8a5

Time (s): cpu = 00:00:01 ; elapsed = 00:00:19 . Memory (MB): peak = 5369.434 ; gain = 0.000

Phase 2.4 Global Placement Core

Phase 2.4.1 UpdateTiming Before Physical Synthesis
Phase 2.4.1 UpdateTiming Before Physical Synthesis | Checksum: 21d89e297

Time (s): cpu = 00:00:06 ; elapsed = 00:00:57 . Memory (MB): peak = 5554.469 ; gain = 185.035

Phase 2.4.2 Physical Synthesis In Placer
INFO: [Physopt 32-1035] Found 0 LUTNM shape to break, 706 LUT instances to create LUTNM shape
INFO: [Physopt 32-1044] Break lutnm for timing: one critical 0, two critical 0, total 0, new lutff created 0
INFO: [Physopt 32-1138] End 1 Pass. Optimized 303 nets or LUTs. Breaked 0 LUT, combined 303 existing LUTs and moved 0 existing LUT
INFO: [Physopt 32-1030] Pass 1. Identified 4 candidate driver sets for equivalent driver rewiring.
INFO: [Physopt 32-661] Optimized 2 nets.  Re-placed 22 instances.
INFO: [Physopt 32-775] End 1 Pass. Optimized 2 nets or cells. Created 0 new cell, deleted 0 existing cell and moved 22 existing cells
Netlist sorting complete. Time (s): cpu = 00:00:00 ; elapsed = 00:00:00.079 . Memory (MB): peak = 5554.469 ; gain = 0.000
INFO: [Physopt 32-65] No nets found for high-fanout optimization.
INFO: [Physopt 32-232] Optimized 0 net. Created 0 new instance.
INFO: [Physopt 32-775] End 1 Pass. Optimized 0 net or cell. Created 0 new cell, deleted 0 existing cell and moved 0 existing cell
INFO: [Physopt 32-670] No setup violation found.  DSP Register Optimization was not performed.
INFO: [Physopt 32-670] No setup violation found.  Shift Register to Pipeline Optimization was not performed.
INFO: [Physopt 32-670] No setup violation found.  Shift Register Optimization was not performed.
INFO: [Physopt 32-670] No setup violation found.  BRAM Register Optimization was not performed.
INFO: [Physopt 32-670] No setup violation found.  URAM Register Optimization was not performed.
INFO: [Physopt 32-949] No candidate nets found for dynamic/static region interface net replication
INFO: [Physopt 32-775] End 1 Pass. Optimized 0 net or cell. Created 0 new cell, deleted 0 existing cell and moved 0 existing cell
Netlist sorting complete. Time (s): cpu = 00:00:00 ; elapsed = 00:00:00.008 . Memory (MB): peak = 5554.469 ; gain = 0.000

Summary of Physical Synthesis Optimizations
============================================


-----------------------------------------------------------------------------------------------------------------------------------------------------------
|  Optimization                                     |  Added Cells  |  Removed Cells  |  Optimized Cells/Nets  |  Dont Touch  |  Iterations  |  Elapsed   |
-----------------------------------------------------------------------------------------------------------------------------------------------------------
|  LUT Combining                                    |            0  |            303  |                   303  |           0  |           1  |  00:00:00  |
|  Retime                                           |            0  |              0  |                     0  |           0  |           1  |  00:00:00  |
|  Equivalent Driver Rewiring                       |            0  |              0  |                     2  |           0  |           1  |  00:00:01  |
|  Very High Fanout                                 |            0  |              0  |                     0  |           0  |           1  |  00:00:00  |
|  DSP Register                                     |            0  |              0  |                     0  |           0  |           0  |  00:00:00  |
|  Shift Register to Pipeline                       |            0  |              0  |                     0  |           0  |           0  |  00:00:00  |
|  Shift Register                                   |            0  |              0  |                     0  |           0  |           0  |  00:00:00  |
|  BRAM Register                                    |            0  |              0  |                     0  |           0  |           0  |  00:00:00  |
|  URAM Register                                    |            0  |              0  |                     0  |           0  |           0  |  00:00:00  |
|  Dynamic/Static Region Interface Net Replication  |            0  |              0  |                     0  |           0  |           1  |  00:00:00  |
|  Total                                            |            0  |            303  |                   305  |           0  |           5  |  00:00:02  |
-----------------------------------------------------------------------------------------------------------------------------------------------------------


Phase 2.4.2 Physical Synthesis In Placer | Checksum: 173cf7991

Time (s): cpu = 00:00:06 ; elapsed = 00:01:01 . Memory (MB): peak = 5554.469 ; gain = 185.035
Phase 2.4 Global Placement Core | Checksum: b781c670

Time (s): cpu = 00:00:07 ; elapsed = 00:01:10 . Memory (MB): peak = 5554.469 ; gain = 185.035
Phase 2 Global Placement | Checksum: b781c670

Time (s): cpu = 00:00:07 ; elapsed = 00:01:10 . Memory (MB): peak = 5554.469 ; gain = 185.035

Phase 3 Detail Placement

Phase 3.1 Commit Multi Column Macros
Phase 3.1 Commit Multi Column Macros | Checksum: a3ff0a43

Time (s): cpu = 00:00:07 ; elapsed = 00:01:17 . Memory (MB): peak = 5554.469 ; gain = 185.035

Phase 3.2 Commit Most Macros & LUTRAMs
Phase 3.2 Commit Most Macros & LUTRAMs | Checksum: 104b0de7e

Time (s): cpu = 00:00:07 ; elapsed = 00:01:19 . Memory (MB): peak = 5554.469 ; gain = 185.035

Phase 3.3 Small Shape DP

Phase 3.3.1 Small Shape Clustering
Phase 3.3.1 Small Shape Clustering | Checksum: 858342a3

Time (s): cpu = 00:00:08 ; elapsed = 00:01:33 . Memory (MB): peak = 5558.172 ; gain = 188.738

Phase 3.3.2 Flow Legalize Slice Clusters
Phase 3.3.2 Flow Legalize Slice Clusters | Checksum: c305a9d5

Time (s): cpu = 00:00:08 ; elapsed = 00:01:40 . Memory (MB): peak = 5567.969 ; gain = 198.535

Phase 3.3.3 Slice Area Swap

Phase 3.3.3.1 Slice Area Swap Initial
Phase 3.3.3.1 Slice Area Swap Initial | Checksum: 149cff027

Time (s): cpu = 00:00:08 ; elapsed = 00:01:43 . Memory (MB): peak = 5584.711 ; gain = 215.277
Phase 3.3.3 Slice Area Swap | Checksum: 149cff027

Time (s): cpu = 00:00:08 ; elapsed = 00:01:43 . Memory (MB): peak = 5591.496 ; gain = 222.062
Phase 3.3 Small Shape DP | Checksum: 11af42928

Time (s): cpu = 00:00:09 ; elapsed = 00:01:58 . Memory (MB): peak = 5596.332 ; gain = 226.898

Phase 3.4 Re-assign LUT pins
Phase 3.4 Re-assign LUT pins | Checksum: bc8798c2

Time (s): cpu = 00:00:09 ; elapsed = 00:01:59 . Memory (MB): peak = 5596.332 ; gain = 226.898

Phase 3.5 Pipeline Register Optimization
Phase 3.5 Pipeline Register Optimization | Checksum: 1d41b6e53

Time (s): cpu = 00:00:09 ; elapsed = 00:01:59 . Memory (MB): peak = 5596.332 ; gain = 226.898
Phase 3 Detail Placement | Checksum: 1d41b6e53

Time (s): cpu = 00:00:09 ; elapsed = 00:01:59 . Memory (MB): peak = 5596.332 ; gain = 226.898

Phase 4 Post Placement Optimization and Clean-Up

Phase 4.1 Post Commit Optimization
INFO: [Timing 38-35] Done setting XDC timing constraints.

Phase 4.1.1 Post Placement Optimization
Post Placement Optimization Initialization | Checksum: 22e3d7052

Phase 4.1.1.1 BUFG Insertion

Starting Physical Synthesis Task

Phase 1 Physical Synthesis Initialization
INFO: [Physopt 32-721] Multithreading enabled for phys_opt_design using a maximum of 2 CPUs
INFO: [Physopt 32-619] Estimated Timing Summary | WNS=5.968 | TNS=0.000 |
Phase 1 Physical Synthesis Initialization | Checksum: 29221633b

Time (s): cpu = 00:00:00 ; elapsed = 00:00:00.440 . Memory (MB): peak = 5643.438 ; gain = 0.000
INFO: [Place 46-56] BUFG insertion identified 0 candidate nets. Inserted BUFG: 0, Replicated BUFG Driver: 0, Skipped due to Placement/Routing Conflicts: 0, Skipped due to Timing Degradation: 0, Skipped due to netlist editing failed: 0.
Ending Physical Synthesis Task | Checksum: 29221633b

Time (s): cpu = 00:00:00 ; elapsed = 00:00:00.645 . Memory (MB): peak = 5643.438 ; gain = 0.000
Phase 4.1.1.1 BUFG Insertion | Checksum: 22e3d7052

Time (s): cpu = 00:00:09 ; elapsed = 00:02:13 . Memory (MB): peak = 5643.438 ; gain = 274.004

Phase 4.1.1.2 Post Placement Timing Optimization
INFO: [Place 30-746] Post Placement Timing Summary WNS=5.968. For the most accurate timing information please run report_timing.
Phase 4.1.1.2 Post Placement Timing Optimization | Checksum: 263eda1c5

Time (s): cpu = 00:00:09 ; elapsed = 00:02:13 . Memory (MB): peak = 5643.438 ; gain = 274.004

Time (s): cpu = 00:00:09 ; elapsed = 00:02:13 . Memory (MB): peak = 5643.438 ; gain = 274.004
Phase 4.1 Post Commit Optimization | Checksum: 263eda1c5

Time (s): cpu = 00:00:09 ; elapsed = 00:02:13 . Memory (MB): peak = 5643.438 ; gain = 274.004
Netlist sorting complete. Time (s): cpu = 00:00:00 ; elapsed = 00:00:00.009 . Memory (MB): peak = 5665.895 ; gain = 0.000

Phase 4.2 Post Placement Cleanup
Phase 4.2 Post Placement Cleanup | Checksum: 335df5395

Time (s): cpu = 00:00:10 ; elapsed = 00:02:28 . Memory (MB): peak = 5665.895 ; gain = 296.461

Phase 4.3 Placer Reporting

Phase 4.3.1 Print Estimated Congestion
INFO: [Place 30-612] Post-Placement Estimated Congestion 
 ________________________________________________________________________
|           | Global Congestion | Long Congestion   | Short Congestion  |
| Direction | Region Size       | Region Size       | Region Size       |
|___________|___________________|___________________|___________________|
|      North|                1x1|                1x1|                1x1|
|___________|___________________|___________________|___________________|
|      South|                1x1|                1x1|                1x1|
|___________|___________________|___________________|___________________|
|       East|                1x1|                1x1|                1x1|
|___________|___________________|___________________|___________________|
|       West|                1x1|                1x1|                1x1|
|___________|___________________|___________________|___________________|

Phase 4.3.1 Print Estimated Congestion | Checksum: 335df5395

Time (s): cpu = 00:00:10 ; elapsed = 00:02:28 . Memory (MB): peak = 5665.895 ; gain = 296.461
Phase 4.3 Placer Reporting | Checksum: 335df5395

Time (s): cpu = 00:00:10 ; elapsed = 00:02:28 . Memory (MB): peak = 5665.895 ; gain = 296.461

Phase 4.4 Final Placement Cleanup
Netlist sorting complete. Time (s): cpu = 00:00:00 ; elapsed = 00:00:00.009 . Memory (MB): peak = 5665.895 ; gain = 0.000

Time (s): cpu = 00:00:10 ; elapsed = 00:02:28 . Memory (MB): peak = 5665.895 ; gain = 296.461
Phase 4 Post Placement Optimization and Clean-Up | Checksum: 2e6173fcb

Time (s): cpu = 00:00:10 ; elapsed = 00:02:28 . Memory (MB): peak = 5665.895 ; gain = 296.461
Ending Placer Task | Checksum: 22e2caaf7

Time (s): cpu = 00:00:10 ; elapsed = 00:02:28 . Memory (MB): peak = 5665.895 ; gain = 296.461
INFO: [Common 17-83] Releasing license: Implementation
189 Infos, 1 Warnings, 0 Critical Warnings and 0 Errors encountered.
place_design completed successfully
place_design: Time (s): cpu = 00:00:10 ; elapsed = 00:02:30 . Memory (MB): peak = 5665.895 ; gain = 296.461
INFO: [runtcl-4] Executing : report_io -file ps_dma_fft_wrapper_io_placed.rpt
report_io: Time (s): cpu = 00:00:00 ; elapsed = 00:00:00.173 . Memory (MB): peak = 5665.895 ; gain = 0.000
INFO: [runtcl-4] Executing : report_utilization -file ps_dma_fft_wrapper_utilization_placed.rpt -pb ps_dma_fft_wrapper_utilization_placed.pb
INFO: [runtcl-4] Executing : report_control_sets -verbose -file ps_dma_fft_wrapper_control_sets_placed.rpt
report_control_sets: Time (s): cpu = 00:00:00 ; elapsed = 00:00:00.053 . Memory (MB): peak = 5665.895 ; gain = 0.000
INFO: [Timing 38-480] Writing timing data to binary archive.
Writing XDEF routing.
Writing XDEF routing logical nets.
Writing XDEF routing special nets.
Write XDEF Complete: Time (s): cpu = 00:00:00 ; elapsed = 00:00:02 . Memory (MB): peak = 5665.895 ; gain = 0.000
INFO: [Common 17-1381] The checkpoint 'E:/vivao_workspace/fft_dma/719C_AXI_DMA_0915/719C_AXI_DMA_0915.runs/impl_1/ps_dma_fft_wrapper_placed.dcp' has been generated.
Command: phys_opt_design
Attempting to get a license for feature 'Implementation' and/or device 'xczu19eg_SE'
INFO: [Common 17-349] Got license for feature 'Implementation' and/or device 'xczu19eg_SE'

Starting Initial Update Timing Task

Time (s): cpu = 00:00:00 ; elapsed = 00:00:03 . Memory (MB): peak = 5665.895 ; gain = 0.000
INFO: [Vivado_Tcl 4-383] Design worst setup slack (WNS) is greater than or equal to 0.000 ns. Skipping all physical synthesis optimizations.
INFO: [Vivado_Tcl 4-232] No setup violation found. The netlist was not modified.
INFO: [Common 17-83] Releasing license: Implementation
198 Infos, 1 Warnings, 0 Critical Warnings and 0 Errors encountered.
phys_opt_design completed successfully
INFO: [Timing 38-480] Writing timing data to binary archive.
Writing XDEF routing.
Writing XDEF routing logical nets.
Writing XDEF routing special nets.
Write XDEF Complete: Time (s): cpu = 00:00:00 ; elapsed = 00:00:02 . Memory (MB): peak = 5665.895 ; gain = 0.000
INFO: [Common 17-1381] The checkpoint 'E:/vivao_workspace/fft_dma/719C_AXI_DMA_0915/719C_AXI_DMA_0915.runs/impl_1/ps_dma_fft_wrapper_physopt.dcp' has been generated.
Command: route_design
Attempting to get a license for feature 'Implementation' and/or device 'xczu19eg_SE'
INFO: [Common 17-349] Got license for feature 'Implementation' and/or device 'xczu19eg_SE'
Running DRC as a precondition to command route_design
INFO: [DRC 23-27] Running DRC with 2 threads
INFO: [Vivado_Tcl 4-198] DRC finished with 0 Errors, 2 Advisories
INFO: [Vivado_Tcl 4-199] Please refer to the DRC report (report_drc) for more information.


Starting Routing Task
INFO: [Route 35-254] Multithreading enabled for route_design using a maximum of 2 CPUs

Phase 1 Build RT Design
Checksum: PlaceDB: f06ac4a9 ConstDB: 0 ShapeSum: 6bd0347e RouteDB: d1f1b1d0
Nodegraph reading from file.  Time (s): cpu = 00:00:00 ; elapsed = 00:00:01 . Memory (MB): peak = 5665.895 ; gain = 0.000
Post Restoration Checksum: NetGraph: 922fcf66 | NumContArr: d07f5dd9 | Constraints: e18c823c | Timing: 0
Phase 1 Build RT Design | Checksum: 2443baf7b

Time (s): cpu = 00:00:01 ; elapsed = 00:00:10 . Memory (MB): peak = 5665.895 ; gain = 0.000

Phase 2 Router Initialization

Phase 2.1 Fix Topology Constraints
Phase 2.1 Fix Topology Constraints | Checksum: 2443baf7b

Time (s): cpu = 00:00:01 ; elapsed = 00:00:10 . Memory (MB): peak = 5665.895 ; gain = 0.000

Phase 2.2 Pre Route Cleanup
Phase 2.2 Pre Route Cleanup | Checksum: 2443baf7b

Time (s): cpu = 00:00:01 ; elapsed = 00:00:10 . Memory (MB): peak = 5665.895 ; gain = 0.000

Phase 2.3 Global Clock Net Routing
 Number of Nodes with overlaps = 0
Phase 2.3 Global Clock Net Routing | Checksum: 1cfe601ec

Time (s): cpu = 00:00:01 ; elapsed = 00:00:11 . Memory (MB): peak = 5717.852 ; gain = 51.957

Phase 2.4 Update Timing
Phase 2.4 Update Timing | Checksum: 26e09bd5e

Time (s): cpu = 00:00:01 ; elapsed = 00:00:13 . Memory (MB): peak = 5717.852 ; gain = 51.957
INFO: [Route 35-416] Intermediate Timing Summary | WNS=6.067  | TNS=0.000  | WHS=-0.087 | THS=-16.217|


Router Utilization Summary
  Global Vertical Routing Utilization    = 0 %
  Global Horizontal Routing Utilization  = 0 %
  Routable Net Status*
  *Does not include unroutable nets such as driverless and loadless.
  Run report_route_status for detailed report.
  Number of Failed Nets               = 20801
    (Failed Nets is the sum of unrouted and partially routed nets)
  Number of Unrouted Nets             = 18801
  Number of Partially Routed Nets     = 2000
  Number of Node Overlaps             = 0

Phase 2 Router Initialization | Checksum: 21624079c

Time (s): cpu = 00:00:02 ; elapsed = 00:00:17 . Memory (MB): peak = 5725.266 ; gain = 59.371

Phase 3 Initial Routing

Phase 3.1 Global Routing
Phase 3.1 Global Routing | Checksum: 21624079c

Time (s): cpu = 00:00:02 ; elapsed = 00:00:17 . Memory (MB): peak = 5725.266 ; gain = 59.371
Phase 3 Initial Routing | Checksum: 279668086

Time (s): cpu = 00:00:03 ; elapsed = 00:00:23 . Memory (MB): peak = 5725.266 ; gain = 59.371

Phase 4 Rip-up And Reroute

Phase 4.1 Global Iteration 0
 Number of Nodes with overlaps = 2290
 Number of Nodes with overlaps = 176
 Number of Nodes with overlaps = 3
 Number of Nodes with overlaps = 0
INFO: [Route 35-416] Intermediate Timing Summary | WNS=1.710  | TNS=0.000  | WHS=-0.005 | THS=-0.010 |

Phase 4.1 Global Iteration 0 | Checksum: 1f8d2ef9b

Time (s): cpu = 00:00:05 ; elapsed = 00:00:37 . Memory (MB): peak = 5725.266 ; gain = 59.371

Phase 4.2 Additional Iteration for Hold
Phase 4.2 Additional Iteration for Hold | Checksum: 2073d8191

Time (s): cpu = 00:00:05 ; elapsed = 00:00:37 . Memory (MB): peak = 5725.266 ; gain = 59.371
Phase 4 Rip-up And Reroute | Checksum: 2073d8191

Time (s): cpu = 00:00:05 ; elapsed = 00:00:37 . Memory (MB): peak = 5725.266 ; gain = 59.371

Phase 5 Delay and Skew Optimization

Phase 5.1 Delay CleanUp

Phase 5.1.1 Update Timing
Phase 5.1.1 Update Timing | Checksum: 32201e7fd

Time (s): cpu = 00:00:05 ; elapsed = 00:00:39 . Memory (MB): peak = 5725.266 ; gain = 59.371
INFO: [Route 35-416] Intermediate Timing Summary | WNS=1.710  | TNS=0.000  | WHS=0.013  | THS=0.000  |


Phase 5.1.2 Update Timing
Phase 5.1.2 Update Timing | Checksum: 2b90b36f5

Time (s): cpu = 00:00:06 ; elapsed = 00:00:40 . Memory (MB): peak = 5725.266 ; gain = 59.371
INFO: [Route 35-416] Intermediate Timing Summary | WNS=1.710  | TNS=0.000  | WHS=0.013  | THS=0.000  |

Phase 5.1 Delay CleanUp | Checksum: 2b90b36f5

Time (s): cpu = 00:00:06 ; elapsed = 00:00:40 . Memory (MB): peak = 5725.266 ; gain = 59.371

Phase 5.2 Clock Skew Optimization
Phase 5.2 Clock Skew Optimization | Checksum: 2b90b36f5

Time (s): cpu = 00:00:06 ; elapsed = 00:00:40 . Memory (MB): peak = 5725.266 ; gain = 59.371
Phase 5 Delay and Skew Optimization | Checksum: 2b90b36f5

Time (s): cpu = 00:00:06 ; elapsed = 00:00:40 . Memory (MB): peak = 5725.266 ; gain = 59.371

Phase 6 Post Hold Fix

Phase 6.1 Hold Fix Iter

Phase 6.1.1 Update Timing
Phase 6.1.1 Update Timing | Checksum: 311a7535b

Time (s): cpu = 00:00:06 ; elapsed = 00:00:42 . Memory (MB): peak = 5725.266 ; gain = 59.371
INFO: [Route 35-416] Intermediate Timing Summary | WNS=1.710  | TNS=0.000  | WHS=0.013  | THS=0.000  |

Phase 6.1 Hold Fix Iter | Checksum: 2e2c1818a

Time (s): cpu = 00:00:06 ; elapsed = 00:00:42 . Memory (MB): peak = 5725.266 ; gain = 59.371
Phase 6 Post Hold Fix | Checksum: 2e2c1818a

Time (s): cpu = 00:00:06 ; elapsed = 00:00:42 . Memory (MB): peak = 5725.266 ; gain = 59.371

Phase 7 Route finalize

Router Utilization Summary
  Global Vertical Routing Utilization    = 0.67236 %
  Global Horizontal Routing Utilization  = 0.552321 %
  Routable Net Status*
  *Does not include unroutable nets such as driverless and loadless.
  Run report_route_status for detailed report.
  Number of Failed Nets               = 0
    (Failed Nets is the sum of unrouted and partially routed nets)
  Number of Unrouted Nets             = 0
  Number of Partially Routed Nets     = 0
  Number of Node Overlaps             = 0

Phase 7 Route finalize | Checksum: 34d92f726

Time (s): cpu = 00:00:06 ; elapsed = 00:00:42 . Memory (MB): peak = 5725.266 ; gain = 59.371

Phase 8 Verifying routed nets

 Verification completed successfully
Phase 8 Verifying routed nets | Checksum: 34d92f726

Time (s): cpu = 00:00:06 ; elapsed = 00:00:42 . Memory (MB): peak = 5725.266 ; gain = 59.371

Phase 9 Depositing Routes
Phase 9 Depositing Routes | Checksum: 34d92f726

Time (s): cpu = 00:00:07 ; elapsed = 00:00:43 . Memory (MB): peak = 5725.266 ; gain = 59.371

Phase 10 Resolve XTalk
Phase 10 Resolve XTalk | Checksum: 34d92f726

Time (s): cpu = 00:00:07 ; elapsed = 00:00:43 . Memory (MB): peak = 5725.266 ; gain = 59.371

Phase 11 Post Router Timing
INFO: [Route 35-57] Estimated Timing Summary | WNS=1.710  | TNS=0.000  | WHS=0.013  | THS=0.000  |

INFO: [Route 35-327] The final timing numbers are based on the router estimated timing analysis. For a complete and accurate timing signoff, please run report_timing_summary.
Phase 11 Post Router Timing | Checksum: 34d92f726

Time (s): cpu = 00:00:07 ; elapsed = 00:00:44 . Memory (MB): peak = 5725.266 ; gain = 59.371
INFO: [Route 35-16] Router Completed Successfully

Phase 12 Post-Route Event Processing
Phase 12 Post-Route Event Processing | Checksum: 7a82ea12

Time (s): cpu = 00:00:07 ; elapsed = 00:00:44 . Memory (MB): peak = 5725.266 ; gain = 59.371

Time (s): cpu = 00:00:07 ; elapsed = 00:00:44 . Memory (MB): peak = 5725.266 ; gain = 59.371

Routing Is Done.
INFO: [Common 17-83] Releasing license: Implementation
214 Infos, 1 Warnings, 0 Critical Warnings and 0 Errors encountered.
route_design completed successfully
route_design: Time (s): cpu = 00:00:07 ; elapsed = 00:00:46 . Memory (MB): peak = 5725.266 ; gain = 59.371
INFO: [runtcl-4] Executing : report_drc -file ps_dma_fft_wrapper_drc_routed.rpt -pb ps_dma_fft_wrapper_drc_routed.pb -rpx ps_dma_fft_wrapper_drc_routed.rpx
Command: report_drc -file ps_dma_fft_wrapper_drc_routed.rpt -pb ps_dma_fft_wrapper_drc_routed.pb -rpx ps_dma_fft_wrapper_drc_routed.rpx
INFO: [IP_Flow 19-1839] IP Catalog is up to date.
INFO: [DRC 23-27] Running DRC with 2 threads
INFO: [Vivado_Tcl 2-168] The results of DRC are in file E:/vivao_workspace/fft_dma/719C_AXI_DMA_0915/719C_AXI_DMA_0915.runs/impl_1/ps_dma_fft_wrapper_drc_routed.rpt.
report_drc completed successfully
report_drc: Time (s): cpu = 00:00:02 ; elapsed = 00:00:06 . Memory (MB): peak = 5725.266 ; gain = 0.000
INFO: [runtcl-4] Executing : report_methodology -file ps_dma_fft_wrapper_methodology_drc_routed.rpt -pb ps_dma_fft_wrapper_methodology_drc_routed.pb -rpx ps_dma_fft_wrapper_methodology_drc_routed.rpx
Command: report_methodology -file ps_dma_fft_wrapper_methodology_drc_routed.rpt -pb ps_dma_fft_wrapper_methodology_drc_routed.pb -rpx ps_dma_fft_wrapper_methodology_drc_routed.rpx
INFO: [Timing 38-35] Done setting XDC timing constraints.
INFO: [DRC 23-133] Running Methodology with 2 threads
INFO: [Vivado_Tcl 2-1520] The results of Report Methodology are in file E:/vivao_workspace/fft_dma/719C_AXI_DMA_0915/719C_AXI_DMA_0915.runs/impl_1/ps_dma_fft_wrapper_methodology_drc_routed.rpt.
report_methodology completed successfully
INFO: [runtcl-4] Executing : report_power -file ps_dma_fft_wrapper_power_routed.rpt -pb ps_dma_fft_wrapper_power_summary_routed.pb -rpx ps_dma_fft_wrapper_power_routed.rpx
Command: report_power -file ps_dma_fft_wrapper_power_routed.rpt -pb ps_dma_fft_wrapper_power_summary_routed.pb -rpx ps_dma_fft_wrapper_power_routed.rpx
INFO: [Timing 38-35] Done setting XDC timing constraints.
Running Vector-less Activity Propagation...

Finished Running Vector-less Activity Propagation
224 Infos, 1 Warnings, 0 Critical Warnings and 0 Errors encountered.
report_power completed successfully
report_power: Time (s): cpu = 00:00:02 ; elapsed = 00:00:09 . Memory (MB): peak = 5725.266 ; gain = 0.000
INFO: [runtcl-4] Executing : report_route_status -file ps_dma_fft_wrapper_route_status.rpt -pb ps_dma_fft_wrapper_route_status.pb
INFO: [runtcl-4] Executing : report_timing_summary -max_paths 10 -report_unconstrained -file ps_dma_fft_wrapper_timing_summary_routed.rpt -pb ps_dma_fft_wrapper_timing_summary_routed.pb -rpx ps_dma_fft_wrapper_timing_summary_routed.rpx -warn_on_violation 
INFO: [Timing 38-91] UpdateTimingParams: Speed grade: -2, Temperature grade: I, Delay Type: min_max.
INFO: [Timing 38-191] Multithreading enabled for timing update using a maximum of 2 CPUs
INFO: [runtcl-4] Executing : report_incremental_reuse -file ps_dma_fft_wrapper_incremental_reuse_routed.rpt
INFO: [Vivado_Tcl 4-1062] Incremental flow is disabled. No incremental reuse Info to report.
INFO: [runtcl-4] Executing : report_clock_utilization -file ps_dma_fft_wrapper_clock_utilization_routed.rpt
report_clock_utilization: Time (s): cpu = 00:00:01 ; elapsed = 00:00:08 . Memory (MB): peak = 5725.266 ; gain = 0.000
INFO: [runtcl-4] Executing : report_bus_skew -warn_on_violation -file ps_dma_fft_wrapper_bus_skew_routed.rpt -pb ps_dma_fft_wrapper_bus_skew_routed.pb -rpx ps_dma_fft_wrapper_bus_skew_routed.rpx
INFO: [Timing 38-91] UpdateTimingParams: Speed grade: -2, Temperature grade: I, Delay Type: min_max.
INFO: [Timing 38-191] Multithreading enabled for timing update using a maximum of 2 CPUs
INFO: [Timing 38-480] Writing timing data to binary archive.
Writing XDEF routing.
Writing XDEF routing logical nets.
Writing XDEF routing special nets.
Write XDEF Complete: Time (s): cpu = 00:00:01 ; elapsed = 00:00:02 . Memory (MB): peak = 5725.266 ; gain = 0.000
INFO: [Common 17-1381] The checkpoint 'E:/vivao_workspace/fft_dma/719C_AXI_DMA_0915/719C_AXI_DMA_0915.runs/impl_1/ps_dma_fft_wrapper_routed.dcp' has been generated.
INFO: [Memdata 28-167] Found XPM memory block ps_dma_fft_i/smartconnect_0/inst/s01_nodes/s01_w_node/inst/inst_mi_handler/gen_normal_area.inst_fifo_node_payld/gen_xpm_memory_fifo.inst_fifo/gen_mem_rep[0].inst_xpm_memory/xpm_memory_base_inst with a P_MEMORY_PRIMITIVE property set to distributed. A value of block is required. You will not be able to use the updatemem program to update the bitstream with new data for the ps_dma_fft_i/smartconnect_0/inst/s01_nodes/s01_w_node/inst/inst_mi_handler/gen_normal_area.inst_fifo_node_payld/gen_xpm_memory_fifo.inst_fifo/gen_mem_rep[0].inst_xpm_memory/xpm_memory_base_inst block.
INFO: [Memdata 28-167] Found XPM memory block ps_dma_fft_i/smartconnect_0/inst/s01_nodes/s01_w_node/inst/inst_mi_handler/gen_normal_area.gen_fifo_req.inst_fifo_req/gen_xpm_memory_fifo.inst_fifo/gen_mem_rep[0].inst_xpm_memory/xpm_memory_base_inst with a P_MEMORY_PRIMITIVE property set to distributed. A value of block is required. You will not be able to use the updatemem program to update the bitstream with new data for the ps_dma_fft_i/smartconnect_0/inst/s01_nodes/s01_w_node/inst/inst_mi_handler/gen_normal_area.gen_fifo_req.inst_fifo_req/gen_xpm_memory_fifo.inst_fifo/gen_mem_rep[0].inst_xpm_memory/xpm_memory_base_inst block.
INFO: [Memdata 28-167] Found XPM memory block ps_dma_fft_i/smartconnect_0/inst/s01_nodes/s01_r_node/inst/inst_mi_handler/gen_normal_area.inst_fifo_node_payld/gen_xpm_memory_fifo.inst_fifo/gen_mem_rep[0].inst_xpm_memory/xpm_memory_base_inst with a P_MEMORY_PRIMITIVE property set to distributed. A value of block is required. You will not be able to use the updatemem program to update the bitstream with new data for the ps_dma_fft_i/smartconnect_0/inst/s01_nodes/s01_r_node/inst/inst_mi_handler/gen_normal_area.inst_fifo_node_payld/gen_xpm_memory_fifo.inst_fifo/gen_mem_rep[0].inst_xpm_memory/xpm_memory_base_inst block.
INFO: [Memdata 28-167] Found XPM memory block ps_dma_fft_i/smartconnect_0/inst/s01_nodes/s01_b_node/inst/inst_mi_handler/gen_normal_area.inst_fifo_node_payld/gen_xpm_memory_fifo.inst_fifo/gen_mem_rep[0].inst_xpm_memory/xpm_memory_base_inst with a P_MEMORY_PRIMITIVE property set to distributed. A value of block is required. You will not be able to use the updatemem program to update the bitstream with new data for the ps_dma_fft_i/smartconnect_0/inst/s01_nodes/s01_b_node/inst/inst_mi_handler/gen_normal_area.inst_fifo_node_payld/gen_xpm_memory_fifo.inst_fifo/gen_mem_rep[0].inst_xpm_memory/xpm_memory_base_inst block.
INFO: [Memdata 28-167] Found XPM memory block ps_dma_fft_i/smartconnect_0/inst/s01_nodes/s01_aw_node/inst/inst_mi_handler/gen_normal_area.inst_fifo_node_payld/gen_xpm_memory_fifo.inst_fifo/gen_mem_rep[0].inst_xpm_memory/xpm_memory_base_inst with a P_MEMORY_PRIMITIVE property set to distributed. A value of block is required. You will not be able to use the updatemem program to update the bitstream with new data for the ps_dma_fft_i/smartconnect_0/inst/s01_nodes/s01_aw_node/inst/inst_mi_handler/gen_normal_area.inst_fifo_node_payld/gen_xpm_memory_fifo.inst_fifo/gen_mem_rep[0].inst_xpm_memory/xpm_memory_base_inst block.
INFO: [Memdata 28-167] Found XPM memory block ps_dma_fft_i/smartconnect_0/inst/s01_nodes/s01_ar_node/inst/inst_mi_handler/gen_normal_area.inst_fifo_node_payld/gen_xpm_memory_fifo.inst_fifo/gen_mem_rep[0].inst_xpm_memory/xpm_memory_base_inst with a P_MEMORY_PRIMITIVE property set to distributed. A value of block is required. You will not be able to use the updatemem program to update the bitstream with new data for the ps_dma_fft_i/smartconnect_0/inst/s01_nodes/s01_ar_node/inst/inst_mi_handler/gen_normal_area.inst_fifo_node_payld/gen_xpm_memory_fifo.inst_fifo/gen_mem_rep[0].inst_xpm_memory/xpm_memory_base_inst block.
INFO: [Memdata 28-167] Found XPM memory block ps_dma_fft_i/smartconnect_0/inst/s00_nodes/s00_w_node/inst/inst_mi_handler/gen_normal_area.inst_fifo_node_payld/gen_xpm_memory_fifo.inst_fifo/gen_mem_rep[0].inst_xpm_memory/xpm_memory_base_inst with a P_MEMORY_PRIMITIVE property set to distributed. A value of block is required. You will not be able to use the updatemem program to update the bitstream with new data for the ps_dma_fft_i/smartconnect_0/inst/s00_nodes/s00_w_node/inst/inst_mi_handler/gen_normal_area.inst_fifo_node_payld/gen_xpm_memory_fifo.inst_fifo/gen_mem_rep[0].inst_xpm_memory/xpm_memory_base_inst block.
INFO: [Memdata 28-167] Found XPM memory block ps_dma_fft_i/smartconnect_0/inst/s00_nodes/s00_w_node/inst/inst_mi_handler/gen_normal_area.gen_fifo_req.inst_fifo_req/gen_xpm_memory_fifo.inst_fifo/gen_mem_rep[0].inst_xpm_memory/xpm_memory_base_inst with a P_MEMORY_PRIMITIVE property set to distributed. A value of block is required. You will not be able to use the updatemem program to update the bitstream with new data for the ps_dma_fft_i/smartconnect_0/inst/s00_nodes/s00_w_node/inst/inst_mi_handler/gen_normal_area.gen_fifo_req.inst_fifo_req/gen_xpm_memory_fifo.inst_fifo/gen_mem_rep[0].inst_xpm_memory/xpm_memory_base_inst block.
INFO: [Memdata 28-167] Found XPM memory block ps_dma_fft_i/smartconnect_0/inst/s00_nodes/s00_r_node/inst/inst_mi_handler/gen_normal_area.inst_fifo_node_payld/gen_xpm_memory_fifo.inst_fifo/gen_mem_rep[0].inst_xpm_memory/xpm_memory_base_inst with a P_MEMORY_PRIMITIVE property set to distributed. A value of block is required. You will not be able to use the updatemem program to update the bitstream with new data for the ps_dma_fft_i/smartconnect_0/inst/s00_nodes/s00_r_node/inst/inst_mi_handler/gen_normal_area.inst_fifo_node_payld/gen_xpm_memory_fifo.inst_fifo/gen_mem_rep[0].inst_xpm_memory/xpm_memory_base_inst block.
INFO: [Memdata 28-167] Found XPM memory block ps_dma_fft_i/smartconnect_0/inst/s00_nodes/s00_b_node/inst/inst_mi_handler/gen_normal_area.inst_fifo_node_payld/gen_xpm_memory_fifo.inst_fifo/gen_mem_rep[0].inst_xpm_memory/xpm_memory_base_inst with a P_MEMORY_PRIMITIVE property set to distributed. A value of block is required. You will not be able to use the updatemem program to update the bitstream with new data for the ps_dma_fft_i/smartconnect_0/inst/s00_nodes/s00_b_node/inst/inst_mi_handler/gen_normal_area.inst_fifo_node_payld/gen_xpm_memory_fifo.inst_fifo/gen_mem_rep[0].inst_xpm_memory/xpm_memory_base_inst block.
INFO: [Memdata 28-167] Found XPM memory block ps_dma_fft_i/smartconnect_0/inst/s00_nodes/s00_aw_node/inst/inst_mi_handler/gen_normal_area.inst_fifo_node_payld/gen_xpm_memory_fifo.inst_fifo/gen_mem_rep[0].inst_xpm_memory/xpm_memory_base_inst with a P_MEMORY_PRIMITIVE property set to distributed. A value of block is required. You will not be able to use the updatemem program to update the bitstream with new data for the ps_dma_fft_i/smartconnect_0/inst/s00_nodes/s00_aw_node/inst/inst_mi_handler/gen_normal_area.inst_fifo_node_payld/gen_xpm_memory_fifo.inst_fifo/gen_mem_rep[0].inst_xpm_memory/xpm_memory_base_inst block.
INFO: [Memdata 28-167] Found XPM memory block ps_dma_fft_i/smartconnect_0/inst/s00_nodes/s00_ar_node/inst/inst_mi_handler/gen_normal_area.inst_fifo_node_payld/gen_xpm_memory_fifo.inst_fifo/gen_mem_rep[0].inst_xpm_memory/xpm_memory_base_inst with a P_MEMORY_PRIMITIVE property set to distributed. A value of block is required. You will not be able to use the updatemem program to update the bitstream with new data for the ps_dma_fft_i/smartconnect_0/inst/s00_nodes/s00_ar_node/inst/inst_mi_handler/gen_normal_area.inst_fifo_node_payld/gen_xpm_memory_fifo.inst_fifo/gen_mem_rep[0].inst_xpm_memory/xpm_memory_base_inst block.
INFO: [Memdata 28-167] Found XPM memory block ps_dma_fft_i/smartconnect_0/inst/m00_nodes/m00_w_node/inst/inst_si_handler/gen_si_handler.gen_request_fifos.gen_req_fifo[1].inst_req_fifo/gen_xpm_memory_fifo.inst_fifo/gen_mem_rep[0].inst_xpm_memory/xpm_memory_base_inst with a P_MEMORY_PRIMITIVE property set to distributed. A value of block is required. You will not be able to use the updatemem program to update the bitstream with new data for the ps_dma_fft_i/smartconnect_0/inst/m00_nodes/m00_w_node/inst/inst_si_handler/gen_si_handler.gen_request_fifos.gen_req_fifo[1].inst_req_fifo/gen_xpm_memory_fifo.inst_fifo/gen_mem_rep[0].inst_xpm_memory/xpm_memory_base_inst block.
INFO: [Memdata 28-167] Found XPM memory block ps_dma_fft_i/smartconnect_0/inst/m00_nodes/m00_w_node/inst/inst_si_handler/gen_si_handler.gen_request_fifos.gen_req_fifo[0].inst_req_fifo/gen_xpm_memory_fifo.inst_fifo/gen_mem_rep[0].inst_xpm_memory/xpm_memory_base_inst with a P_MEMORY_PRIMITIVE property set to distributed. A value of block is required. You will not be able to use the updatemem program to update the bitstream with new data for the ps_dma_fft_i/smartconnect_0/inst/m00_nodes/m00_w_node/inst/inst_si_handler/gen_si_handler.gen_request_fifos.gen_req_fifo[0].inst_req_fifo/gen_xpm_memory_fifo.inst_fifo/gen_mem_rep[0].inst_xpm_memory/xpm_memory_base_inst block.
INFO: [Memdata 28-167] Found XPM memory block ps_dma_fft_i/smartconnect_0/inst/m00_nodes/m00_w_node/inst/inst_mi_handler/gen_normal_area.inst_fifo_node_payld/gen_xpm_memory_fifo.inst_fifo/gen_mem_rep[0].inst_xpm_memory/xpm_memory_base_inst with a P_MEMORY_PRIMITIVE property set to distributed. A value of block is required. You will not be able to use the updatemem program to update the bitstream with new data for the ps_dma_fft_i/smartconnect_0/inst/m00_nodes/m00_w_node/inst/inst_mi_handler/gen_normal_area.inst_fifo_node_payld/gen_xpm_memory_fifo.inst_fifo/gen_mem_rep[0].inst_xpm_memory/xpm_memory_base_inst block.
INFO: [Memdata 28-167] Found XPM memory block ps_dma_fft_i/smartconnect_0/inst/m00_nodes/m00_r_node/inst/inst_mi_handler/gen_normal_area.inst_fifo_node_payld/gen_xpm_memory_fifo.inst_fifo/gen_mem_rep[0].inst_xpm_memory/xpm_memory_base_inst with a P_MEMORY_PRIMITIVE property set to distributed. A value of block is required. You will not be able to use the updatemem program to update the bitstream with new data for the ps_dma_fft_i/smartconnect_0/inst/m00_nodes/m00_r_node/inst/inst_mi_handler/gen_normal_area.inst_fifo_node_payld/gen_xpm_memory_fifo.inst_fifo/gen_mem_rep[0].inst_xpm_memory/xpm_memory_base_inst block.
INFO: [Memdata 28-167] Found XPM memory block ps_dma_fft_i/smartconnect_0/inst/m00_nodes/m00_r_node/inst/inst_mi_handler/gen_normal_area.gen_fifo_req.inst_fifo_req/gen_xpm_memory_fifo.inst_fifo/gen_mem_rep[0].inst_xpm_memory/xpm_memory_base_inst with a P_MEMORY_PRIMITIVE property set to distributed. A value of block is required. You will not be able to use the updatemem program to update the bitstream with new data for the ps_dma_fft_i/smartconnect_0/inst/m00_nodes/m00_r_node/inst/inst_mi_handler/gen_normal_area.gen_fifo_req.inst_fifo_req/gen_xpm_memory_fifo.inst_fifo/gen_mem_rep[0].inst_xpm_memory/xpm_memory_base_inst block.
INFO: [Memdata 28-167] Found XPM memory block ps_dma_fft_i/smartconnect_0/inst/m00_nodes/m00_b_node/inst/inst_mi_handler/gen_normal_area.inst_fifo_node_payld/gen_xpm_memory_fifo.inst_fifo/gen_mem_rep[0].inst_xpm_memory/xpm_memory_base_inst with a P_MEMORY_PRIMITIVE property set to distributed. A value of block is required. You will not be able to use the updatemem program to update the bitstream with new data for the ps_dma_fft_i/smartconnect_0/inst/m00_nodes/m00_b_node/inst/inst_mi_handler/gen_normal_area.inst_fifo_node_payld/gen_xpm_memory_fifo.inst_fifo/gen_mem_rep[0].inst_xpm_memory/xpm_memory_base_inst block.
INFO: [Memdata 28-167] Found XPM memory block ps_dma_fft_i/smartconnect_0/inst/m00_nodes/m00_b_node/inst/inst_mi_handler/gen_normal_area.gen_fifo_req.inst_fifo_req/gen_xpm_memory_fifo.inst_fifo/gen_mem_rep[0].inst_xpm_memory/xpm_memory_base_inst with a P_MEMORY_PRIMITIVE property set to distributed. A value of block is required. You will not be able to use the updatemem program to update the bitstream with new data for the ps_dma_fft_i/smartconnect_0/inst/m00_nodes/m00_b_node/inst/inst_mi_handler/gen_normal_area.gen_fifo_req.inst_fifo_req/gen_xpm_memory_fifo.inst_fifo/gen_mem_rep[0].inst_xpm_memory/xpm_memory_base_inst block.
INFO: [Memdata 28-167] Found XPM memory block ps_dma_fft_i/smartconnect_0/inst/m00_nodes/m00_aw_node/inst/inst_mi_handler/gen_normal_area.inst_fifo_node_payld/gen_xpm_memory_fifo.inst_fifo/gen_mem_rep[0].inst_xpm_memory/xpm_memory_base_inst with a P_MEMORY_PRIMITIVE property set to distributed. A value of block is required. You will not be able to use the updatemem program to update the bitstream with new data for the ps_dma_fft_i/smartconnect_0/inst/m00_nodes/m00_aw_node/inst/inst_mi_handler/gen_normal_area.inst_fifo_node_payld/gen_xpm_memory_fifo.inst_fifo/gen_mem_rep[0].inst_xpm_memory/xpm_memory_base_inst block.
INFO: [Memdata 28-167] Found XPM memory block ps_dma_fft_i/smartconnect_0/inst/m00_nodes/m00_ar_node/inst/inst_mi_handler/gen_normal_area.inst_fifo_node_payld/gen_xpm_memory_fifo.inst_fifo/gen_mem_rep[0].inst_xpm_memory/xpm_memory_base_inst with a P_MEMORY_PRIMITIVE property set to distributed. A value of block is required. You will not be able to use the updatemem program to update the bitstream with new data for the ps_dma_fft_i/smartconnect_0/inst/m00_nodes/m00_ar_node/inst/inst_mi_handler/gen_normal_area.inst_fifo_node_payld/gen_xpm_memory_fifo.inst_fifo/gen_mem_rep[0].inst_xpm_memory/xpm_memory_base_inst block.
Command: write_bitstream -force ps_dma_fft_wrapper.bit
Attempting to get a license for feature 'Implementation' and/or device 'xczu19eg_SE'
INFO: [Common 17-349] Got license for feature 'Implementation' and/or device 'xczu19eg_SE'
Running DRC as a precondition to command write_bitstream
INFO: [IP_Flow 19-1839] IP Catalog is up to date.
INFO: [DRC 23-27] Running DRC with 2 threads
WARNING: [DRC RTSTAT-10] No routable loads: 2 net(s) have no routable loads. The problem bus(es) and/or net(s) are ps_dma_fft_i/axi_cdma_0/U0/GEN_SIMPLE_MODE.I_SIMPLE_MODE_WRAP/GEN_DM_FULL.I_DATAMOVER_FULL/n_0_0, and ps_dma_fft_i/axi_cdma_0/U0/GEN_SIMPLE_MODE.I_SIMPLE_MODE_WRAP/GEN_DM_FULL.I_DATAMOVER_FULL/n_0_1.
INFO: [DRC SECHK-3] SE Device within Line Rate Limit: The part xczu19eg_SE is limited to a total GT Line Rate of less than 500.00 Gbps. The current combined GT Line Rate is calculated to be 0.00, which is within the allowed limit.
INFO: [DRC SECHK-4] SE Device within IO Count Limit: The part xczu19eg_SE-ffvc1760-2-i is limited to a total of 700 I/Os contained within the PSS, HR, HP, and HD I/O Banks. The current use is 15, which is within the allowed limit.
INFO: [Vivado 12-3199] DRC finished with 0 Errors, 1 Warnings, 2 Advisories
INFO: [Vivado 12-3200] Please refer to the DRC report (report_drc) for more information.
INFO: [Designutils 20-2272] Running write_bitstream with 2 threads.
Loading data files...
Loading site data...
Loading route data...
Processing options...
Creating bitmap...
Creating bitstream...
Writing bitstream ./ps_dma_fft_wrapper.bit...
INFO: [Vivado 12-1842] Bitgen Completed Successfully.
INFO: [Common 17-83] Releasing license: Implementation
36 Infos, 1 Warnings, 0 Critical Warnings and 0 Errors encountered.
write_bitstream completed successfully
write_bitstream: Time (s): cpu = 00:00:04 ; elapsed = 00:00:43 . Memory (MB): peak = 6357.875 ; gain = 632.609
INFO: [Common 17-206] Exiting Vivado at Wed Sep 16 19:34:58 2026...
