
*** Running vivado
    with args -log ps_dma_fft_axi_bram_ctrl_0_0.vds -m64 -product Vivado -mode batch -messageDb vivado.pb -notrace -source ps_dma_fft_axi_bram_ctrl_0_0.tcl



*** Running vivado
    with args -log ps_dma_fft_axi_bram_ctrl_0_0.vds -m64 -product Vivado -mode batch -messageDb vivado.pb -notrace -source ps_dma_fft_axi_bram_ctrl_0_0.tcl



****** Vivado v2023.1 (64-bit)
  **** SW Build 3865809 on Sun May  7 15:05:29 MDT 2023
  **** IP Build 3864474 on Sun May  7 20:36:21 MDT 2023
  **** SharedData Build 3865790 on Sun May 07 13:33:03 MDT 2023
    ** Copyright 1986-2022 Xilinx, Inc. All Rights Reserved.
    ** Copyright 2022-2023 Advanced Micro Devices, Inc. All Rights Reserved.

source ps_dma_fft_axi_bram_ctrl_0_0.tcl -notrace
create_project: Time (s): cpu = 00:00:02 ; elapsed = 00:00:09 . Memory (MB): peak = 1381.043 ; gain = 158.629
INFO: [IP_Flow 19-6924] IPCACHE: Running cache check for IP inst: ps_dma_fft_axi_bram_ctrl_0_0
Command: synth_design -top ps_dma_fft_axi_bram_ctrl_0_0 -part xczu19eg_SE-ffvc1760-2-i -incremental_mode off -mode out_of_context
Starting synth_design
Attempting to get a license for feature 'Synthesis' and/or device 'xczu19eg_SE'
INFO: [Common 17-349] Got license for feature 'Synthesis' and/or device 'xczu19eg_SE'
INFO: [Device 21-403] Loading part xczu19eg_SE-ffvc1760-2-i
WARNING: [Device 21-425] Part: xczu19eg_se is not listed in special parts list.
INFO: [Synth 8-7079] Multithreading enabled for synth_design using a maximum of 2 processes.
INFO: [Synth 8-7078] Launching helper process for spawning children vivado processes
INFO: [Synth 8-7075] Helper process launched with PID 64444
---------------------------------------------------------------------------------
Starting RTL Elaboration : Time (s): cpu = 00:00:03 ; elapsed = 00:00:08 . Memory (MB): peak = 3007.793 ; gain = 357.219
---------------------------------------------------------------------------------
INFO: [Synth 8-638] synthesizing module 'ps_dma_fft_axi_bram_ctrl_0_0' [e:/vivao_workspace/fft_dma/719C_AXI_DMA_0915/719C_AXI_DMA_0915.gen/sources_1/bd/ps_dma_fft/ip/ps_dma_fft_axi_bram_ctrl_0_0/synth/ps_dma_fft_axi_bram_ctrl_0_0.vhd:111]
	Parameter C_BRAM_INST_MODE bound to: EXTERNAL - type: string 
	Parameter C_MEMORY_DEPTH bound to: 131072 - type: integer 
	Parameter C_BRAM_ADDR_WIDTH bound to: 17 - type: integer 
	Parameter C_S_AXI_ADDR_WIDTH bound to: 20 - type: integer 
	Parameter C_S_AXI_DATA_WIDTH bound to: 64 - type: integer 
	Parameter C_S_AXI_ID_WIDTH bound to: 1 - type: integer 
	Parameter C_S_AXI_PROTOCOL bound to: AXI4 - type: string 
	Parameter C_S_AXI_SUPPORTS_NARROW_BURST bound to: 0 - type: integer 
	Parameter C_SINGLE_PORT_BRAM bound to: 0 - type: integer 
	Parameter C_FAMILY bound to: zynquplus - type: string 
	Parameter C_READ_LATENCY bound to: 1 - type: integer 
	Parameter C_RD_CMD_OPTIMIZATION bound to: 0 - type: integer 
	Parameter C_S_AXI_CTRL_ADDR_WIDTH bound to: 32 - type: integer 
	Parameter C_S_AXI_CTRL_DATA_WIDTH bound to: 32 - type: integer 
	Parameter C_ECC bound to: 0 - type: integer 
	Parameter C_ECC_TYPE bound to: 0 - type: integer 
	Parameter C_FAULT_INJECT bound to: 0 - type: integer 
	Parameter C_ECC_ONOFF_RESET_VALUE bound to: 0 - type: integer 
INFO: [Synth 8-3491] module 'axi_bram_ctrl' declared at 'e:/vivao_workspace/fft_dma/719C_AXI_DMA_0915/719C_AXI_DMA_0915.gen/sources_1/bd/ps_dma_fft/ipshared/85f5/hdl/axi_bram_ctrl_v4_1_rfs.vhd:31351' bound to instance 'U0' of component 'axi_bram_ctrl' [e:/vivao_workspace/fft_dma/719C_AXI_DMA_0915/719C_AXI_DMA_0915.gen/sources_1/bd/ps_dma_fft/ip/ps_dma_fft_axi_bram_ctrl_0_0/synth/ps_dma_fft_axi_bram_ctrl_0_0.vhd:270]
INFO: [Synth 8-638] synthesizing module 'axi_bram_ctrl' [e:/vivao_workspace/fft_dma/719C_AXI_DMA_0915/719C_AXI_DMA_0915.gen/sources_1/bd/ps_dma_fft/ipshared/85f5/hdl/axi_bram_ctrl_v4_1_rfs.vhd:31522]
INFO: [Synth 8-638] synthesizing module 'axi_bram_ctrl_top' [e:/vivao_workspace/fft_dma/719C_AXI_DMA_0915/719C_AXI_DMA_0915.gen/sources_1/bd/ps_dma_fft/ipshared/85f5/hdl/axi_bram_ctrl_v4_1_rfs.vhd:30521]
INFO: [Synth 8-638] synthesizing module 'full_axi' [e:/vivao_workspace/fft_dma/719C_AXI_DMA_0915/719C_AXI_DMA_0915.gen/sources_1/bd/ps_dma_fft/ipshared/85f5/hdl/axi_bram_ctrl_v4_1_rfs.vhd:29274]
WARNING: [Synth 8-6774] Null subtype or type declaration found [e:/vivao_workspace/fft_dma/719C_AXI_DMA_0915/719C_AXI_DMA_0915.gen/sources_1/bd/ps_dma_fft/ipshared/85f5/hdl/axi_bram_ctrl_v4_1_rfs.vhd:29344]
INFO: [Synth 8-3919] null assignment ignored [e:/vivao_workspace/fft_dma/719C_AXI_DMA_0915/719C_AXI_DMA_0915.gen/sources_1/bd/ps_dma_fft/ipshared/85f5/hdl/axi_bram_ctrl_v4_1_rfs.vhd:29344]
INFO: [Synth 8-638] synthesizing module 'wr_chnl' [e:/vivao_workspace/fft_dma/719C_AXI_DMA_0915/719C_AXI_DMA_0915.gen/sources_1/bd/ps_dma_fft/ipshared/85f5/hdl/axi_bram_ctrl_v4_1_rfs.vhd:24153]
INFO: [Synth 8-506] null port 'FaultInjectECC' ignored [e:/vivao_workspace/fft_dma/719C_AXI_DMA_0915/719C_AXI_DMA_0915.gen/sources_1/bd/ps_dma_fft/ipshared/85f5/hdl/axi_bram_ctrl_v4_1_rfs.vhd:24120]
INFO: [Synth 8-638] synthesizing module 'wrap_brst' [e:/vivao_workspace/fft_dma/719C_AXI_DMA_0915/719C_AXI_DMA_0915.gen/sources_1/bd/ps_dma_fft/ipshared/85f5/hdl/axi_bram_ctrl_v4_1_rfs.vhd:12449]
INFO: [Synth 8-256] done synthesizing module 'wrap_brst' (0#1) [e:/vivao_workspace/fft_dma/719C_AXI_DMA_0915/719C_AXI_DMA_0915.gen/sources_1/bd/ps_dma_fft/ipshared/85f5/hdl/axi_bram_ctrl_v4_1_rfs.vhd:12449]
INFO: [Synth 8-226] default block is never used [e:/vivao_workspace/fft_dma/719C_AXI_DMA_0915/719C_AXI_DMA_0915.gen/sources_1/bd/ps_dma_fft/ipshared/85f5/hdl/axi_bram_ctrl_v4_1_rfs.vhd:25826]
INFO: [Synth 8-638] synthesizing module 'SRL_FIFO' [e:/vivao_workspace/fft_dma/719C_AXI_DMA_0915/719C_AXI_DMA_0915.gen/sources_1/bd/ps_dma_fft/ipshared/85f5/hdl/axi_bram_ctrl_v4_1_rfs.vhd:133]
INFO: [Synth 8-3491] module 'FDR' declared at 'C:/Xilinx/Vivado/2023.1/scripts/rt/data/unisim_comp.v:39135' bound to instance 'Data_Exists_DFF' of component 'FDR' [e:/vivao_workspace/fft_dma/719C_AXI_DMA_0915/719C_AXI_DMA_0915.gen/sources_1/bd/ps_dma_fft/ipshared/85f5/hdl/axi_bram_ctrl_v4_1_rfs.vhd:230]
INFO: [Synth 8-6157] synthesizing module 'FDR' [C:/Xilinx/Vivado/2023.1/scripts/rt/data/unisim_comp.v:39135]
INFO: [Synth 8-6155] done synthesizing module 'FDR' (0#1) [C:/Xilinx/Vivado/2023.1/scripts/rt/data/unisim_comp.v:39135]
INFO: [Synth 8-3491] module 'MUXCY_L' declared at 'C:/Xilinx/Vivado/2023.1/scripts/rt/data/unisim_comp.v:83289' bound to instance 'MUXCY_L_I' of component 'MUXCY_L' [e:/vivao_workspace/fft_dma/719C_AXI_DMA_0915/719C_AXI_DMA_0915.gen/sources_1/bd/ps_dma_fft/ipshared/85f5/hdl/axi_bram_ctrl_v4_1_rfs.vhd:247]
INFO: [Synth 8-6157] synthesizing module 'MUXCY_L' [C:/Xilinx/Vivado/2023.1/scripts/rt/data/unisim_comp.v:83289]
INFO: [Synth 8-6155] done synthesizing module 'MUXCY_L' (0#1) [C:/Xilinx/Vivado/2023.1/scripts/rt/data/unisim_comp.v:83289]
INFO: [Synth 8-3491] module 'XORCY' declared at 'C:/Xilinx/Vivado/2023.1/scripts/rt/data/unisim_comp.v:137175' bound to instance 'XORCY_I' of component 'XORCY' [e:/vivao_workspace/fft_dma/719C_AXI_DMA_0915/719C_AXI_DMA_0915.gen/sources_1/bd/ps_dma_fft/ipshared/85f5/hdl/axi_bram_ctrl_v4_1_rfs.vhd:254]
INFO: [Synth 8-6157] synthesizing module 'XORCY' [C:/Xilinx/Vivado/2023.1/scripts/rt/data/unisim_comp.v:137175]
INFO: [Synth 8-6155] done synthesizing module 'XORCY' (0#1) [C:/Xilinx/Vivado/2023.1/scripts/rt/data/unisim_comp.v:137175]
INFO: [Synth 8-3491] module 'FDRE' declared at 'C:/Xilinx/Vivado/2023.1/scripts/rt/data/unisim_comp.v:39148' bound to instance 'FDRE_I' of component 'FDRE' [e:/vivao_workspace/fft_dma/719C_AXI_DMA_0915/719C_AXI_DMA_0915.gen/sources_1/bd/ps_dma_fft/ipshared/85f5/hdl/axi_bram_ctrl_v4_1_rfs.vhd:260]
INFO: [Synth 8-6157] synthesizing module 'FDRE' [C:/Xilinx/Vivado/2023.1/scripts/rt/data/unisim_comp.v:39148]
INFO: [Synth 8-6155] done synthesizing module 'FDRE' (0#1) [C:/Xilinx/Vivado/2023.1/scripts/rt/data/unisim_comp.v:39148]
INFO: [Synth 8-3491] module 'MUXCY_L' declared at 'C:/Xilinx/Vivado/2023.1/scripts/rt/data/unisim_comp.v:83289' bound to instance 'MUXCY_L_I' of component 'MUXCY_L' [e:/vivao_workspace/fft_dma/719C_AXI_DMA_0915/719C_AXI_DMA_0915.gen/sources_1/bd/ps_dma_fft/ipshared/85f5/hdl/axi_bram_ctrl_v4_1_rfs.vhd:247]
INFO: [Synth 8-3491] module 'XORCY' declared at 'C:/Xilinx/Vivado/2023.1/scripts/rt/data/unisim_comp.v:137175' bound to instance 'XORCY_I' of component 'XORCY' [e:/vivao_workspace/fft_dma/719C_AXI_DMA_0915/719C_AXI_DMA_0915.gen/sources_1/bd/ps_dma_fft/ipshared/85f5/hdl/axi_bram_ctrl_v4_1_rfs.vhd:254]
INFO: [Synth 8-3491] module 'FDRE' declared at 'C:/Xilinx/Vivado/2023.1/scripts/rt/data/unisim_comp.v:39148' bound to instance 'FDRE_I' of component 'FDRE' [e:/vivao_workspace/fft_dma/719C_AXI_DMA_0915/719C_AXI_DMA_0915.gen/sources_1/bd/ps_dma_fft/ipshared/85f5/hdl/axi_bram_ctrl_v4_1_rfs.vhd:260]
INFO: [Synth 8-3491] module 'MUXCY_L' declared at 'C:/Xilinx/Vivado/2023.1/scripts/rt/data/unisim_comp.v:83289' bound to instance 'MUXCY_L_I' of component 'MUXCY_L' [e:/vivao_workspace/fft_dma/719C_AXI_DMA_0915/719C_AXI_DMA_0915.gen/sources_1/bd/ps_dma_fft/ipshared/85f5/hdl/axi_bram_ctrl_v4_1_rfs.vhd:247]
INFO: [Synth 8-3491] module 'XORCY' declared at 'C:/Xilinx/Vivado/2023.1/scripts/rt/data/unisim_comp.v:137175' bound to instance 'XORCY_I' of component 'XORCY' [e:/vivao_workspace/fft_dma/719C_AXI_DMA_0915/719C_AXI_DMA_0915.gen/sources_1/bd/ps_dma_fft/ipshared/85f5/hdl/axi_bram_ctrl_v4_1_rfs.vhd:254]
INFO: [Synth 8-3491] module 'FDRE' declared at 'C:/Xilinx/Vivado/2023.1/scripts/rt/data/unisim_comp.v:39148' bound to instance 'FDRE_I' of component 'FDRE' [e:/vivao_workspace/fft_dma/719C_AXI_DMA_0915/719C_AXI_DMA_0915.gen/sources_1/bd/ps_dma_fft/ipshared/85f5/hdl/axi_bram_ctrl_v4_1_rfs.vhd:260]
INFO: [Synth 8-3491] module 'MUXCY_L' declared at 'C:/Xilinx/Vivado/2023.1/scripts/rt/data/unisim_comp.v:83289' bound to instance 'MUXCY_L_I' of component 'MUXCY_L' [e:/vivao_workspace/fft_dma/719C_AXI_DMA_0915/719C_AXI_DMA_0915.gen/sources_1/bd/ps_dma_fft/ipshared/85f5/hdl/axi_bram_ctrl_v4_1_rfs.vhd:247]
INFO: [Synth 8-3491] module 'XORCY' declared at 'C:/Xilinx/Vivado/2023.1/scripts/rt/data/unisim_comp.v:137175' bound to instance 'XORCY_I' of component 'XORCY' [e:/vivao_workspace/fft_dma/719C_AXI_DMA_0915/719C_AXI_DMA_0915.gen/sources_1/bd/ps_dma_fft/ipshared/85f5/hdl/axi_bram_ctrl_v4_1_rfs.vhd:254]
INFO: [Synth 8-3491] module 'FDRE' declared at 'C:/Xilinx/Vivado/2023.1/scripts/rt/data/unisim_comp.v:39148' bound to instance 'FDRE_I' of component 'FDRE' [e:/vivao_workspace/fft_dma/719C_AXI_DMA_0915/719C_AXI_DMA_0915.gen/sources_1/bd/ps_dma_fft/ipshared/85f5/hdl/axi_bram_ctrl_v4_1_rfs.vhd:260]
INFO: [Synth 8-3491] module 'SRL16E' declared at 'C:/Xilinx/Vivado/2023.1/scripts/rt/data/unisim_comp.v:132173' bound to instance 'SRL16E_I' of component 'SRL16E' [e:/vivao_workspace/fft_dma/719C_AXI_DMA_0915/719C_AXI_DMA_0915.gen/sources_1/bd/ps_dma_fft/ipshared/85f5/hdl/axi_bram_ctrl_v4_1_rfs.vhd:271]
INFO: [Synth 8-6157] synthesizing module 'SRL16E' [C:/Xilinx/Vivado/2023.1/scripts/rt/data/unisim_comp.v:132173]
INFO: [Synth 8-6155] done synthesizing module 'SRL16E' (0#1) [C:/Xilinx/Vivado/2023.1/scripts/rt/data/unisim_comp.v:132173]
INFO: [Synth 8-256] done synthesizing module 'SRL_FIFO' (0#1) [e:/vivao_workspace/fft_dma/719C_AXI_DMA_0915/719C_AXI_DMA_0915.gen/sources_1/bd/ps_dma_fft/ipshared/85f5/hdl/axi_bram_ctrl_v4_1_rfs.vhd:133]
INFO: [Synth 8-256] done synthesizing module 'wr_chnl' (0#1) [e:/vivao_workspace/fft_dma/719C_AXI_DMA_0915/719C_AXI_DMA_0915.gen/sources_1/bd/ps_dma_fft/ipshared/85f5/hdl/axi_bram_ctrl_v4_1_rfs.vhd:24153]
WARNING: [Synth 8-6778] Component port with null array found, Will be ignored [e:/vivao_workspace/fft_dma/719C_AXI_DMA_0915/719C_AXI_DMA_0915.gen/sources_1/bd/ps_dma_fft/ipshared/85f5/hdl/axi_bram_ctrl_v4_1_rfs.vhd:30014]
INFO: [Synth 8-638] synthesizing module 'rd_chnl' [e:/vivao_workspace/fft_dma/719C_AXI_DMA_0915/719C_AXI_DMA_0915.gen/sources_1/bd/ps_dma_fft/ipshared/85f5/hdl/axi_bram_ctrl_v4_1_rfs.vhd:14740]
INFO: [Synth 8-256] done synthesizing module 'rd_chnl' (0#1) [e:/vivao_workspace/fft_dma/719C_AXI_DMA_0915/719C_AXI_DMA_0915.gen/sources_1/bd/ps_dma_fft/ipshared/85f5/hdl/axi_bram_ctrl_v4_1_rfs.vhd:14740]
INFO: [Synth 8-256] done synthesizing module 'full_axi' (0#1) [e:/vivao_workspace/fft_dma/719C_AXI_DMA_0915/719C_AXI_DMA_0915.gen/sources_1/bd/ps_dma_fft/ipshared/85f5/hdl/axi_bram_ctrl_v4_1_rfs.vhd:29274]
INFO: [Synth 8-256] done synthesizing module 'axi_bram_ctrl_top' (0#1) [e:/vivao_workspace/fft_dma/719C_AXI_DMA_0915/719C_AXI_DMA_0915.gen/sources_1/bd/ps_dma_fft/ipshared/85f5/hdl/axi_bram_ctrl_v4_1_rfs.vhd:30521]
INFO: [Synth 8-256] done synthesizing module 'axi_bram_ctrl' (0#1) [e:/vivao_workspace/fft_dma/719C_AXI_DMA_0915/719C_AXI_DMA_0915.gen/sources_1/bd/ps_dma_fft/ipshared/85f5/hdl/axi_bram_ctrl_v4_1_rfs.vhd:31522]
INFO: [Synth 8-256] done synthesizing module 'ps_dma_fft_axi_bram_ctrl_0_0' (0#1) [e:/vivao_workspace/fft_dma/719C_AXI_DMA_0915/719C_AXI_DMA_0915.gen/sources_1/bd/ps_dma_fft/ip/ps_dma_fft_axi_bram_ctrl_0_0/synth/ps_dma_fft_axi_bram_ctrl_0_0.vhd:111]
WARNING: [Synth 8-6014] Unused sequential element curr_awsize_reg_reg was removed.  [e:/vivao_workspace/fft_dma/719C_AXI_DMA_0915/719C_AXI_DMA_0915.gen/sources_1/bd/ps_dma_fft/ipshared/85f5/hdl/axi_bram_ctrl_v4_1_rfs.vhd:25312]
WARNING: [Synth 8-6014] Unused sequential element aw_active_d1_reg was removed.  [e:/vivao_workspace/fft_dma/719C_AXI_DMA_0915/719C_AXI_DMA_0915.gen/sources_1/bd/ps_dma_fft/ipshared/85f5/hdl/axi_bram_ctrl_v4_1_rfs.vhd:25737]
WARNING: [Synth 8-6014] Unused sequential element GEN_NO_RD_CMD_OPT.curr_arsize_reg_reg was removed.  [e:/vivao_workspace/fft_dma/719C_AXI_DMA_0915/719C_AXI_DMA_0915.gen/sources_1/bd/ps_dma_fft/ipshared/85f5/hdl/axi_bram_ctrl_v4_1_rfs.vhd:15992]
WARNING: [Synth 8-6014] Unused sequential element GEN_NO_RD_CMD_OPT.do_cmplt_burst_reg was removed.  [e:/vivao_workspace/fft_dma/719C_AXI_DMA_0915/719C_AXI_DMA_0915.gen/sources_1/bd/ps_dma_fft/ipshared/85f5/hdl/axi_bram_ctrl_v4_1_rfs.vhd:21238]
WARNING: [Synth 8-7129] Port curr_axlen[7] in module wrap_brst is either unconnected or has no load
WARNING: [Synth 8-7129] Port curr_axlen[6] in module wrap_brst is either unconnected or has no load
WARNING: [Synth 8-7129] Port curr_axlen[5] in module wrap_brst is either unconnected or has no load
WARNING: [Synth 8-7129] Port curr_axlen[4] in module wrap_brst is either unconnected or has no load
WARNING: [Synth 8-7129] Port bram_addr_ld[3] in module wrap_brst is either unconnected or has no load
WARNING: [Synth 8-7129] Port bram_addr_int[19] in module wrap_brst is either unconnected or has no load
WARNING: [Synth 8-7129] Port bram_addr_int[18] in module wrap_brst is either unconnected or has no load
WARNING: [Synth 8-7129] Port bram_addr_int[17] in module wrap_brst is either unconnected or has no load
WARNING: [Synth 8-7129] Port bram_addr_int[16] in module wrap_brst is either unconnected or has no load
WARNING: [Synth 8-7129] Port bram_addr_int[15] in module wrap_brst is either unconnected or has no load
WARNING: [Synth 8-7129] Port bram_addr_int[14] in module wrap_brst is either unconnected or has no load
WARNING: [Synth 8-7129] Port bram_addr_int[13] in module wrap_brst is either unconnected or has no load
WARNING: [Synth 8-7129] Port bram_addr_int[12] in module wrap_brst is either unconnected or has no load
WARNING: [Synth 8-7129] Port bram_addr_int[11] in module wrap_brst is either unconnected or has no load
WARNING: [Synth 8-7129] Port bram_addr_int[10] in module wrap_brst is either unconnected or has no load
WARNING: [Synth 8-7129] Port bram_addr_int[9] in module wrap_brst is either unconnected or has no load
WARNING: [Synth 8-7129] Port bram_addr_int[8] in module wrap_brst is either unconnected or has no load
WARNING: [Synth 8-7129] Port bram_addr_int[7] in module wrap_brst is either unconnected or has no load
WARNING: [Synth 8-7129] Port AXI_ARLOCK in module rd_chnl is either unconnected or has no load
WARNING: [Synth 8-7129] Port AXI_ARCACHE[3] in module rd_chnl is either unconnected or has no load
WARNING: [Synth 8-7129] Port AXI_ARCACHE[2] in module rd_chnl is either unconnected or has no load
WARNING: [Synth 8-7129] Port AXI_ARCACHE[1] in module rd_chnl is either unconnected or has no load
WARNING: [Synth 8-7129] Port AXI_ARCACHE[0] in module rd_chnl is either unconnected or has no load
WARNING: [Synth 8-7129] Port AXI_ARPROT[2] in module rd_chnl is either unconnected or has no load
WARNING: [Synth 8-7129] Port AXI_ARPROT[1] in module rd_chnl is either unconnected or has no load
WARNING: [Synth 8-7129] Port AXI_ARPROT[0] in module rd_chnl is either unconnected or has no load
WARNING: [Synth 8-7129] Port Enable_ECC in module rd_chnl is either unconnected or has no load
WARNING: [Synth 8-7129] Port Arb2AR_Active in module rd_chnl is either unconnected or has no load
WARNING: [Synth 8-7129] Port Sng_BRAM_Addr[19] in module rd_chnl is either unconnected or has no load
WARNING: [Synth 8-7129] Port Sng_BRAM_Addr[18] in module rd_chnl is either unconnected or has no load
WARNING: [Synth 8-7129] Port Sng_BRAM_Addr[17] in module rd_chnl is either unconnected or has no load
WARNING: [Synth 8-7129] Port Sng_BRAM_Addr[16] in module rd_chnl is either unconnected or has no load
WARNING: [Synth 8-7129] Port Sng_BRAM_Addr[15] in module rd_chnl is either unconnected or has no load
WARNING: [Synth 8-7129] Port Sng_BRAM_Addr[14] in module rd_chnl is either unconnected or has no load
WARNING: [Synth 8-7129] Port Sng_BRAM_Addr[13] in module rd_chnl is either unconnected or has no load
WARNING: [Synth 8-7129] Port Sng_BRAM_Addr[12] in module rd_chnl is either unconnected or has no load
WARNING: [Synth 8-7129] Port Sng_BRAM_Addr[11] in module rd_chnl is either unconnected or has no load
WARNING: [Synth 8-7129] Port Sng_BRAM_Addr[10] in module rd_chnl is either unconnected or has no load
WARNING: [Synth 8-7129] Port Sng_BRAM_Addr[9] in module rd_chnl is either unconnected or has no load
WARNING: [Synth 8-7129] Port Sng_BRAM_Addr[8] in module rd_chnl is either unconnected or has no load
WARNING: [Synth 8-7129] Port Sng_BRAM_Addr[7] in module rd_chnl is either unconnected or has no load
WARNING: [Synth 8-7129] Port Sng_BRAM_Addr[6] in module rd_chnl is either unconnected or has no load
WARNING: [Synth 8-7129] Port Sng_BRAM_Addr[5] in module rd_chnl is either unconnected or has no load
WARNING: [Synth 8-7129] Port Sng_BRAM_Addr[4] in module rd_chnl is either unconnected or has no load
WARNING: [Synth 8-7129] Port Sng_BRAM_Addr[3] in module rd_chnl is either unconnected or has no load
WARNING: [Synth 8-7129] Port Sng_arb_Arready in module rd_chnl is either unconnected or has no load
WARNING: [Synth 8-7129] Port AXI_AWLOCK in module wr_chnl is either unconnected or has no load
WARNING: [Synth 8-7129] Port AXI_AWCACHE[3] in module wr_chnl is either unconnected or has no load
WARNING: [Synth 8-7129] Port AXI_AWCACHE[2] in module wr_chnl is either unconnected or has no load
WARNING: [Synth 8-7129] Port AXI_AWCACHE[1] in module wr_chnl is either unconnected or has no load
WARNING: [Synth 8-7129] Port AXI_AWCACHE[0] in module wr_chnl is either unconnected or has no load
WARNING: [Synth 8-7129] Port AXI_AWPROT[2] in module wr_chnl is either unconnected or has no load
WARNING: [Synth 8-7129] Port AXI_AWPROT[1] in module wr_chnl is either unconnected or has no load
WARNING: [Synth 8-7129] Port AXI_AWPROT[0] in module wr_chnl is either unconnected or has no load
WARNING: [Synth 8-7129] Port Enable_ECC in module wr_chnl is either unconnected or has no load
WARNING: [Synth 8-7129] Port FaultInjectData[63] in module wr_chnl is either unconnected or has no load
WARNING: [Synth 8-7129] Port FaultInjectData[62] in module wr_chnl is either unconnected or has no load
WARNING: [Synth 8-7129] Port FaultInjectData[61] in module wr_chnl is either unconnected or has no load
WARNING: [Synth 8-7129] Port FaultInjectData[60] in module wr_chnl is either unconnected or has no load
WARNING: [Synth 8-7129] Port FaultInjectData[59] in module wr_chnl is either unconnected or has no load
WARNING: [Synth 8-7129] Port FaultInjectData[58] in module wr_chnl is either unconnected or has no load
WARNING: [Synth 8-7129] Port FaultInjectData[57] in module wr_chnl is either unconnected or has no load
WARNING: [Synth 8-7129] Port FaultInjectData[56] in module wr_chnl is either unconnected or has no load
WARNING: [Synth 8-7129] Port FaultInjectData[55] in module wr_chnl is either unconnected or has no load
WARNING: [Synth 8-7129] Port FaultInjectData[54] in module wr_chnl is either unconnected or has no load
WARNING: [Synth 8-7129] Port FaultInjectData[53] in module wr_chnl is either unconnected or has no load
WARNING: [Synth 8-7129] Port FaultInjectData[52] in module wr_chnl is either unconnected or has no load
WARNING: [Synth 8-7129] Port FaultInjectData[51] in module wr_chnl is either unconnected or has no load
WARNING: [Synth 8-7129] Port FaultInjectData[50] in module wr_chnl is either unconnected or has no load
WARNING: [Synth 8-7129] Port FaultInjectData[49] in module wr_chnl is either unconnected or has no load
WARNING: [Synth 8-7129] Port FaultInjectData[48] in module wr_chnl is either unconnected or has no load
WARNING: [Synth 8-7129] Port FaultInjectData[47] in module wr_chnl is either unconnected or has no load
WARNING: [Synth 8-7129] Port FaultInjectData[46] in module wr_chnl is either unconnected or has no load
WARNING: [Synth 8-7129] Port FaultInjectData[45] in module wr_chnl is either unconnected or has no load
WARNING: [Synth 8-7129] Port FaultInjectData[44] in module wr_chnl is either unconnected or has no load
WARNING: [Synth 8-7129] Port FaultInjectData[43] in module wr_chnl is either unconnected or has no load
WARNING: [Synth 8-7129] Port FaultInjectData[42] in module wr_chnl is either unconnected or has no load
WARNING: [Synth 8-7129] Port FaultInjectData[41] in module wr_chnl is either unconnected or has no load
WARNING: [Synth 8-7129] Port FaultInjectData[40] in module wr_chnl is either unconnected or has no load
WARNING: [Synth 8-7129] Port FaultInjectData[39] in module wr_chnl is either unconnected or has no load
WARNING: [Synth 8-7129] Port FaultInjectData[38] in module wr_chnl is either unconnected or has no load
WARNING: [Synth 8-7129] Port FaultInjectData[37] in module wr_chnl is either unconnected or has no load
WARNING: [Synth 8-7129] Port FaultInjectData[36] in module wr_chnl is either unconnected or has no load
WARNING: [Synth 8-7129] Port FaultInjectData[35] in module wr_chnl is either unconnected or has no load
WARNING: [Synth 8-7129] Port FaultInjectData[34] in module wr_chnl is either unconnected or has no load
WARNING: [Synth 8-7129] Port FaultInjectData[33] in module wr_chnl is either unconnected or has no load
WARNING: [Synth 8-7129] Port FaultInjectData[32] in module wr_chnl is either unconnected or has no load
WARNING: [Synth 8-7129] Port FaultInjectData[31] in module wr_chnl is either unconnected or has no load
WARNING: [Synth 8-7129] Port FaultInjectData[30] in module wr_chnl is either unconnected or has no load
WARNING: [Synth 8-7129] Port FaultInjectData[29] in module wr_chnl is either unconnected or has no load
WARNING: [Synth 8-7129] Port FaultInjectData[28] in module wr_chnl is either unconnected or has no load
WARNING: [Synth 8-7129] Port FaultInjectData[27] in module wr_chnl is either unconnected or has no load
WARNING: [Synth 8-7129] Port FaultInjectData[26] in module wr_chnl is either unconnected or has no load
WARNING: [Synth 8-7129] Port FaultInjectData[25] in module wr_chnl is either unconnected or has no load
WARNING: [Synth 8-7129] Port FaultInjectData[24] in module wr_chnl is either unconnected or has no load
WARNING: [Synth 8-7129] Port FaultInjectData[23] in module wr_chnl is either unconnected or has no load
WARNING: [Synth 8-7129] Port FaultInjectData[22] in module wr_chnl is either unconnected or has no load
WARNING: [Synth 8-7129] Port FaultInjectData[21] in module wr_chnl is either unconnected or has no load
WARNING: [Synth 8-7129] Port FaultInjectData[20] in module wr_chnl is either unconnected or has no load
WARNING: [Synth 8-7129] Port FaultInjectData[19] in module wr_chnl is either unconnected or has no load
INFO: [Common 17-14] Message 'Synth 8-7129' appears 100 times and further instances of the messages will be disabled. Use the Tcl command set_msg_config to change the current settings.
---------------------------------------------------------------------------------
Finished RTL Elaboration : Time (s): cpu = 00:00:04 ; elapsed = 00:00:11 . Memory (MB): peak = 3129.004 ; gain = 478.430
---------------------------------------------------------------------------------
---------------------------------------------------------------------------------
Start Handling Custom Attributes
---------------------------------------------------------------------------------
---------------------------------------------------------------------------------
Finished Handling Custom Attributes : Time (s): cpu = 00:00:04 ; elapsed = 00:00:11 . Memory (MB): peak = 3146.926 ; gain = 496.352
---------------------------------------------------------------------------------
---------------------------------------------------------------------------------
Finished RTL Optimization Phase 1 : Time (s): cpu = 00:00:04 ; elapsed = 00:00:11 . Memory (MB): peak = 3146.926 ; gain = 496.352
---------------------------------------------------------------------------------
Netlist sorting complete. Time (s): cpu = 00:00:00 ; elapsed = 00:00:00.038 . Memory (MB): peak = 3158.961 ; gain = 0.000
INFO: [Netlist 29-17] Analyzing 9 Unisim elements for replacement
INFO: [Netlist 29-28] Unisim Transformation completed in 0 CPU seconds
INFO: [Project 1-570] Preparing netlist for logic optimization

Processing XDC Constraints
Initializing timing engine
Parsing XDC File [e:/vivao_workspace/fft_dma/719C_AXI_DMA_0915/719C_AXI_DMA_0915.gen/sources_1/bd/ps_dma_fft/ip/ps_dma_fft_axi_bram_ctrl_0_0/ps_dma_fft_axi_bram_ctrl_0_0_ooc.xdc] for cell 'U0'
create_clock: Time (s): cpu = 00:00:01 ; elapsed = 00:00:05 . Memory (MB): peak = 3274.973 ; gain = 0.004
Finished Parsing XDC File [e:/vivao_workspace/fft_dma/719C_AXI_DMA_0915/719C_AXI_DMA_0915.gen/sources_1/bd/ps_dma_fft/ip/ps_dma_fft_axi_bram_ctrl_0_0/ps_dma_fft_axi_bram_ctrl_0_0_ooc.xdc] for cell 'U0'
Parsing XDC File [E:/vivao_workspace/fft_dma/719C_AXI_DMA_0915/719C_AXI_DMA_0915.runs/ps_dma_fft_axi_bram_ctrl_0_0_synth_1/dont_touch.xdc]
Finished Parsing XDC File [E:/vivao_workspace/fft_dma/719C_AXI_DMA_0915/719C_AXI_DMA_0915.runs/ps_dma_fft_axi_bram_ctrl_0_0_synth_1/dont_touch.xdc]
Completed Processing XDC Constraints

Netlist sorting complete. Time (s): cpu = 00:00:00 ; elapsed = 00:00:00 . Memory (MB): peak = 3274.973 ; gain = 0.000
INFO: [Project 1-111] Unisim Transformation Summary:
  A total of 5 instances were transformed.
  FDR => FDRE: 1 instance 
  MUXCY_L => MUXCY: 4 instances

Constraint Validation Runtime : Time (s): cpu = 00:00:00 ; elapsed = 00:00:00.053 . Memory (MB): peak = 3274.973 ; gain = 0.000
INFO: [Designutils 20-5008] Incremental synthesis strategy off
---------------------------------------------------------------------------------
Finished Constraint Validation : Time (s): cpu = 00:00:09 ; elapsed = 00:00:26 . Memory (MB): peak = 3274.973 ; gain = 624.398
---------------------------------------------------------------------------------
---------------------------------------------------------------------------------
Start Loading Part and Timing Information
---------------------------------------------------------------------------------
Loading part: xczu19eg_SE-ffvc1760-2-i
INFO: [Synth 8-6742] Reading net delay rules and data
---------------------------------------------------------------------------------
Finished Loading Part and Timing Information : Time (s): cpu = 00:00:09 ; elapsed = 00:00:26 . Memory (MB): peak = 3274.973 ; gain = 624.398
---------------------------------------------------------------------------------
---------------------------------------------------------------------------------
Start Applying 'set_property' XDC Constraints
---------------------------------------------------------------------------------
Applied set_property KEEP_HIERARCHY = SOFT for U0. (constraint file  E:/vivao_workspace/fft_dma/719C_AXI_DMA_0915/719C_AXI_DMA_0915.runs/ps_dma_fft_axi_bram_ctrl_0_0_synth_1/dont_touch.xdc, line 9).
---------------------------------------------------------------------------------
Finished applying 'set_property' XDC Constraints : Time (s): cpu = 00:00:09 ; elapsed = 00:00:26 . Memory (MB): peak = 3274.973 ; gain = 624.398
---------------------------------------------------------------------------------
INFO: [Synth 8-802] inferred FSM for state register 'GEN_WDATA_SM_NO_ECC_DUAL_REG_WREADY.wr_data_sm_cs_reg' in module 'wr_chnl'
INFO: [Synth 8-802] inferred FSM for state register 'GEN_NO_RD_CMD_OPT.GEN_AR_DUAL.rd_addr_sm_cs_reg' in module 'rd_chnl'
INFO: [Synth 8-802] inferred FSM for state register 'GEN_NO_RD_CMD_OPT.rd_data_sm_cs_reg' in module 'rd_chnl'
INFO: [Synth 8-802] inferred FSM for state register 'GEN_NO_RD_CMD_OPT.rlast_sm_cs_reg' in module 'rd_chnl'
---------------------------------------------------------------------------------------------------
                   State |                     New Encoding |                Previous Encoding 
---------------------------------------------------------------------------------------------------
                    idle |                              000 |                              000
               w8_awaddr |                              001 |                              001
            brst_wr_data |                              010 |                              011
          b2b_w8_wr_data |                              011 |                              100
             sng_wr_data |                              100 |                              010
---------------------------------------------------------------------------------------------------
INFO: [Synth 8-3354] encoded FSM with state register 'GEN_WDATA_SM_NO_ECC_DUAL_REG_WREADY.wr_data_sm_cs_reg' using encoding 'sequential' in module 'wr_chnl'
---------------------------------------------------------------------------------------------------
                   State |                     New Encoding |                Previous Encoding 
---------------------------------------------------------------------------------------------------
                    idle |                                0 |                               00
               ld_araddr |                                1 |                               10
---------------------------------------------------------------------------------------------------
INFO: [Synth 8-3354] encoded FSM with state register 'GEN_NO_RD_CMD_OPT.GEN_AR_DUAL.rd_addr_sm_cs_reg' using encoding 'sequential' in module 'rd_chnl'
---------------------------------------------------------------------------------------------------
                   State |                     New Encoding |                Previous Encoding 
---------------------------------------------------------------------------------------------------
                    idle |                              000 |                              000
          w8_throttle_b2 |                              001 |                              101
             w8_throttle |                              010 |                              010
        w8_2nd_last_data |                              011 |                              011
            w8_last_data |                              100 |                              100
---------------------------------------------------------------------------------------------------
INFO: [Synth 8-3354] encoded FSM with state register 'GEN_NO_RD_CMD_OPT.rlast_sm_cs_reg' using encoding 'sequential' in module 'rd_chnl'
---------------------------------------------------------------------------------------------------
                   State |                     New Encoding |                Previous Encoding 
---------------------------------------------------------------------------------------------------
                    idle |                             0000 |                             0000
                sng_addr |                             0001 |                             0011
                sec_addr |                             0010 |                             0100
               full_pipe |                             0011 |                             0101
           full_throttle |                             0100 |                             0110
               last_addr |                             0101 |                             0111
           last_throttle |                             0110 |                             1000
               last_data |                             0111 |                             1001
       last_data_ar_pend |                             1000 |                             1010
---------------------------------------------------------------------------------------------------
INFO: [Synth 8-3354] encoded FSM with state register 'GEN_NO_RD_CMD_OPT.rd_data_sm_cs_reg' using encoding 'sequential' in module 'rd_chnl'
---------------------------------------------------------------------------------
Finished RTL Optimization Phase 2 : Time (s): cpu = 00:00:09 ; elapsed = 00:00:27 . Memory (MB): peak = 3274.973 ; gain = 624.398
---------------------------------------------------------------------------------
---------------------------------------------------------------------------------
Start RTL Component Statistics 
---------------------------------------------------------------------------------
Detailed RTL Component Info : 
+---Adders : 
	   2 Input    9 Bit       Adders := 2     
	   2 Input    8 Bit       Adders := 1     
	   2 Input    3 Bit       Adders := 2     
+---XORs : 
	   2 Input      1 Bit         XORs := 4     
+---Registers : 
	               64 Bit    Registers := 1     
	               17 Bit    Registers := 2     
	               16 Bit    Registers := 2     
	                8 Bit    Registers := 4     
	                3 Bit    Registers := 5     
	                2 Bit    Registers := 4     
	                1 Bit    Registers := 234   
+---Muxes : 
	   2 Input   64 Bit        Muxes := 1     
	   5 Input   17 Bit        Muxes := 2     
	   2 Input   17 Bit        Muxes := 8     
	   2 Input    9 Bit        Muxes := 1     
	   2 Input    8 Bit        Muxes := 4     
	   9 Input    4 Bit        Muxes := 1     
	   2 Input    4 Bit        Muxes := 10    
	   4 Input    3 Bit        Muxes := 2     
	   5 Input    3 Bit        Muxes := 4     
	   2 Input    3 Bit        Muxes := 13    
	   3 Input    2 Bit        Muxes := 2     
	   4 Input    2 Bit        Muxes := 2     
	   2 Input    2 Bit        Muxes := 2     
	   2 Input    1 Bit        Muxes := 87    
	   5 Input    1 Bit        Muxes := 15    
	   3 Input    1 Bit        Muxes := 1     
	   9 Input    1 Bit        Muxes := 24    
---------------------------------------------------------------------------------
Finished RTL Component Statistics 
---------------------------------------------------------------------------------
---------------------------------------------------------------------------------
Start Part Resource Summary
---------------------------------------------------------------------------------
Part Resources:
DSPs: 1968 (col length:264)
BRAMs: 1968 (col length: RAMB18 264 RAMB36 132)
---------------------------------------------------------------------------------
Finished Part Resource Summary
---------------------------------------------------------------------------------
---------------------------------------------------------------------------------
Start Cross Boundary and Area Optimization
---------------------------------------------------------------------------------
WARNING: [Synth 8-7080] Parallel synthesis criteria is not met
INFO: [Synth 8-3332] Sequential element (gext_inst.abcv4_0_ext_inst/GEN_AXI4.I_FULL_AXI/I_WR_CHNL/BID_FIFO/Data_Exists_DFF) is unused and will be removed from module axi_bram_ctrl.
INFO: [Synth 8-3332] Sequential element (gext_inst.abcv4_0_ext_inst/GEN_AXI4.I_FULL_AXI/I_WR_CHNL/BID_FIFO/Addr_Counters[0].FDRE_I) is unused and will be removed from module axi_bram_ctrl.
INFO: [Synth 8-3332] Sequential element (gext_inst.abcv4_0_ext_inst/GEN_AXI4.I_FULL_AXI/I_WR_CHNL/BID_FIFO/Addr_Counters[1].FDRE_I) is unused and will be removed from module axi_bram_ctrl.
INFO: [Synth 8-3332] Sequential element (gext_inst.abcv4_0_ext_inst/GEN_AXI4.I_FULL_AXI/I_WR_CHNL/BID_FIFO/Addr_Counters[2].FDRE_I) is unused and will be removed from module axi_bram_ctrl.
INFO: [Synth 8-3332] Sequential element (gext_inst.abcv4_0_ext_inst/GEN_AXI4.I_FULL_AXI/I_WR_CHNL/BID_FIFO/Addr_Counters[3].FDRE_I) is unused and will be removed from module axi_bram_ctrl.
---------------------------------------------------------------------------------
Finished Cross Boundary and Area Optimization : Time (s): cpu = 00:00:11 ; elapsed = 00:00:30 . Memory (MB): peak = 3274.973 ; gain = 624.398
---------------------------------------------------------------------------------
---------------------------------------------------------------------------------
Start Applying XDC Timing Constraints
---------------------------------------------------------------------------------
---------------------------------------------------------------------------------
Finished Applying XDC Timing Constraints : Time (s): cpu = 00:00:16 ; elapsed = 00:00:49 . Memory (MB): peak = 3698.953 ; gain = 1048.379
---------------------------------------------------------------------------------
---------------------------------------------------------------------------------
Start Timing Optimization
---------------------------------------------------------------------------------
---------------------------------------------------------------------------------
Finished Timing Optimization : Time (s): cpu = 00:00:17 ; elapsed = 00:00:51 . Memory (MB): peak = 3751.637 ; gain = 1101.062
---------------------------------------------------------------------------------
---------------------------------------------------------------------------------
Start Technology Mapping
---------------------------------------------------------------------------------
---------------------------------------------------------------------------------
Finished Technology Mapping : Time (s): cpu = 00:00:17 ; elapsed = 00:00:51 . Memory (MB): peak = 3770.199 ; gain = 1119.625
---------------------------------------------------------------------------------
---------------------------------------------------------------------------------
Start IO Insertion
---------------------------------------------------------------------------------
---------------------------------------------------------------------------------
Start Flattening Before IO Insertion
---------------------------------------------------------------------------------
---------------------------------------------------------------------------------
Finished Flattening Before IO Insertion
---------------------------------------------------------------------------------
---------------------------------------------------------------------------------
Start Final Netlist Cleanup
---------------------------------------------------------------------------------
---------------------------------------------------------------------------------
Finished Final Netlist Cleanup
---------------------------------------------------------------------------------
---------------------------------------------------------------------------------
Finished IO Insertion : Time (s): cpu = 00:00:19 ; elapsed = 00:00:55 . Memory (MB): peak = 3770.199 ; gain = 1119.625
---------------------------------------------------------------------------------
---------------------------------------------------------------------------------
Start Renaming Generated Instances
---------------------------------------------------------------------------------
---------------------------------------------------------------------------------
Finished Renaming Generated Instances : Time (s): cpu = 00:00:19 ; elapsed = 00:00:55 . Memory (MB): peak = 3770.199 ; gain = 1119.625
---------------------------------------------------------------------------------
---------------------------------------------------------------------------------
Start Rebuilding User Hierarchy
---------------------------------------------------------------------------------
---------------------------------------------------------------------------------
Finished Rebuilding User Hierarchy : Time (s): cpu = 00:00:19 ; elapsed = 00:00:55 . Memory (MB): peak = 3770.199 ; gain = 1119.625
---------------------------------------------------------------------------------
---------------------------------------------------------------------------------
Start Renaming Generated Ports
---------------------------------------------------------------------------------
---------------------------------------------------------------------------------
Finished Renaming Generated Ports : Time (s): cpu = 00:00:19 ; elapsed = 00:00:55 . Memory (MB): peak = 3770.199 ; gain = 1119.625
---------------------------------------------------------------------------------
---------------------------------------------------------------------------------
Start Handling Custom Attributes
---------------------------------------------------------------------------------
---------------------------------------------------------------------------------
Finished Handling Custom Attributes : Time (s): cpu = 00:00:19 ; elapsed = 00:00:55 . Memory (MB): peak = 3770.199 ; gain = 1119.625
---------------------------------------------------------------------------------
---------------------------------------------------------------------------------
Start Renaming Generated Nets
---------------------------------------------------------------------------------
---------------------------------------------------------------------------------
Finished Renaming Generated Nets : Time (s): cpu = 00:00:19 ; elapsed = 00:00:55 . Memory (MB): peak = 3770.199 ; gain = 1119.625
---------------------------------------------------------------------------------
---------------------------------------------------------------------------------
Start Writing Synthesis Report
---------------------------------------------------------------------------------

Report BlackBoxes: 
+-+--------------+----------+
| |BlackBox name |Instances |
+-+--------------+----------+
+-+--------------+----------+

Report Cell Usage: 
+------+-----+------+
|      |Cell |Count |
+------+-----+------+
|1     |LUT1 |     5|
|2     |LUT2 |    28|
|3     |LUT3 |   106|
|4     |LUT4 |    41|
|5     |LUT5 |    70|
|6     |LUT6 |   134|
|7     |FDRE |   402|
+------+-----+------+
---------------------------------------------------------------------------------
Finished Writing Synthesis Report : Time (s): cpu = 00:00:19 ; elapsed = 00:00:55 . Memory (MB): peak = 3770.199 ; gain = 1119.625
---------------------------------------------------------------------------------
Synthesis finished with 0 errors, 0 critical warnings and 188 warnings.
Synthesis Optimization Runtime : Time (s): cpu = 00:00:13 ; elapsed = 00:00:47 . Memory (MB): peak = 3770.199 ; gain = 991.578
Synthesis Optimization Complete : Time (s): cpu = 00:00:19 ; elapsed = 00:00:55 . Memory (MB): peak = 3770.199 ; gain = 1119.625
INFO: [Project 1-571] Translating synthesized netlist
Netlist sorting complete. Time (s): cpu = 00:00:00 ; elapsed = 00:00:00.021 . Memory (MB): peak = 3770.199 ; gain = 0.000
INFO: [Project 1-570] Preparing netlist for logic optimization
INFO: [Opt 31-138] Pushed 0 inverter(s) to 0 load pin(s).
Netlist sorting complete. Time (s): cpu = 00:00:00 ; elapsed = 00:00:00 . Memory (MB): peak = 3821.188 ; gain = 0.000
INFO: [Project 1-111] Unisim Transformation Summary:
No Unisim elements were transformed.

Synth Design complete | Checksum: 63fb47c1
INFO: [Common 17-83] Releasing license: Synthesis
75 Infos, 108 Warnings, 0 Critical Warnings and 0 Errors encountered.
synth_design completed successfully
synth_design: Time (s): cpu = 00:00:24 ; elapsed = 00:01:14 . Memory (MB): peak = 3821.188 ; gain = 2365.406
INFO: [Common 17-1381] The checkpoint 'E:/vivao_workspace/fft_dma/719C_AXI_DMA_0915/719C_AXI_DMA_0915.runs/ps_dma_fft_axi_bram_ctrl_0_0_synth_1/ps_dma_fft_axi_bram_ctrl_0_0.dcp' has been generated.
INFO: [Coretcl 2-1648] Added synthesis output to IP cache for IP ps_dma_fft_axi_bram_ctrl_0_0, cache-ID = 5d78868a416a0e02
INFO: [Coretcl 2-1174] Renamed 7 cell refs.
INFO: [Common 17-1381] The checkpoint 'E:/vivao_workspace/fft_dma/719C_AXI_DMA_0915/719C_AXI_DMA_0915.runs/ps_dma_fft_axi_bram_ctrl_0_0_synth_1/ps_dma_fft_axi_bram_ctrl_0_0.dcp' has been generated.
INFO: [runtcl-4] Executing : report_utilization -file ps_dma_fft_axi_bram_ctrl_0_0_utilization_synth.rpt -pb ps_dma_fft_axi_bram_ctrl_0_0_utilization_synth.pb
INFO: [Common 17-206] Exiting Vivado at Wed Sep 16 15:37:01 2026...
