
*** Running vivado
    with args -log system_system_ila_0_0.vds -m64 -product Vivado -mode batch -messageDb vivado.pb -notrace -source system_system_ila_0_0.tcl



****** Vivado v2023.1 (64-bit)
  **** SW Build 3865809 on Sun May  7 15:05:29 MDT 2023
  **** IP Build 3864474 on Sun May  7 20:36:21 MDT 2023
  **** SharedData Build 3865790 on Sun May 07 13:33:03 MDT 2023
    ** Copyright 1986-2022 Xilinx, Inc. All Rights Reserved.
    ** Copyright 2022-2023 Advanced Micro Devices, Inc. All Rights Reserved.

source system_system_ila_0_0.tcl -notrace
create_project: Time (s): cpu = 00:00:01 ; elapsed = 00:00:09 . Memory (MB): peak = 1380.664 ; gain = 159.961
INFO: [IP_Flow 19-234] Refreshing IP repositories
INFO: [IP_Flow 19-1700] Loaded user IP repository 'e:/vivao_workspace/SystemC/pl_reg_acc_conv'.
INFO: [IP_Flow 19-2313] Loaded Vivado IP repository 'C:/Xilinx/Vivado/2023.1/data/ip'.
INFO: [IP_Flow 19-6924] IPCACHE: Running cache check for IP inst: system_system_ila_0_0
INFO: [IP_Flow 19-6922] IPCACHE: Exporting cached entry b379a447c82da7b6 to dir: E:/vivao_workspace/SystemC/719C_PL_CONV_ACC/719C_PL_CONV_ACC.runs/system_system_ila_0_0_synth_1
INFO: [IP_Flow 19-6928] IPCACHE: copied cached file e:/vivao_workspace/SystemC/719C_PL_CONV_ACC/719C_PL_CONV_ACC.cache/ip/2023.1/b/3/b379a447c82da7b6/system_system_ila_0_0.dcp to E:/vivao_workspace/SystemC/719C_PL_CONV_ACC/719C_PL_CONV_ACC.runs/system_system_ila_0_0_synth_1/system_system_ila_0_0.dcp.
INFO: [IP_Flow 19-6928] IPCACHE: copied cached file e:/vivao_workspace/SystemC/719C_PL_CONV_ACC/719C_PL_CONV_ACC.cache/ip/2023.1/b/3/b379a447c82da7b6/system_system_ila_0_0_sim_netlist.v to E:/vivao_workspace/SystemC/719C_PL_CONV_ACC/719C_PL_CONV_ACC.runs/system_system_ila_0_0_synth_1/system_system_ila_0_0_sim_netlist.v.
INFO: [IP_Flow 19-6928] IPCACHE: copied cached file e:/vivao_workspace/SystemC/719C_PL_CONV_ACC/719C_PL_CONV_ACC.cache/ip/2023.1/b/3/b379a447c82da7b6/system_system_ila_0_0_sim_netlist.vhdl to E:/vivao_workspace/SystemC/719C_PL_CONV_ACC/719C_PL_CONV_ACC.runs/system_system_ila_0_0_synth_1/system_system_ila_0_0_sim_netlist.vhdl.
INFO: [IP_Flow 19-6928] IPCACHE: copied cached file e:/vivao_workspace/SystemC/719C_PL_CONV_ACC/719C_PL_CONV_ACC.cache/ip/2023.1/b/3/b379a447c82da7b6/system_system_ila_0_0_stub.v to E:/vivao_workspace/SystemC/719C_PL_CONV_ACC/719C_PL_CONV_ACC.runs/system_system_ila_0_0_synth_1/system_system_ila_0_0_stub.v.
INFO: [IP_Flow 19-6928] IPCACHE: copied cached file e:/vivao_workspace/SystemC/719C_PL_CONV_ACC/719C_PL_CONV_ACC.cache/ip/2023.1/b/3/b379a447c82da7b6/system_system_ila_0_0_stub.vhdl to E:/vivao_workspace/SystemC/719C_PL_CONV_ACC/719C_PL_CONV_ACC.runs/system_system_ila_0_0_synth_1/system_system_ila_0_0_stub.vhdl.
INFO: [IP_Flow 19-4838] Using cached IP synthesis design for IP system_system_ila_0_0, cache-ID = b379a447c82da7b6.
config_ip_cache: Time (s): cpu = 00:00:01 ; elapsed = 00:00:05 . Memory (MB): peak = 1473.055 ; gain = 0.000
INFO: [Common 17-206] Exiting Vivado at Mon Sep 21 11:27:02 2026...
