
*** Running vivado
    with args -log system_pl_reg0_v1_0_0_0.vds -m64 -product Vivado -mode batch -messageDb vivado.pb -notrace -source system_pl_reg0_v1_0_0_0.tcl



****** Vivado v2023.1 (64-bit)
  **** SW Build 3865809 on Sun May  7 15:05:29 MDT 2023
  **** IP Build 3864474 on Sun May  7 20:36:21 MDT 2023
  **** SharedData Build 3865790 on Sun May 07 13:33:03 MDT 2023
    ** Copyright 1986-2022 Xilinx, Inc. All Rights Reserved.
    ** Copyright 2022-2023 Advanced Micro Devices, Inc. All Rights Reserved.

source system_pl_reg0_v1_0_0_0.tcl -notrace
create_project: Time (s): cpu = 00:00:04 ; elapsed = 00:00:13 . Memory (MB): peak = 1382.637 ; gain = 160.910
INFO: [IP_Flow 19-234] Refreshing IP repositories
INFO: [IP_Flow 19-1700] Loaded user IP repository 'e:/vivao_workspace/SystemC/pl_reg_acc_conv'.
INFO: [IP_Flow 19-2313] Loaded Vivado IP repository 'C:/Xilinx/Vivado/2023.1/data/ip'.
update_ip_catalog: Time (s): cpu = 00:00:02 ; elapsed = 00:00:05 . Memory (MB): peak = 1424.555 ; gain = 41.918
INFO: [IP_Flow 19-6924] IPCACHE: Running cache check for IP inst: system_pl_reg0_v1_0_0_0
Command: synth_design -top system_pl_reg0_v1_0_0_0 -part xczu19eg_SE-ffvc1760-2-i -incremental_mode off -mode out_of_context
Starting synth_design
Attempting to get a license for feature 'Synthesis' and/or device 'xczu19eg_SE'
INFO: [Common 17-349] Got license for feature 'Synthesis' and/or device 'xczu19eg_SE'
INFO: [Device 21-403] Loading part xczu19eg_SE-ffvc1760-2-i
WARNING: [Device 21-425] Part: xczu19eg_se is not listed in special parts list.
INFO: [Synth 8-7079] Multithreading enabled for synth_design using a maximum of 2 processes.
INFO: [Synth 8-7078] Launching helper process for spawning children vivado processes
INFO: [Synth 8-7075] Helper process launched with PID 96104
---------------------------------------------------------------------------------
Starting RTL Elaboration : Time (s): cpu = 00:00:05 ; elapsed = 00:00:11 . Memory (MB): peak = 3007.973 ; gain = 356.742
---------------------------------------------------------------------------------
INFO: [Synth 8-6157] synthesizing module 'system_pl_reg0_v1_0_0_0' [e:/vivao_workspace/SystemC/719C_PL_CONV_ACC/719C_PL_CONV_ACC.gen/sources_1/bd/system/ip/system_pl_reg0_v1_0_0_0/synth/system_pl_reg0_v1_0_0_0.v:53]
INFO: [Synth 8-6157] synthesizing module 'pl_reg0_v1_0' [e:/vivao_workspace/SystemC/719C_PL_CONV_ACC/719C_PL_CONV_ACC.gen/sources_1/bd/system/ipshared/937d/pl_reg_acc_conv.srcs/sources_1/imports/hdl/pl_reg0_v1_0.v:4]
INFO: [Synth 8-6157] synthesizing module 'pl_reg0_v1_0_S00_AXI' [e:/vivao_workspace/SystemC/719C_PL_CONV_ACC/719C_PL_CONV_ACC.gen/sources_1/bd/system/ipshared/937d/pl_reg_acc_conv.srcs/sources_1/imports/hdl/pl_reg0_v1_0_S00_AXI.v:4]
INFO: [Synth 8-226] default block is never used [e:/vivao_workspace/SystemC/719C_PL_CONV_ACC/719C_PL_CONV_ACC.gen/sources_1/bd/system/ipshared/937d/pl_reg_acc_conv.srcs/sources_1/imports/hdl/pl_reg0_v1_0_S00_AXI.v:357]
INFO: [Synth 8-6155] done synthesizing module 'pl_reg0_v1_0_S00_AXI' (0#1) [e:/vivao_workspace/SystemC/719C_PL_CONV_ACC/719C_PL_CONV_ACC.gen/sources_1/bd/system/ipshared/937d/pl_reg_acc_conv.srcs/sources_1/imports/hdl/pl_reg0_v1_0_S00_AXI.v:4]
INFO: [Synth 8-6155] done synthesizing module 'pl_reg0_v1_0' (0#1) [e:/vivao_workspace/SystemC/719C_PL_CONV_ACC/719C_PL_CONV_ACC.gen/sources_1/bd/system/ipshared/937d/pl_reg_acc_conv.srcs/sources_1/imports/hdl/pl_reg0_v1_0.v:4]
INFO: [Synth 8-6155] done synthesizing module 'system_pl_reg0_v1_0_0_0' (0#1) [e:/vivao_workspace/SystemC/719C_PL_CONV_ACC/719C_PL_CONV_ACC.gen/sources_1/bd/system/ip/system_pl_reg0_v1_0_0_0/synth/system_pl_reg0_v1_0_0_0.v:53]
WARNING: [Synth 8-7129] Port S_AXI_AWPROT[2] in module pl_reg0_v1_0_S00_AXI is either unconnected or has no load
WARNING: [Synth 8-7129] Port S_AXI_AWPROT[1] in module pl_reg0_v1_0_S00_AXI is either unconnected or has no load
WARNING: [Synth 8-7129] Port S_AXI_AWPROT[0] in module pl_reg0_v1_0_S00_AXI is either unconnected or has no load
WARNING: [Synth 8-7129] Port S_AXI_ARPROT[2] in module pl_reg0_v1_0_S00_AXI is either unconnected or has no load
WARNING: [Synth 8-7129] Port S_AXI_ARPROT[1] in module pl_reg0_v1_0_S00_AXI is either unconnected or has no load
WARNING: [Synth 8-7129] Port S_AXI_ARPROT[0] in module pl_reg0_v1_0_S00_AXI is either unconnected or has no load
---------------------------------------------------------------------------------
Finished RTL Elaboration : Time (s): cpu = 00:00:06 ; elapsed = 00:00:14 . Memory (MB): peak = 3105.395 ; gain = 454.164
---------------------------------------------------------------------------------
---------------------------------------------------------------------------------
Start Handling Custom Attributes
---------------------------------------------------------------------------------
---------------------------------------------------------------------------------
Finished Handling Custom Attributes : Time (s): cpu = 00:00:06 ; elapsed = 00:00:14 . Memory (MB): peak = 3123.320 ; gain = 472.090
---------------------------------------------------------------------------------
---------------------------------------------------------------------------------
Finished RTL Optimization Phase 1 : Time (s): cpu = 00:00:06 ; elapsed = 00:00:14 . Memory (MB): peak = 3123.320 ; gain = 472.090
---------------------------------------------------------------------------------
Netlist sorting complete. Time (s): cpu = 00:00:00 ; elapsed = 00:00:00.011 . Memory (MB): peak = 3123.320 ; gain = 0.000
INFO: [Project 1-570] Preparing netlist for logic optimization

Processing XDC Constraints
Initializing timing engine
Completed Processing XDC Constraints

Netlist sorting complete. Time (s): cpu = 00:00:00 ; elapsed = 00:00:00 . Memory (MB): peak = 3221.309 ; gain = 0.000
INFO: [Project 1-111] Unisim Transformation Summary:
No Unisim elements were transformed.

Constraint Validation Runtime : Time (s): cpu = 00:00:00 ; elapsed = 00:00:00.064 . Memory (MB): peak = 3239.195 ; gain = 17.887
INFO: [Designutils 20-5008] Incremental synthesis strategy off
---------------------------------------------------------------------------------
Finished Constraint Validation : Time (s): cpu = 00:00:09 ; elapsed = 00:00:26 . Memory (MB): peak = 3239.195 ; gain = 587.965
---------------------------------------------------------------------------------
---------------------------------------------------------------------------------
Start Loading Part and Timing Information
---------------------------------------------------------------------------------
Loading part: xczu19eg_SE-ffvc1760-2-i
INFO: [Synth 8-6742] Reading net delay rules and data
---------------------------------------------------------------------------------
Finished Loading Part and Timing Information : Time (s): cpu = 00:00:09 ; elapsed = 00:00:26 . Memory (MB): peak = 3239.195 ; gain = 587.965
---------------------------------------------------------------------------------
---------------------------------------------------------------------------------
Start Applying 'set_property' XDC Constraints
---------------------------------------------------------------------------------
---------------------------------------------------------------------------------
Finished applying 'set_property' XDC Constraints : Time (s): cpu = 00:00:09 ; elapsed = 00:00:26 . Memory (MB): peak = 3239.195 ; gain = 587.965
---------------------------------------------------------------------------------
---------------------------------------------------------------------------------
Finished RTL Optimization Phase 2 : Time (s): cpu = 00:00:09 ; elapsed = 00:00:27 . Memory (MB): peak = 3239.195 ; gain = 587.965
---------------------------------------------------------------------------------
---------------------------------------------------------------------------------
Start RTL Component Statistics 
---------------------------------------------------------------------------------
Detailed RTL Component Info : 
+---Registers : 
	               32 Bit    Registers := 5     
	                4 Bit    Registers := 2     
	                2 Bit    Registers := 2     
	                1 Bit    Registers := 6     
+---Muxes : 
	   2 Input   32 Bit        Muxes := 6     
	   4 Input   32 Bit        Muxes := 1     
	   2 Input    1 Bit        Muxes := 5     
---------------------------------------------------------------------------------
Finished RTL Component Statistics 
---------------------------------------------------------------------------------
---------------------------------------------------------------------------------
Start Part Resource Summary
---------------------------------------------------------------------------------
Part Resources:
DSPs: 1968 (col length:264)
BRAMs: 1968 (col length: RAMB18 264 RAMB36 132)
---------------------------------------------------------------------------------
Finished Part Resource Summary
---------------------------------------------------------------------------------
---------------------------------------------------------------------------------
Start Cross Boundary and Area Optimization
---------------------------------------------------------------------------------
WARNING: [Synth 8-7080] Parallel synthesis criteria is not met
WARNING: [Synth 8-7129] Port s00_axi_awprot[2] in module system_pl_reg0_v1_0_0_0 is either unconnected or has no load
WARNING: [Synth 8-7129] Port s00_axi_awprot[1] in module system_pl_reg0_v1_0_0_0 is either unconnected or has no load
WARNING: [Synth 8-7129] Port s00_axi_awprot[0] in module system_pl_reg0_v1_0_0_0 is either unconnected or has no load
WARNING: [Synth 8-7129] Port s00_axi_arprot[2] in module system_pl_reg0_v1_0_0_0 is either unconnected or has no load
WARNING: [Synth 8-7129] Port s00_axi_arprot[1] in module system_pl_reg0_v1_0_0_0 is either unconnected or has no load
WARNING: [Synth 8-7129] Port s00_axi_arprot[0] in module system_pl_reg0_v1_0_0_0 is either unconnected or has no load
---------------------------------------------------------------------------------
Finished Cross Boundary and Area Optimization : Time (s): cpu = 00:00:09 ; elapsed = 00:00:29 . Memory (MB): peak = 3239.195 ; gain = 587.965
---------------------------------------------------------------------------------
---------------------------------------------------------------------------------
Start Applying XDC Timing Constraints
---------------------------------------------------------------------------------
---------------------------------------------------------------------------------
Finished Applying XDC Timing Constraints : Time (s): cpu = 00:00:14 ; elapsed = 00:00:49 . Memory (MB): peak = 3697.066 ; gain = 1045.836
---------------------------------------------------------------------------------
---------------------------------------------------------------------------------
Start Timing Optimization
---------------------------------------------------------------------------------
---------------------------------------------------------------------------------
Finished Timing Optimization : Time (s): cpu = 00:00:14 ; elapsed = 00:00:49 . Memory (MB): peak = 3697.141 ; gain = 1045.910
---------------------------------------------------------------------------------
---------------------------------------------------------------------------------
Start Technology Mapping
---------------------------------------------------------------------------------
---------------------------------------------------------------------------------
Finished Technology Mapping : Time (s): cpu = 00:00:14 ; elapsed = 00:00:49 . Memory (MB): peak = 3707.633 ; gain = 1056.402
---------------------------------------------------------------------------------
---------------------------------------------------------------------------------
Start IO Insertion
---------------------------------------------------------------------------------
---------------------------------------------------------------------------------
Start Flattening Before IO Insertion
---------------------------------------------------------------------------------
---------------------------------------------------------------------------------
Finished Flattening Before IO Insertion
---------------------------------------------------------------------------------
---------------------------------------------------------------------------------
Start Final Netlist Cleanup
---------------------------------------------------------------------------------
---------------------------------------------------------------------------------
Finished Final Netlist Cleanup
---------------------------------------------------------------------------------
---------------------------------------------------------------------------------
Finished IO Insertion : Time (s): cpu = 00:00:15 ; elapsed = 00:00:54 . Memory (MB): peak = 3722.453 ; gain = 1071.223
---------------------------------------------------------------------------------
---------------------------------------------------------------------------------
Start Renaming Generated Instances
---------------------------------------------------------------------------------
---------------------------------------------------------------------------------
Finished Renaming Generated Instances : Time (s): cpu = 00:00:15 ; elapsed = 00:00:54 . Memory (MB): peak = 3722.453 ; gain = 1071.223
---------------------------------------------------------------------------------
---------------------------------------------------------------------------------
Start Rebuilding User Hierarchy
---------------------------------------------------------------------------------
---------------------------------------------------------------------------------
Finished Rebuilding User Hierarchy : Time (s): cpu = 00:00:15 ; elapsed = 00:00:54 . Memory (MB): peak = 3722.453 ; gain = 1071.223
---------------------------------------------------------------------------------
---------------------------------------------------------------------------------
Start Renaming Generated Ports
---------------------------------------------------------------------------------
---------------------------------------------------------------------------------
Finished Renaming Generated Ports : Time (s): cpu = 00:00:15 ; elapsed = 00:00:54 . Memory (MB): peak = 3722.453 ; gain = 1071.223
---------------------------------------------------------------------------------
---------------------------------------------------------------------------------
Start Handling Custom Attributes
---------------------------------------------------------------------------------
---------------------------------------------------------------------------------
Finished Handling Custom Attributes : Time (s): cpu = 00:00:15 ; elapsed = 00:00:54 . Memory (MB): peak = 3722.453 ; gain = 1071.223
---------------------------------------------------------------------------------
---------------------------------------------------------------------------------
Start Renaming Generated Nets
---------------------------------------------------------------------------------
---------------------------------------------------------------------------------
Finished Renaming Generated Nets : Time (s): cpu = 00:00:15 ; elapsed = 00:00:54 . Memory (MB): peak = 3722.453 ; gain = 1071.223
---------------------------------------------------------------------------------
---------------------------------------------------------------------------------
Start Writing Synthesis Report
---------------------------------------------------------------------------------

Report BlackBoxes: 
+-+--------------+----------+
| |BlackBox name |Instances |
+-+--------------+----------+
+-+--------------+----------+

Report Cell Usage: 
+------+-----+------+
|      |Cell |Count |
+------+-----+------+
|1     |LUT1 |     1|
|2     |LUT2 |     1|
|3     |LUT3 |     1|
|4     |LUT4 |    12|
|5     |LUT6 |    34|
|6     |FDRE |   169|
|7     |FDSE |     1|
+------+-----+------+
---------------------------------------------------------------------------------
Finished Writing Synthesis Report : Time (s): cpu = 00:00:15 ; elapsed = 00:00:54 . Memory (MB): peak = 3722.453 ; gain = 1071.223
---------------------------------------------------------------------------------
Synthesis finished with 0 errors, 0 critical warnings and 7 warnings.
Synthesis Optimization Runtime : Time (s): cpu = 00:00:08 ; elapsed = 00:00:50 . Memory (MB): peak = 3722.453 ; gain = 955.348
Synthesis Optimization Complete : Time (s): cpu = 00:00:15 ; elapsed = 00:00:54 . Memory (MB): peak = 3722.453 ; gain = 1071.223
INFO: [Project 1-571] Translating synthesized netlist
Netlist sorting complete. Time (s): cpu = 00:00:00 ; elapsed = 00:00:00.009 . Memory (MB): peak = 3734.508 ; gain = 0.000
INFO: [Project 1-570] Preparing netlist for logic optimization
INFO: [Opt 31-138] Pushed 0 inverter(s) to 0 load pin(s).
Netlist sorting complete. Time (s): cpu = 00:00:00 ; elapsed = 00:00:00.001 . Memory (MB): peak = 3781.164 ; gain = 0.000
INFO: [Project 1-111] Unisim Transformation Summary:
No Unisim elements were transformed.

Synth Design complete | Checksum: 8423ac84
INFO: [Common 17-83] Releasing license: Synthesis
25 Infos, 14 Warnings, 0 Critical Warnings and 0 Errors encountered.
synth_design completed successfully
synth_design: Time (s): cpu = 00:00:22 ; elapsed = 00:01:24 . Memory (MB): peak = 3781.164 ; gain = 2324.164
INFO: [Common 17-1381] The checkpoint 'E:/vivao_workspace/SystemC/719C_PL_CONV_ACC/719C_PL_CONV_ACC.runs/system_pl_reg0_v1_0_0_0_synth_1/system_pl_reg0_v1_0_0_0.dcp' has been generated.
INFO: [Coretcl 2-1648] Added synthesis output to IP cache for IP system_pl_reg0_v1_0_0_0, cache-ID = 8347892498deba32
INFO: [Coretcl 2-1174] Renamed 2 cell refs.
INFO: [Common 17-1381] The checkpoint 'E:/vivao_workspace/SystemC/719C_PL_CONV_ACC/719C_PL_CONV_ACC.runs/system_pl_reg0_v1_0_0_0_synth_1/system_pl_reg0_v1_0_0_0.dcp' has been generated.
INFO: [runtcl-4] Executing : report_utilization -file system_pl_reg0_v1_0_0_0_utilization_synth.rpt -pb system_pl_reg0_v1_0_0_0_utilization_synth.pb
INFO: [Common 17-206] Exiting Vivado at Fri Sep 18 22:03:48 2026...
